******************************************************************************
               TMS320C6x Linker PC v7.4.0                      
******************************************************************************
>> Linked Mon Mar 24 18:26:46 2014

OUTPUT FILE NAME:   <image_processing_openmp_evmc6678l.out>
ENTRY POINT SYMBOL: "_c_int00"  address: 0c0dd800


MEMORY CONFIGURATION

         name            origin    length      used     unused   attr    fill
----------------------  --------  ---------  --------  --------  ----  --------
  L2SRAM                00800000   00060000  0002e2ac  00031d54  RW X
  MSMCSRAM              0c000000   00200000  000de468  00121b98  RW X
  DDR3                  80000000   10000000  08000000  08000000  RW X
  DDR3_NOCACHE          90000000   10000000  01000000  0f000000  RW X
  MSMCSRAM_NOCACHE      a0200000   00200000  000522f4  001add0c  RW X


SEGMENT ALLOCATION MAP

run origin  load origin   length   init length attrs members
----------  ----------- ---------- ----------- ----- -------
00800000    00800000    0002e2ac   0002d188    rw-
  00800000    00800000    0002d188   0002d188    rw- .localfar
  0082d188    0082d188    00001000   00000000    rw- .stack
  0082e188    0082e188    00000120   00000000    rw- .cio
  0082e2a8    0082e2a8    00000004   00000000    rw- .tls_tp
0c000000    0c000000    00076700   00076700    r-x
  0c000000    0c000000    000766a0   000766a0    r-x .text
  0c0766a0    0c0766a0    00000060   00000060    r-- .const.1
0c076700    0c076700    00052b00   00000000    rw-
  0c076700    0c076700    00052b00   00000000    rw- .far:NDK_PACKETMEM
0c0c9200    0c0c9200    0000c4ae   0000c4ae    r--
  0c0c9200    0c0c9200    0000c4ae   0000c4ae    r-- .const.2
0c0d56b0    0c0d56b0    00000050   00000050    r--
  0c0d56b0    0c0d56b0    00000050   00000050    r-- .switch.1
0c0d5700    0c0d5700    00005488   00000000    rw-
  0c0d5700    0c0d5700    00004000   00000000    rw- .resmgr_memregion
  0c0d9700    0c0d9700    00001488   00000000    rw- .resmgr_pa
0c0dab88    0c0dab88    00001370   00001370    rw-
  0c0dab88    0c0dab88    00001370   00001370    rw- platform_lib
0c0dc8f8    0c0dc8f8    000003b8   000003b8    r--
  0c0dc8f8    0c0dc8f8    0000039c   0000039c    r-- .switch.2
  0c0dcc94    0c0dcc94    0000001c   0000001c    r-- .binit
0c0dcd00    0c0dcd00    00000318   00000318    rw-
  0c0dcd00    0c0dcd00    00000318   00000318    rw- .nimu_eth_ll2
0c0dd080    0c0dd080    000002a0   00000000    rw-
  0c0dd080    0c0dd080    00000200   00000000    rw- .cppi
  0c0dd280    0c0dd280    000000a0   00000000    rw- .resmgr_handles
0c0dd400    0c0dd400    00000200   00000200    r-x
  0c0dd400    0c0dd400    00000200   00000200    r-x .vecs
0c0dd800    0c0dd800    0000100c   0000100c    r-x
  0c0dd800    0c0dd800    000000a0   000000a0    r-x .text:_c_int00
  0c0dd8a0    0c0dd8a0    00000f6c   00000f6c    r-- .cinit
80000000    80000000    08000000   00000000    rw-
  80000000    80000000    08000000   00000000    rw- ddr_heap
a0230000    a0230000    000120ac   00000000    rw-
  a0230000    a0230000    000120ac   00000000    rw- .qmss.1
a02420b0    a02420b0    00000050   00000000    rw-
  a02420b0    a02420b0    00000050   00000000    rw- .far.1
a0242100    a0242100    0000f494   00000000    rw-
  a0242100    a0242100    00002400   00000000    rw- .qmss.2
  a0244500    a0244500    0000d094   00000000    rw- .far.2
a0251598    a0251598    00000006   00000006    rw-
  a0251598    a0251598    00000006   00000006    rw- gomp_data.1
a02515a0    0c0dbf00    000001a5   000001a5    rw-
  a02515a0    0c0dbf00    000001a5   000001a5    rw- .neardata
a0251750    0c0dc0b0    00000846   00000846    rw-
  a0251750    0c0dc0b0    00000846   00000846    rw- .fardata
a0251f98    a0251f98    00000328   000002a4    rw-
  a0251f98    a0251f98    000002a4   000002a4    rw- gomp_data.2
  a025223c    a025223c    00000084   00000000    rw- .bss
a02522c0    a02522c0    00000040   00000040    r--
  a02522c0    a02522c0    00000040   00000040    r-- .rodata


SECTION ALLOCATION MAP

 output                                  attributes/
section   page    origin      length       input sections
--------  ----  ----------  ----------   ----------------
.init_array 
*          0    00800000    00000000     UNINITIALIZED

.init_array 
*          0    a0200000    00000000     UNINITIALIZED

.localfar 
*          0    00800000    0002d188     
                  00800000    00028050     image_processing_openmp_evmc6678l_pe66.oe66 (.far) [fill = 0]
                  00828050    00003000     image_processing_openmp_evmc6678l_pe66.oe66 (.far:taskStackSection) [fill = 0]
                  0082b050    00000150     rts6600_elf_mt.lib : _mutex.obj (.far) [fill = 0]
                  0082b1a0    00000140                        : defs.obj (.far) [fill = 0]
                  0082b2e0    000000c8                        : getenv.obj (.far) [fill = 0]
                  0082b3a8    00000008                        : trgdrv.obj (.far) [fill = 0]
                  0082b3b0    00000800     image_processing_openmp_evmc6678l_pe66.oe66 (.fardata:ti_sdo_ipc_GateMP_Module_State_0_remoteCustom1Gates__A)
                  0082bbb0    00000778     image_processing_openmp_evmc6678l_pe66.oe66 (.fardata)
                  0082c328    00000180     image_processing_openmp_evmc6678l_pe66.oe66 (.fardata:ti_sysbios_timers_timer64_Timer_Module_State_0_device__A)
                  0082c4a8    00000118     image_processing_openmp_evmc6678l_pe66.oe66 (.fardata:ti_sdo_utils_NameServer_Object__table__V)
                  0082c5c0    000000e4     image_processing_openmp_evmc6678l_pe66.oe66 (.fardata:ti_sysbios_knl_Task_Object__table__V)
                  0082c6a4    00000004     --HOLE--
                  0082c6a8    000000a0     image_processing_openmp_evmc6678l_pe66.oe66 (.fardata:ti_sdo_ipc_Ipc_Module_State_0_procEntry__A)
                  0082c748    00000098     image_processing_openmp_evmc6678l_pe66.oe66 (.fardata:ti_sysbios_timers_timer64_Timer_Object__table__V)
                  0082c7e0    00000090     image_processing_openmp_evmc6678l_pe66.oe66 (.fardata:ti_sdo_ipc_SharedRegion_Module_State_0_regions__A)
                  0082c870    00000080     image_processing_openmp_evmc6678l_pe66.oe66 (.fardata:ti_sdo_ipc_GateMP_Module_State_0_remoteSystemGates__A)
                  0082c8f0    00000080     image_processing_openmp_evmc6678l_pe66.oe66 (.fardata:ti_sysbios_knl_Swi_Module_State_0_readyQ__A)
                  0082c970    00000080     image_processing_openmp_evmc6678l_pe66.oe66 (.fardata:ti_sysbios_knl_Task_Module_State_0_readyQ__A)
                  0082c9f0    00000080     image_processing_openmp_evmc6678l_pe66.oe66 (.fardata:ti_sysbios_timers_timer64_Timer_Module_State_0_gctrl__A)
                  0082ca70    00000080     image_processing_openmp_evmc6678l_pe66.oe66 (.fardata:ti_sysbios_timers_timer64_Timer_Module_State_0_handles__A)
                  0082caf0    00000080     image_processing_openmp_evmc6678l_pe66.oe66 (.fardata:ti_sysbios_timers_timer64_Timer_Module_State_0_intFreqs__A)
                  0082cb70    00000078     image_processing_openmp_evmc6678l_pe66.oe66 (.fardata:ti_sysbios_family_c64p_Hwi_Object__table__V)
                  0082cbe8    00000040     image_processing_openmp_evmc6678l_pe66.oe66 (.fardata:ti_sdo_ipc_MessageQ_Module_State_0_transports__A)
                  0082cc28    00000040     image_processing_openmp_evmc6678l_pe66.oe66 (.fardata:ti_sdo_ipc_family_c647x_Interrupt_Module_State_0_fxnTable__A)
                  0082cc68    00000040     image_processing_openmp_evmc6678l_pe66.oe66 (.fardata:ti_sysbios_gates_GateMutex_Object__table__V)
                  0082cca8    00000030     image_processing_openmp_evmc6678l_pe66.oe66 (.fardata:ti_sysbios_heaps_HeapMem_Object__table__V)
                  0082ccd8    00000030     image_processing_openmp_evmc6678l_pe66.oe66 (.fardata:ti_sysbios_knl_Swi_Object__table__V)
                  0082cd08    00000020     image_processing_openmp_evmc6678l_pe66.oe66 (.fardata:ti_sdo_ipc_MessageQ_Module_State_0_heaps__A)
                  0082cd28    00000020     image_processing_openmp_evmc6678l_pe66.oe66 (.fardata:ti_sdo_ipc_Notify_Module_State_0_notifyHandles__A)
                  0082cd48    00000020     image_processing_openmp_evmc6678l_pe66.oe66 (.fardata:ti_sdo_ipc_transports_TransportShmNotifySetup_Module_State_0_handles__A)
                  0082cd68    00000020     image_processing_openmp_evmc6678l_pe66.oe66 (.fardata:xdc_runtime_System_Module_State_0_atexitHandlers__A)
                  0082cd88    00000018     image_processing_openmp_evmc6678l_pe66.oe66 (.fardata:ti_sysbios_gates_GateMutexPri_Object__table__V)
                  0082cda0    00000010     image_processing_openmp_evmc6678l_pe66.oe66 (.fardata:ti_sysbios_gates_GateAll_Object__table__V)
                  0082cdb0    0000000c     image_processing_openmp_evmc6678l_pe66.oe66 (.fardata:ti_omp_utils_HeapOMP_Object__table__V)
                  0082cdbc    00000004     --HOLE--
                  0082cdc0    0000000c     image_processing_openmp_evmc6678l_pe66.oe66 (.fardata:ti_sysbios_gates_GateSwi_Object__table__V)
                  0082cdcc    00000004     --HOLE--
                  0082cdd0    00000008     image_processing_openmp_evmc6678l_pe66.oe66 (.fardata:ti_sysbios_hal_Hwi_Object__table__V)
                  0082cdd8    00000008     image_processing_openmp_evmc6678l_pe66.oe66 (.fardata:ti_sysbios_hal_Timer_Object__table__V)
                  0082cde0    00000004     image_processing_openmp_evmc6678l_pe66.oe66 (.fardata:ti_sdo_ipc_GateMP_Module_State_0_remoteCustom2Gates__A)
                  0082cde4    00000004     --HOLE--
                  0082cde8    00000004     image_processing_openmp_evmc6678l_pe66.oe66 (.fardata:ti_sdo_ipc_Notify_Module_State_0_notifyHandles_0__A)
                  0082cdec    00000004     --HOLE--
                  0082cdf0    00000004     image_processing_openmp_evmc6678l_pe66.oe66 (.fardata:ti_sdo_ipc_Notify_Module_State_0_notifyHandles_1__A)
                  0082cdf4    00000004     --HOLE--
                  0082cdf8    00000004     image_processing_openmp_evmc6678l_pe66.oe66 (.fardata:ti_sdo_ipc_Notify_Module_State_0_notifyHandles_2__A)
                  0082cdfc    00000004     --HOLE--
                  0082ce00    00000004     image_processing_openmp_evmc6678l_pe66.oe66 (.fardata:ti_sdo_ipc_Notify_Module_State_0_notifyHandles_3__A)
                  0082ce04    00000004     --HOLE--
                  0082ce08    00000004     image_processing_openmp_evmc6678l_pe66.oe66 (.fardata:ti_sdo_ipc_Notify_Module_State_0_notifyHandles_4__A)
                  0082ce0c    00000004     --HOLE--
                  0082ce10    00000004     image_processing_openmp_evmc6678l_pe66.oe66 (.fardata:ti_sdo_ipc_Notify_Module_State_0_notifyHandles_5__A)
                  0082ce14    00000004     --HOLE--
                  0082ce18    00000004     image_processing_openmp_evmc6678l_pe66.oe66 (.fardata:ti_sdo_ipc_Notify_Module_State_0_notifyHandles_6__A)
                  0082ce1c    00000004     --HOLE--
                  0082ce20    00000004     image_processing_openmp_evmc6678l_pe66.oe66 (.fardata:ti_sdo_ipc_Notify_Module_State_0_notifyHandles_7__A)
                  0082ce24    00000004     --HOLE--
                  0082ce28    00000004     image_processing_openmp_evmc6678l_pe66.oe66 (.fardata:ti_sysbios_gates_GateHwi_Object__table__V)
                  0082ce2c    00000004     --HOLE--
                  0082ce30    00000004     image_processing_openmp_evmc6678l_pe66.oe66 (.fardata:ti_sysbios_knl_Task_Module_State_0_idleTask__A)
                  0082ce34    00000004     --HOLE--
                  0082ce38    00000004     image_processing_openmp_evmc6678l_pe66.oe66 (.fardata:xdc_runtime_GateNull_Object__table__V)
                  0082ce3c    00000004     --HOLE--
                  0082ce40    000001e0     rts6600_elf_mt.lib : defs.obj (.fardata:_ftable)
                  0082d020    000000a0                        : lowlev.obj (.fardata:_stream)
                  0082d0c0    00000078                        : lowlev.obj (.fardata:_device)
                  0082d138    00000018                        : _pthread.obj (.fardata)
                  0082d150    00000010                        : exit.obj (.fardata)
                  0082d160    0000000c                        : _data_synch.obj (.fardata)
                  0082d16c    00000008                        : _lock.obj (.fardata)
                  0082d174    00000008                        : _mutex.obj (.fardata)
                  0082d17c    00000004                        : defs.obj (.fardata)
                  0082d180    00000004                        : dtor_list.obj (.fardata)
                  0082d184    00000004                        : errno.obj (.fardata)

.stack     0    0082d188    00001000     UNINITIALIZED
                  0082d188    00000008     boot.ae66 : boot.oe66 (.stack)
                  0082d190    00000ff8     --HOLE--

.cio       0    0082e188    00000120     UNINITIALIZED
                  0082e188    00000120     rts6600_elf_mt.lib : trgmsg.obj (.cio)

.tls_tp    0    0082e2a8    00000004     UNINITIALIZED
                  0082e2a8    00000004     ti.omp.utils.ae66 : ThreadLocalStorage.oe66 (.tls_tp)

xdc.meta   0    0c000000    00000140     COPY SECTION
                  0c000000    00000140     image_processing_openmp_evmc6678l_pe66.oe66 (xdc.meta)

.text      0    0c000000    000766a0     
                  0c000000    00002d80     ti.transport.ndk.nimu.ae66 : nimu_eth.obj (.text)
                  0c002d80    00001fe0     ti.platform.evm6678l.ae66 : platform.obj (.text)
                  0c004d60    00001b40                               : evmc6678.obj (.text)
                  0c0068a0    000019e0     stk6_ppp_pppoe.ae66 : tcp6in.oe66 (.text:TCP6Input)
                  0c008280    000019e0                         : tcpin.oe66 (.text:TcpInput)
                  0c009c60    00001240                         : tcpout.oe66 (.text:TcpOutput)
                  0c00aea0    000011c0     ipc.lib : Ipc.obj (.text:ti_sdo_ipc_GateMP_Instance_init__F)
                  0c00c060    000011a0     stk6_ppp_pppoe.ae66 : tcp6out.oe66 (.text:TCP6Output)
                  0c00d200    00001160     ti.platform.evm6678l.ae66 : evm66x_nand.obj (.text)
                  0c00e360    00000e60     mcip_master_main.obj (.text)
                  0c00f1c0    00000d80     ti.platform.evm6678l.ae66 : evmc66x_i2c_eeprom.obj (.text)
                  0c00ff40    00000c80     resourcemgr.obj (.text)
                  0c010bc0    00000c00     nettool.ae66 : httpclie.oe66 (.text:httpClientProcess)
                  0c0117c0    00000b80     stk6_ppp_pppoe.ae66 : ipin.oe66 (.text:IPRxPacket)
                  0c012340    00000aa0                         : md5.oe66 (.text:MD5Transform)
                  0c012de0    00000a60     ipc.lib : Ipc.obj (.text:ti_sdo_ipc_heaps_HeapMemMP_alloc__E)
                  0c013840    000009e0             : Ipc.obj (.text:ti_sdo_ipc_heaps_HeapMemMP_free__E)
                  0c014220    000009c0     stk6_ppp_pppoe.ae66 : ipout.oe66 (.text:IPTxPacket)
                  0c014be0    000009a0     ipc.lib : Ipc.obj (.text:Ipc_attach)
                  0c015580    000009a0     stk6_ppp_pppoe.ae66 : lcp.oe66 (.text:lcpInput)
                  0c015f20    00000900     nettool.ae66 : httpsend.oe66 (.text:SetContentType)
                  0c016820    000008a0     sysbios.ae66 : BIOS.obj (.text:ti_sysbios_family_c64p_Exception_handler__I)
                  0c0170c0    000008a0     ti.targets.rts6000.ae66 : System.oe66 (.text:xdc_runtime_System_doPrint__I)
                  0c017960    00000860     ipc.lib : Ipc.obj (.text:ti_sdo_ipc_GateMP_Instance_finalize__F)
                  0c0181c0    00000840             : Ipc.obj (.text:MessageQ_put)
                  0c018a00    000007e0     ti.drv.qmss.ae66 : qmss_drv.oe66 (.text:Qmss_insertMemoryRegion)
                  0c0191e0    000007e0     stk6_ppp_pppoe.ae66 : ipcp.oe66 (.text:ipcpInput)
                  0c0199c0    000007c0                         : sock.oe66 (.text:SockSet)
                  0c01a180    000007a0                         : fileuser.oe66 (.text:fdPoll)
                  0c01a920    00000780     ipc.lib : Ipc.obj (.text:ti_sdo_ipc_heaps_HeapMemMP_Instance_init__F)
                  0c01b0a0    00000720     ti.drv.pa.ae66 : pa.oe66 (.text:Pa_addMac)
                  0c01b7c0    00000700     ipc.lib : Ipc.obj (.text:Notify_registerEvent)
                  0c01bec0    000006c0     stk6_ppp_pppoe.ae66 : sock6.oe66 (.text:Sock6Set)
                  0c01c580    000006c0     nettool.ae66 : telnetd.oe66 (.text:telnet_netdata)
                  0c01cc40    000006c0     ipc.lib : Ipc.obj (.text:ti_sdo_ipc_nsremote_NameServerRemoteNotify_Instance_init__F)
                  0c01d300    000006a0     stk6_ppp_pppoe.ae66 : icmpv6_ndisc.oe66 (.text:ICMPv6RecvRA)
                  0c01d9a0    000006a0     ipc.lib : Ipc.obj (.text:NameServer_add)
                  0c01e040    00000660     ti.drv.cppi.ae66 : cppi_drv.oe66 (.text:Cppi_configureRxFlow)
                  0c01e6a0    00000660     stk6_ppp_pppoe.ae66 : route6.oe66 (.text:Rt6Create)
                  0c01ed00    00000620     ipc.lib : Ipc.obj (.text:Notify_sendEvent)
                  0c01f320    00000620     sysbios.ae66 : BIOS.obj (.text:ti_sysbios_knl_Task_Instance_finalize__F)
                  0c01f940    00000600                  : BIOS.obj (.text:ti_sysbios_heaps_HeapMem_alloc__E)
                  0c01ff40    00000600                  : BIOS.obj (.text:ti_sysbios_knl_Semaphore_pend__E)
                  0c020540    000005e0     ipc.lib : Ipc.obj (.text:Notify_registerEventSingle)
                  0c020b20    000005e0             : Ipc.obj (.text:SharedRegion_setEntry)
                  0c021100    000005e0     sysbios.ae66 : BIOS.obj (.text:ti_sysbios_heaps_HeapMem_free__E)
                  0c0216e0    000005c0     stk6_ppp_pppoe.ae66 : ipfrag.oe66 (.text:IPReasm)
                  0c021ca0    000005c0     ipc.lib : Ipc.obj (.text:Notify_unregisterEventSingle)
                  0c022260    000005c0     rts6600_elf_mt.lib : divd.obj (.text:__c6xabi_divd)
                  0c022820    000005c0                        : _printfi.obj (.text:_getarg_diouxp)
                  0c022de0    000005c0     ipc.lib : Ipc.obj (.text:ti_sdo_ipc_SharedRegion_start__F)
                  0c0233a0    000005a0     stk6_ppp_pppoe.ae66 : icmpin.oe66 (.text:ICMPInput)
                  0c023940    000005a0     ti.platform.evm6678l.ae66 : evmc66x_spi.obj (.text)
                  0c023ee0    000005a0     sysbios.ae66 : BIOS.obj (.text:ti_sysbios_timers_timer64_Timer_Module_startup__F)
                  0c024480    00000580     stk6_ppp_pppoe.ae66 : nimuppp.oe66 (.text:pppEvent)
                  0c024a00    00000580     ipc.lib : Ipc.obj (.text:ti_sdo_ipc_nsremote_NameServerRemoteNotify_get__F)
                  0c024f80    00000560     stk6_ppp_pppoe.ae66 : bind6.oe66 (.text:Bind6New)
                  0c0254e0    00000560                         : ipv6.oe66 (.text:IPv6IPAddressToString)
                  0c025a40    00000560     ti.platform.evm6678l.ae66 : evmc6678_phy.obj (.text)
                  0c025fa0    00000540     stk6_ppp_pppoe.ae66 : sock6.oe66 (.text:Sock6Connect)
                  0c0264e0    00000540     ipc.lib : Ipc.obj (.text:ti_sdo_ipc_Ipc_procSyncStart__I)
                  0c026a20    00000520     stk6_ppp_pppoe.ae66 : sock.oe66 (.text:SockNew)
                  0c026f40    00000520     nettool.ae66 : httpsend.oe66 (.text:httpSendStatusLine)
                  0c027460    00000520     ti.platform.evm6678l.ae66 : evmc66x_nor.obj (.text)
                  0c027980    000004e0     stk6_ppp_pppoe.ae66 : udp.oe66 (.text:UdpInput)
                  0c027e60    000004e0                         : nimupppoe.oe66 (.text:pppoeInputS)
                  0c028340    000004e0     ipc.lib : Ipc.obj (.text:ti_sdo_ipc_notifyDrivers_NotifyDriverCirc_Instance_init__F)
                  0c028820    000004c0     ti.drv.cppi.ae66 : cppi_drv.oe66 (.text:Cppi_txChannelOpen)
                  0c028ce0    000004c0     ti.platform.evm6678l.ae66 : evmc66x_fpga.obj (.text)
                  0c0291a0    000004a0     stk6_ppp_pppoe.ae66 : lliin.oe66 (.text:LLIRxPacket)
                  0c029640    000004a0                         : sock6.oe66 (.text:Sock6Recv)
                  0c029ae0    000004a0                         : sock.oe66 (.text:SockRecv)
                  0c029f80    000004a0     ipc.lib : Ipc.obj (.text:ti_sdo_ipc_gates_GatePeterson_Instance_init__F)
                  0c02a420    00000460     rts6600_elf_mt.lib : _printfi.obj (.text:_printfi)
                  0c02a880    00000460                        : _printfi.obj (.text:_setfield)
                  0c02ace0    00000460     stk6_ppp_pppoe.ae66 : nimuppp.oe66 (.text:pppNew)
                  0c02b140    00000460     ipc.lib : Ipc.obj (.text:ti_sdo_ipc_GateMP_setRegion0Reserved__F)
                  0c02b5a0    00000460             : Ipc.obj (.text:ti_sdo_ipc_Ipc_procSyncFinish__I)
                  0c02ba00    00000440     ti.drv.cppi.ae66 : cppi_drv.oe66 (.text:Cppi_rxChannelOpen)
                  0c02be40    00000440     stk6_ppp_pppoe.ae66 : sock6.oe66 (.text:Sock6New)
                  0c02c280    00000440                         : auth.oe66 (.text:chapInput)
                  0c02c6c0    00000440                         : fileuser.oe66 (.text:fdSelect)
                  0c02cb00    00000440                         : nimupppoe.oe66 (.text:pppoeInputC)
                  0c02cf40    00000440     ipc.lib : Ipc.obj (.text:ti_sdo_ipc_heaps_HeapMemMP_getStats__E)
                  0c02d380    00000440             : Ipc.obj (.text:ti_sdo_ipc_heaps_HeapMemMP_postInit__I)
                  0c02d7c0    00000420     nettool.ae66 : daemon.oe66 (.text:daemon)
                  0c02dbe0    00000420     ti.drv.pa.ae66 : pa.oe66 (.text:pa_conv_routing_info)
                  0c02e000    00000420     sysbios.ae66 : BIOS.obj (.text:ti_sysbios_gates_GateMutexPri_enter__E)
                  0c02e420    00000420                  : BIOS.obj (.text:ti_sysbios_knl_Task_sleep__E)
                  0c02e840    00000400     stk6_ppp_pppoe.ae66 : sock6.oe66 (.text:Sock6Send)
                  0c02ec40    00000400     os.ae66 : efs.oe66 (.text:efs_filecheck)
                  0c02f040    00000400     ipc.lib : Ipc.obj (.text:ti_sdo_ipc_Notify_Instance_init__F)
                  0c02f440    00000400     sysbios.ae66 : BIOS.obj (.text:ti_sysbios_knl_Task_Instance_init__F)
                  0c02f840    000003e0     stk6_ppp_pppoe.ae66 : ipv6_frag.oe66 (.text:IPv6TxFragPacket)
                  0c02fc20    000003e0     sysbios.ae66 : BIOS.obj (.text:ti_sysbios_knl_Task_setPri__E)
                  0c030000    000003c0     ti.drv.cppi.ae66 : cppi_desc.oe66 (.text:Cppi_initDescriptor)
                  0c0303c0    000003c0     stk6_ppp_pppoe.ae66 : ipv6out.oe66 (.text:IPv6TxPacket)
                  0c030780    000003c0                         : lli6.oe66 (.text:LLI6TimerCheck)
                  0c030b40    000003c0                         : sock.oe66 (.text:SockSend)
                  0c030f00    000003c0                         : tcp6.oe66 (.text:TCP6TimeoutCheck)
                  0c0312c0    000003c0                         : tcp.oe66 (.text:TcpTimeoutCheck)
                  0c031680    000003c0     rts6600_elf_mt.lib : fputs.obj (.text:fputs)
                  0c031a40    000003c0     ti.omp.utils.ae66 : ThreadLocal.oe66 (.text:ti_omp_utils_ThreadLocal_setspecific__E)
                  0c031e00    000003c0     ipc.lib : Ipc.obj (.text:ti_sdo_ipc_SharedRegion_reserveMemory__F)
                  0c0321c0    000003a0     stk6_ppp_pppoe.ae66 : icmpv6in.oe66 (.text:ICMPv6RxPacket)
                  0c032560    000003a0                         : nimu.oe66 (.text:NIMUIoctl)
                  0c032900    000003a0                         : route.oe66 (.text:RtCreate)
                  0c032ca0    000003a0                         : sb.oe66 (.text:SBRead)
                  0c033040    000003a0                         : auth.oe66 (.text:papInput)
                  0c0333e0    00000380     ipc.lib : Ipc.obj (.text:HeapMemMP_sharedMemReq)
                  0c033760    00000380     stk6_ppp_pppoe.ae66 : sock6int.oe66 (.text:Sock6Notify)
                  0c033ae0    00000380                         : sock.oe66 (.text:SockConnect)
                  0c033e60    00000380                         : sockint.oe66 (.text:SockNotify)
                  0c0341e0    00000380     nettool.ae66 : dhcppkt.oe66 (.text:dhcpPacketProcess)
                  0c034560    00000360     stk6_ppp_pppoe.ae66 : icmpv6_ndisc.oe66 (.text:ICMPv6RecvRedirect)
                  0c0348c0    00000360                         : icmpv6out.oe66 (.text:ICMPv6SendDstUnreachable)
                  0c034c20    00000360                         : igmp.oe66 (.text:IGMPInput)
                  0c034f80    00000360                         : ipv6_frag.oe66 (.text:IPv6FragReasm)
                  0c0352e0    00000360                         : lliout.oe66 (.text:LLITxIpPacket)
                  0c035640    00000360     image_processing_openmp_evmc6678l_pe66.oe66 (.text:xdc_runtime_System_printfExtend__I)
                  0c0359a0    00000340     ipc.lib : Ipc.obj (.text:GateMP_sharedMemReq)
                  0c035ce0    00000340     stk6_ppp_pppoe.ae66 : icmpv6_ndisc.oe66 (.text:ICMPv6RecvNS)
                  0c036020    00000340                         : icmpv6out.oe66 (.text:ICMPv6SendParameterProblem)
                  0c036360    00000340                         : icmpv6out.oe66 (.text:ICMPv6SendTimeExceeded)
                  0c0366a0    00000340     ti.drv.pa.ae66 : painit.oe66 (.text:Pa_create)
                  0c0369e0    00000340     ti.drv.qmss.ae66 : qmss_drv.oe66 (.text:Qmss_init)
                  0c036d20    00000340     os.ae66 : mem.oe66 (.text:mmAlloc)
                  0c037060    00000340     stk6_ppp_pppoe.ae66 : nimupppoe.oe66 (.text:pppoeSI)
                  0c0373a0    00000340     ipc.lib : Ipc.obj (.text:ti_sdo_ipc_nsremote_NameServerRemoteNotify_swiFxn__I)
                  0c0376e0    00000320     nettool.ae66 : config.oe66 (.text:CfgAddEntry)
                  0c037a00    00000320     stk6_ppp_pppoe.ae66 : nimupppoe.oe66 (.text:SendServerMsg)
                  0c037d20    00000320     rts6600_elf_mt.lib : _printfi.obj (.text:_pproc_fge)
                  0c038040    00000320     nettool.ae66 : inetaddr.oe66 (.text:inet_aton)
                  0c038360    00000320     rts6600_elf_mt.lib : strtoul.obj (.text:strtoul)
                  0c038680    00000320     ti.omp.navigator.ae66 : Navigator.oe66 (.text:sysInit)
                  0c0389a0    00000320     nettool.ae66 : telnetd.oe66 (.text:telnet_engine)
                  0c038cc0    00000320     ti.platform.evm6678l.ae66 : evmc66x_uart.obj (.text)
                  0c038fe0    00000320     ti.omp.utils.ae66 : ThreadLocal.oe66 (.text:ti_omp_utils_ThreadLocal_getspecific__E)
                  0c039300    00000300     ipc.lib : Ipc.obj (.text:GateMP_openByAddr)
                  0c039600    00000300     stk6_ppp_pppoe.ae66 : sock6pcb.oe66 (.text:Sock6PcbBind)
                  0c039900    00000300                         : udp6.oe66 (.text:Udp6Input)
                  0c039c00    00000300     platform_osal.obj (.text)
                  0c039f00    00000300     sysbios.ae66 : BIOS.obj (.text:ti_sysbios_family_c64p_Hwi_dispatchC__I)
                  0c03a200    000002e0     stk6_ppp_pppoe.ae66 : ipv6_frag.oe66 (.text:IPv6FragQEnqueueFrag)
                  0c03a4e0    000002e0                         : ipv6_exthdrs.oe66 (.text:IPv6ParseExtnHeaders)
                  0c03a7c0    000002e0     netctrl.ae66 : netctrl.oe66 (.text:NetScheduler)
                  0c03aaa0    000002e0     ti.drv.pa.ae66 : pa.oe66 (.text:Pa_forwardResult)
                  0c03ad80    000002e0     RecieveImage.obj (.text)
                  0c03b060    000002e0     stk6_ppp_pppoe.ae66 : route6.oe66 (.text:Rt6Find)
                  0c03b340    000002e0                         : nimupppoe.oe66 (.text:SendClientMsg)
                  0c03b620    000002e0     ipc.lib : Ipc.obj (.text:SharedRegion_getEntry)
                  0c03b900    000002e0             : Ipc.obj (.text:SharedRegion_getPtr)
                  0c03bbe0    000002e0     stk6_ppp_pppoe.ae66 : sock6pcb.oe66 (.text:Sock6PcbFind)
                  0c03bec0    000002e0                         : sock6pcb.oe66 (.text:Sock6PcbResolve)
                  0c03c1a0    000002e0                         : udp.oe66 (.text:UdpOutput)
                  0c03c480    000002e0     rts6600_elf_mt.lib : _printfi.obj (.text:_pproc_fwp)
                  0c03c760    000002e0     ipc.lib : Ipc.obj (.text:ti_sdo_ipc_notifyDrivers_NotifyDriverCirc_isr__I)
                  0c03ca40    000002e0     sysbios.ae66 : BIOS.obj (.text:ti_sysbios_heaps_HeapMem_Instance_init__F)
                  0c03cd20    000002c0     stk6_ppp_pppoe.ae66 : bind.oe66 (.text:BindNew)
                  0c03cfe0    000002c0                         : node.oe66 (.text:NodeAdd)
                  0c03d2a0    000002c0                         : sb6.oe66 (.text:SB6Read)
                  0c03d560    000002c0     ti.omp.ae66 : env.oe66 (.text:parse_affinity)
                  0c03d820    000002c0     stk6_ppp_pppoe.ae66 : nimuppp.oe66 (.text:pppInput)
                  0c03dae0    000002a0     nettool.ae66 : dhcpmain.oe66 (.text:DHCPOpen)
                  0c03dd80    000002a0     ipc.lib : Ipc.obj (.text:Ipc_start)
                  0c03e020    000002a0             : Ipc.obj (.text:NameServer_getLocal)
                  0c03e2c0    000002a0     stk6_ppp_pppoe.ae66 : route6.oe66 (.text:Rt6Free)
                  0c03e560    000002a0                         : rtable.oe66 (.text:RtFind)
                  0c03e800    000002a0                         : sock6.oe66 (.text:Sock6Close)
                  0c03eaa0    000002a0                         : sock.oe66 (.text:SockClose)
                  0c03ed40    000002a0                         : sockpcb.oe66 (.text:SockPcbResolve)
                  0c03efe0    000002a0                         : tcp6prot.oe66 (.text:TCP6PrSetOption)
                  0c03f280    000002a0                         : tcpprot.oe66 (.text:TcpPrSetOption)
                  0c03f520    000002a0     rts6600_elf_mt.lib : _printfi.obj (.text:fcvt)
                  0c03f7c0    000002a0     sysbios.ae66 : BIOS.obj (.text:ti_sysbios_knl_Clock_Instance_init__F)
                  0c03fa60    000002a0                  : BIOS.obj (.text:ti_sysbios_knl_Clock_workFunc__E)
                  0c03fd00    000002a0                  : BIOS.obj (.text:ti_sysbios_timers_timer64_Timer_deviceConfig__I)
                  0c03ffa0    00000280     stk6_ppp_pppoe.ae66 : icmp.oe66 (.text:ICMPGenPacket)
                  0c040220    00000280                         : lli6.oe66 (.text:LLI6NeighUnreachStateMachine)
                  0c0404a0    00000280                         : lli6.oe66 (.text:LLI6TxIPPacket)
                  0c040720    00000280     ipc.lib : Ipc.obj (.text:SharedRegion_getSRPtr)
                  0c0409a0    00000280     stk6_ppp_pppoe.ae66 : udp6.oe66 (.text:Udp6Output)
                  0c040c20    00000280     rts6600_elf_mt.lib : _printfi.obj (.text:ecvt)
                  0c040ea0    00000280     ti.omp.ae66 : env.oe66 (.text:initialize_env)
                  0c041120    00000280     stk6_ppp_pppoe.ae66 : ipcp.oe66 (.text:ipcpSendCfg)
                  0c0413a0    00000280                         : lcp.oe66 (.text:lcpSendCfg)
                  0c041620    00000280     ti.omp.utils.ae66 : OpenMP.oe66 (.text:ti_omp_utils_OpenMP_masterTask__I)
                  0c0418a0    00000280     ipc.lib : Ipc.obj (.text:ti_sdo_ipc_notifyDrivers_NotifyDriverCirc_sharedMemReq__F)
                  0c041b20    00000280     ti.targets.rts6000.ae66 : Error.oe66 (.text:xdc_runtime_Error_raiseX__F)
                  0c041da0    00000260     stk6_ppp_pppoe.ae66 : icmpv6in.oe66 (.text:ICMPv6RecvEchoRequest)
                  0c042000    00000260                         : ipv6in.oe66 (.text:IPv6RxPacket)
                  0c042260    00000260                         : nimu.oe66 (.text:NIMUReceivePacket)
                  0c0424c0    00000260                         : rawethsock.oe66 (.text:RawEthSockSet)
                  0c042720    00000260                         : sb6.oe66 (.text:SB6Write)
                  0c042980    00000260                         : sb.oe66 (.text:SBWrite)
                  0c042be0    00000260                         : sockpcb.oe66 (.text:SockPcbBind)
                  0c042e40    00000260                         : tcp6out.oe66 (.text:TCP6GenPacket)
                  0c0430a0    00000260     nettool.ae66 : httppars.oe66 (.text:httpParseRecv)
                  0c043300    00000260                  : httpsend.oe66 (.text:httpSendErrorHTML)
                  0c043560    00000260     ti.omp.ae66 : env.oe66 (.text:parse_spincount)
                  0c0437c0    00000260     ipc.lib : Ipc.obj (.text:ti_sdo_ipc_SharedRegion_checkOverlap__I)
                  0c043a20    00000260             : Ipc.obj (.text:ti_sdo_ipc_heaps_HeapMemMP_Instance_finalize__F)
                  0c043c80    00000260     sysbios.ae66 : BIOS.obj (.text:ti_sysbios_family_c64p_Exception_internalHandler__I)
                  0c043ee0    00000260                  : BIOS.obj (.text:ti_sysbios_knl_Semaphore_post__E)
                  0c044140    00000260     ti.targets.rts6000.ae66 : Startup.oe66 (.text:xdc_runtime_Startup_startMods__I)
                  0c0443a0    00000240     stk6_ppp_pppoe.ae66 : bind6.oe66 (.text:Bind6Free)
                  0c0445e0    00000240                         : bind6.oe66 (.text:Bind6RunDAD)
                  0c044820    00000240     ti.drv.cppi.ae66 : cppi_drv.oe66 (.text:Cppi_open)
                  0c044a60    00000240     nettool.ae66 : daemon.oe66 (.text:DaemonNew)
                  0c044ca0    00000240     stk6_ppp_pppoe.ae66 : icmpv6_ndisc.oe66 (.text:ICMPv6RecvNA)
                  0c044ee0    00000240                         : icmpv6_ndisc.oe66 (.text:ICMPv6SendNA)
                  0c045120    00000240                         : icmpv6_ndisc.oe66 (.text:ICMPv6SendNS)
                  0c045360    00000240     ti.drv.pa.ae66 : pa.oe66 (.text:Pa_resetControl)
                  0c0455a0    00000240     stk6_ppp_pppoe.ae66 : pipe.oe66 (.text:PipeRecv)
                  0c0457e0    00000240                         : raw.oe66 (.text:RawInput)
                  0c045a20    00000240                         : tcpout.oe66 (.text:TcpGenPacket)
                  0c045c60    00000240     rts6600_elf_mt.lib : imath64.obj (.text:__c6xabi_divull)
                  0c045ea0    00000240                        : _printfi.obj (.text:_pconv_e)
                  0c0460e0    00000240                        : _printfi.obj (.text:_pproc_diouxp)
                  0c046320    00000240     nettool.ae66 : dhcpsm.oe66 (.text:dhcpIPAdd)
                  0c046560    00000240                  : dhcpsm.oe66 (.text:dhcpState)
                  0c0467a0    00000240     rts6600_elf_mt.lib : fputc.obj (.text:fputc)
                  0c0469e0    00000240     ipc.lib : Ipc.obj (.text:ti_sdo_ipc_notifyDrivers_NotifyDriverCirc_sendEvent__E)
                  0c046c20    00000240     sysbios.ae66 : BIOS.obj (.text:ti_sysbios_family_c64p_Hwi_reconfig__E)
                  0c046e60    00000240                  : BIOS.obj (.text:ti_sysbios_knl_Task_exit__E)
                  0c0470a0    00000220     stk6_ppp_pppoe.ae66 : igmp.oe66 (.text:IGMPJoinHostGroup)
                  0c0472c0    00000220                         : ipv6_frag.oe66 (.text:IPv6ParseFragHdr)
                  0c0474e0    00000220                         : raw6.oe66 (.text:Raw6Output)
                  0c047700    00000220                         : rawethsock.oe66 (.text:RawEthSockNew)
                  0c047920    00000220                         : sockpcb.oe66 (.text:SockPcbFind)
                  0c047b40    00000220     rts6600_elf_mt.lib : _printfi.obj (.text:_pproc_str)
                  0c047d60    00000220     nettool.ae66 : dhcppkt.oe66 (.text:dhcpVerifyMessage)
                  0c047f80    00000220                  : httpclie.oe66 (.text:httpGetAuthParams)
                  0c0481a0    00000220     ti.omp.ae66 : env.oe66 (.text:parse_schedule)
                  0c0483c0    00000220     rts6600_elf_mt.lib : setvbuf.obj (.text:setvbuf)
                  0c0485e0    00000220     sysbios.ae66 : BIOS.obj (.text:ti_sysbios_knl_Swi_run__I)
                  0c048800    00000220                  : BIOS.obj (.text:ti_sysbios_knl_Task_schedule__I)
                  0c048a20    00000220                  : BIOS.obj (.text:ti_sysbios_knl_Task_startCore__E)
                  0c048c40    00000220     ti.targets.rts6000.ae66 : Core-mem.oe66 (.text:xdc_runtime_Core_createObject__I)
                  0c048e60    00000200     ipc.lib : Ipc.obj (.text:GateMP_enter)
                  0c049060    00000200             : Ipc.obj (.text:GateMP_leave)
                  0c049260    00000200     stk6_ppp_pppoe.ae66 : ipv6_exthdrs.oe66 (.text:IPv6ParseHopOptions)
                  0c049460    00000200                         : lli6.oe66 (.text:LLI6New)
                  0c049660    00000200     ti.drv.qmss.ae66 : qmss_drv.oe66 (.text:Qmss_internalQueueOpen)
                  0c049860    00000200                      : qmss_acc.oe66 (.text:Qmss_programAccumulator)
                  0c049a60    00000200     stk6_ppp_pppoe.ae66 : rtc.oe66 (.text:RTCReport)
                  0c049c60    00000200     rts6600_elf_mt.lib : _printfi.obj (.text:_pconv_g)
                  0c049e60    00000200     sysbios.ae66 : c64p_Hwi_disp_always.obj (.text:_ti_sysbios_family_c64p_Hwi_dispatchAlways)
                  0c04a060    00000200     stk6_ppp_pppoe.ae66 : socket.oe66 (.text:accept)
                  0c04a260    00000200     ti.drv.cppi.ae66 : cppi_heap.oe66 (.text:cppi_internal_heap_add)
                  0c04a460    00000200     stk6_ppp_pppoe.ae66 : nimupppoe.oe66 (.text:pppoeCtrlMsg)
                  0c04a660    000001e0                         : igmp.oe66 (.text:IGMPSendReply)
                  0c04a840    000001e0                         : route6.oe66 (.text:Rt6Modify)
                  0c04aa20    000001e0                         : sock6pcb.oe66 (.text:Sock6PcbFindRaw)
                  0c04ac00    000001e0                         : auth.oe66 (.text:chapSendMsg)
                  0c04ade0    000001e0     nettool.ae66 : dhcpsock.oe66 (.text:dhcpSocketOpen)
                  0c04afc0    000001e0     stk6_ppp_pppoe.ae66 : socket.oe66 (.text:sendto)
                  0c04b1a0    000001e0     ipc.lib : Ipc.obj (.text:ti_sdo_ipc_GateMP_attach__F)
                  0c04b380    000001e0             : Ipc.obj (.text:ti_sdo_ipc_GateMP_getFreeResource__I)
                  0c04b560    000001e0     sysbios.ae66 : BIOS.obj (.text:ti_sysbios_family_c64p_Exception_externalHandler__I)
                  0c04b740    000001e0                  : BIOS.obj (.text:ti_sysbios_knl_Swi_Instance_init__F)
                  0c04b920    000001e0                  : BIOS.obj (.text:ti_sysbios_knl_Task_checkStacks__E)
                  0c04bb00    000001e0                  : BIOS.obj (.text:ti_sysbios_knl_Task_postInit__I)
                  0c04bce0    000001e0                  : BIOS.obj (.text:ti_sysbios_timers_timer64_Timer_getFreq__E)
                  0c04bec0    000001c0     nettool.ae66 : config.oe66 (.text:CfgExecute)
                  0c04c080    000001c0     ti.drv.cppi.ae66 : cppi_drv.oe66 (.text:Cppi_channelClose)
                  0c04c240    000001c0                      : cppi_drv.oe66 (.text:Cppi_initCfg)
                  0c04c400    000001c0     ipc.lib : Ipc.obj (.text:HeapMemMP_openByAddr)
                  0c04c5c0    000001c0     stk6_ppp_pppoe.ae66 : ip.oe66 (.text:IPGetRoute)
                  0c04c780    000001c0                         : lliout.oe66 (.text:LLIGenArpPacket)
                  0c04c940    000001c0     ti.drv.qmss.ae66 : qmss_drv.oe66 (.text:Qmss_internaldownloadFirmware)
                  0c04cb00    000001c0     stk6_ppp_pppoe.ae66 : raw6.oe66 (.text:Raw6Input)
                  0c04ccc0    000001c0     netctrl.ae66 : netsrv.oe66 (.text:SPIpNet)
                  0c04ce80    000001c0     stk6_ppp_pppoe.ae66 : tcptime.oe66 (.text:TcpTimeoutRexmt)
                  0c04d040    000001c0                         : lli.oe66 (.text:_LLITimeoutCheck)
                  0c04d200    000001c0     rts6600_elf_mt.lib : _printfi.obj (.text:_mcpy)
                  0c04d3c0    000001c0     nettool.ae66 : dhcpbild.oe66 (.text:dhcpBuildHeader)
                  0c04d580    000001c0     stk6_ppp_pppoe.ae66 : fileuser.oe66 (.text:fdClose)
                  0c04d740    000001c0     ti.omp.utils.ae66 : ThreadLocal.oe66 (.text:ti_omp_utils_ThreadLocal_key_delete__E)
                  0c04d900    000001c0     sysbios.ae66 : BIOS.obj (.text:ti_sysbios_family_c64p_Exception_decodeMpfsr__I)
                  0c04dac0    000001c0                  : BIOS.obj (.text:ti_sysbios_gates_GateMutex_enter__E)
                  0c04dc80    000001c0                  : BIOS.obj (.text:ti_sysbios_timers_timer64_Timer_setPeriodMicroSecs__E)
                  0c04de40    000001c0     ti.targets.rts6000.ae66 : Text.oe66 (.text:xdc_runtime_Text_putSite__F)
                  0c04e000    000001a0     stk6_ppp_pppoe.ae66 : bind6.oe66 (.text:Bind6Msg)
                  0c04e1a0    000001a0     nettool.ae66 : config.oe66 (.text:CfgRemoveEntry)
                  0c04e340    000001a0     stk6_ppp_pppoe.ae66 : icmpin.oe66 (.text:ICMPRevSrcRoute)
                  0c04e4e0    000001a0                         : ipv6_frag.oe66 (.text:IPv6FragMsg)
                  0c04e680    000001a0                         : ipv6_exthdrs.oe66 (.text:IPv6ParseRoutingHdr)
                  0c04e820    000001a0     netctrl.ae66 : netctrl.oe66 (.text:NC_NetStart)
                  0c04e9c0    000001a0     stk6_ppp_pppoe.ae66 : node.oe66 (.text:NodeTreeFree)
                  0c04eb60    000001a0     ti.drv.pa.ae66 : pa.oe66 (.text:Pa_downloadImage)
                  0c04ed00    000001a0     stk6_ppp_pppoe.ae66 : route6.oe66 (.text:Route6LifetimeMgmt)
                  0c04eea0    000001a0     ipc.lib : Ipc.obj (.text:SharedRegion_getCacheLineSize)
                  0c04f040    000001a0             : Ipc.obj (.text:SharedRegion_getHeap)
                  0c04f1e0    000001a0             : Ipc.obj (.text:SharedRegion_isCacheEnabled)
                  0c04f380    000001a0     stk6_ppp_pppoe.ae66 : sockint.oe66 (.text:SockCreatePacket)
                  0c04f520    000001a0     nettool.ae66 : dhcpsm.oe66 (.text:StateRenewRebind)
                  0c04f6c0    000001a0     stk6_ppp_pppoe.ae66 : tcp6time.oe66 (.text:TCP6TimeoutRexmt)
                  0c04f860    000001a0     rts6600_elf_mt.lib : imath40.obj (.text:__c6xabi_divul)
                  0c04fa00    000001a0     nettool.ae66 : dhcptags.oe66 (.text:dhcpBuildOptions)
                  0c04fba0    000001a0     stk6_ppp_pppoe.ae66 : socket.oe66 (.text:getpeername)
                  0c04fd40    000001a0                         : udp6.oe66 (.text:processMulticast)
                  0c04fee0    000001a0     nettool.ae66 : telnetd.oe66 (.text:telnet_termdata)
                  0c050080    000001a0     ti.omp.utils.ae66 : SemaphoreMP.oe66 (.text:ti_omp_utils_SemaphoreMP_registerEvent__I)
                  0c050220    000001a0     ipc.lib : Ipc.obj (.text:ti_sdo_ipc_GateMP_openRegion0Reserved__F)
                  0c0503c0    000001a0             : Ipc.obj (.text:ti_sdo_ipc_nsremote_NameServerRemoteNotify_attach__E)
                  0c050560    000001a0             : Ipc.obj (.text:ti_sdo_ipc_transports_TransportShmNotify_put__E)
                  0c050700    000001a0     sysbios.ae66 : BIOS.obj (.text:ti_sysbios_family_c66_Cache_block__I)
                  0c0508a0    000001a0                  : BIOS.obj (.text:ti_sysbios_heaps_HeapBuf_Module_startup__F)
                  0c050a40    000001a0                  : BIOS.obj (.text:ti_sysbios_timers_timer64_Timer_start__E)
                  0c050be0    00000180     stk6_ppp_pppoe.ae66 : bind6.oe66 (.text:Bind6GetGlobalAddress)
                  0c050d60    00000180     rts6600_elf_mt.lib : trgdrv.obj (.text:HOSTrename)
                  0c050ee0    00000180     stk6_ppp_pppoe.ae66 : igmp.oe66 (.text:IGMPMsg)
                  0c051060    00000180     ipc.lib : Ipc.obj (.text:MultiProc_setLocalId)
                  0c0511e0    00000180     stk6_ppp_pppoe.ae66 : nimu.oe66 (.text:NIMURegister)
                  0c051360    00000180     ipc.lib : Ipc.obj (.text:NameServer_getHandle)
                  0c0514e0    00000180             : Ipc.obj (.text:Notify_intLineRegistered)
                  0c051660    00000180     netctrl.ae66 : netsrv.oe66 (.text:ServiceScan)
                  0c0517e0    00000180                  : netsrv.oe66 (.text:ServiceSpawn)
                  0c051960    00000180     stk6_ppp_pppoe.ae66 : sock6int.oe66 (.text:Sock6CreatePacket)
                  0c051ae0    00000180     nettool.ae66 : dhcpsm.oe66 (.text:StateBound)
                  0c051c60    00000180     rts6600_elf_mt.lib : copy_decompress_rle.obj (.text:__TI_decompress_rle_core)
                  0c051de0    00000180     stk6_ppp_pppoe.ae66 : socket.oe66 (.text:bind)
                  0c051f60    00000180     nettool.ae66 : dhcpbild.oe66 (.text:dhcpBuildRequest)
                  0c0520e0    00000180     ti.omp.config.sysbios.ae66 : bar.oe66 (.text:gomp_barrier_wait)
                  0c052260    00000180     os.ae66 : task.oe66 (.text:llEnter)
                  0c0523e0    00000180     stk6_ppp_pppoe.ae66 : auth.oe66 (.text:papSendCfg)
                  0c052560    00000180     ti.omp.ae66 : env.oe66 (.text:parse_stacksize)
                  0c0526e0    00000180     sysbios.ae66 : c64p_Exception_asm.obj (.text)
                  0c052860    00000180     ipc.lib : Ipc.obj (.text:ti_sdo_ipc_MessageQ_registerTransport__F)
                  0c0529e0    00000180             : Ipc.obj (.text:ti_sdo_ipc_Notify_Module_startup__F)
                  0c052b60    00000180             : Ipc.obj (.text:ti_sdo_ipc_gates_GatePeterson_enter__E)
                  0c052ce0    00000180             : Ipc.obj (.text:ti_sdo_utils_NameServer_Module_startup__F)
                  0c052e60    00000180     sysbios.ae66 : BIOS.obj (.text:ti_sysbios_knl_Swi_schedule__I)
                  0c052fe0    00000180                  : BIOS.obj (.text:ti_sysbios_knl_Task_unblockI__E)
                  0c053160    00000160     nettool.ae66 : config.oe66 (.text:CfgGetEntry)
                  0c0532c0    00000160                  : config.oe66 (.text:CfgGetNextEntry)
                  0c053420    00000160     stk6_ppp_pppoe.ae66 : igmp.oe66 (.text:IGMPDoMCast)
                  0c053580    00000160                         : nimu.oe66 (.text:NIMUIoctlSpecialCmd)
                  0c0536e0    00000160                         : nimuppp.oe66 (.text:PPPStop)
                  0c053840    00000160                         : pipe.oe66 (.text:PipeSend)
                  0c0539a0    00000160                         : raw.oe66 (.text:RawOutput)
                  0c053b00    00000160                         : rtable.oe66 (.text:RtTimeoutCheck)
                  0c053c60    00000160                         : rtable.oe66 (.text:RtWalkNext)
                  0c053dc0    00000160     netctrl.ae66 : netsrv.oe66 (.text:SPRoute)
                  0c053f20    00000160     stk6_ppp_pppoe.ae66 : sock6.oe66 (.text:Sock6Check)
                  0c054080    00000160                         : sock6pcb.oe66 (.text:Sock6PcbConnect)
                  0c0541e0    00000160                         : sock.oe66 (.text:SockCheck)
                  0c054340    00000160                         : sockpcb.oe66 (.text:SockPcbConnect)
                  0c0544a0    00000160     nettool.ae66 : dhcpsm.oe66 (.text:StateRequesting)
                  0c054600    00000160     stk6_ppp_pppoe.ae66 : tcp6time.oe66 (.text:TCP6TimeoutKeep)
                  0c054760    00000160                         : tcptime.oe66 (.text:TcpTimeoutKeep)
                  0c0548c0    00000160                         : auth.oe66 (.text:authInit)
                  0c054a20    00000160     nettool.ae66 : httpclie.oe66 (.text:httpExtractTag)
                  0c054b80    00000160     stk6_ppp_pppoe.ae66 : sock6.oe66 (.text:joinGroup)
                  0c054ce0    00000160     ti.omp.utils.C6678.ae66 : OpenMPDnldCore.oe66 (.text:reset_run_core)
                  0c054e40    00000160     stk6_ppp_pppoe.ae66 : socket.oe66 (.text:setsockopt)
                  0c054fa0    00000160     nettool.ae66 : telnetd.oe66 (.text:telnetClientProcess)
                  0c055100    00000160     ti.omp.utils.ae66 : OpenMP.oe66 (.text:ti_omp_utils_OpenMP_mainTaskExit__F)
                  0c055260    00000160     ipc.lib : Ipc.obj (.text:ti_sdo_ipc_GateMP_createLocal__F)
                  0c0553c0    00000160             : Ipc.obj (.text:ti_sdo_ipc_MessageQ_unregisterTransport__F)
                  0c055520    00000160             : Ipc.obj (.text:ti_sdo_ipc_gates_GateHWSem_Instance_init__F)
                  0c055680    00000160             : Ipc.obj (.text:ti_sdo_utils_NameServer_isRegistered__E)
                  0c0557e0    00000160             : Ipc.obj (.text:ti_sdo_utils_NameServer_registerRemoteDriver__E)
                  0c055940    00000160             : Ipc.obj (.text:ti_sdo_utils_NameServer_unregisterRemoteDriver__E)
                  0c055aa0    00000140     stk6_ppp_pppoe.ae66 : bind6.oe66 (.text:Bind6DADCheck)
                  0c055be0    00000140     ti.csl.ae66 : csl_chip.oe66 (.text:CSL_chipReadReg)
                  0c055d20    00000140     stk6_ppp_pppoe.ae66 : exec.oe66 (.text:ExecOpen)
                  0c055e60    00000140     ipc.lib : Ipc.obj (.text:GateMP_close)
                  0c055fa0    00000140     stk6_ppp_pppoe.ae66 : icmp.oe66 (.text:ICMPSendRtAdv)
                  0c0560e0    00000140                         : igmp.oe66 (.text:IGMPJoin)
                  0c056220    00000140                         : ipv6.oe66 (.text:IPv6DisplayIPAddress)
                  0c056360    00000140                         : lli6.oe66 (.text:LLI6Find)
                  0c0564a0    00000140                         : lli.oe66 (.text:LLINew)
                  0c0565e0    00000140                         : node.oe66 (.text:NodeFind)
                  0c056720    00000140                         : node.oe66 (.text:NodeWalk)
                  0c056860    00000140     ipc.lib : Ipc.obj (.text:Notify_attach)
                  0c0569a0    00000140     stk6_ppp_pppoe.ae66 : pbm.oe66 (.text:PBM_alloc)
                  0c056ae0    00000140                         : pbm.oe66 (.text:PBM_free)
                  0c056c20    00000140                         : rtable.oe66 (.text:RtFlush)
                  0c056d60    00000140                         : sb6.oe66 (.text:SB6New)
                  0c056ea0    00000140     netctrl.ae66 : netsrv.oe66 (.text:ServiceKill)
                  0c056fe0    00000140     stk6_ppp_pppoe.ae66 : sock6.oe66 (.text:Sock6Accept)
                  0c057120    00000140                         : sock6.oe66 (.text:Sock6Listen)
                  0c057260    00000140                         : sock.oe66 (.text:SockAccept)
                  0c0573a0    00000140                         : sock.oe66 (.text:SockListen)
                  0c0574e0    00000140                         : sockpcb.oe66 (.text:SockPcbCtlError)
                  0c057620    00000140     boot.ae66 : autoinit.oe66 (.text:_auto_init_elf)
                  0c057760    00000140     rts6600_elf_mt.lib : _printfi.obj (.text:_pproc_fflags)
                  0c0578a0    00000140     stk6_ppp_pppoe.ae66 : auth.oe66 (.text:authGetPassword)
                  0c0579e0    00000140     nettool.ae66 : dhcptags.oe66 (.text:dhcpDecodeType)
                  0c057b20    00000140     rts6600_elf_mt.lib : fseek.obj (.text:fseek)
                  0c057c60    00000140                        : lowlev.obj (.text:getdevice)
                  0c057da0    00000140     ti.omp.navigator.ae66 : Navigator.oe66 (.text:getsysHandles)
                  0c057ee0    00000140     nettool.ae66 : httpsend.oe66 (.text:httpAuthenticationReq)
                  0c058020    00000140     os.ae66 : mem.oe66 (.text:mmCopy)
                  0c058160    00000140     stk6_ppp_pppoe.ae66 : nimuppp.oe66 (.text:pppAddClient)
                  0c0582a0    00000140                         : socket.oe66 (.text:recv)
                  0c0583e0    00000140                         : socket.oe66 (.text:send)
                  0c058520    00000140     ipc.lib : Ipc.obj (.text:ti_sdo_ipc_Notify_exec__F)
                  0c058660    00000140     sysbios.ae66 : BIOS.obj (.text:ti_sysbios_family_c64p_Exception_Module_startup__F)
                  0c0587a0    00000140                  : BIOS.obj (.text:ti_sysbios_family_c64p_Hwi_Module_startup__F)
                  0c0588e0    00000140                  : BIOS.obj (.text:ti_sysbios_family_c66_Cache_Module_startup__F)
                  0c058a20    00000140                  : BIOS.obj (.text:ti_sysbios_gates_GateSwi_enter__E)
                  0c058b60    00000140                  : BIOS.obj (.text:ti_sysbios_knl_Semaphore_Instance_init__F)
                  0c058ca0    00000140                  : BIOS.obj (.text:ti_sysbios_knl_Swi_post__E)
                  0c058de0    00000140                  : BIOS.obj (.text:ti_sysbios_knl_Task_Module_startup__F)
                  0c058f20    00000140                  : BIOS.obj (.text:ti_sysbios_knl_Task_blockI__E)
                  0c059060    00000140                  : BIOS.obj (.text:ti_sysbios_knl_Task_yield__E)
                  0c0591a0    00000140     ti.targets.rts6000.ae66 : Text.oe66 (.text:xdc_runtime_Text_putLab__F)
                  0c0592e0    00000120     stk6_ppp_pppoe.ae66 : bind6.oe66 (.text:Bind6LifetimeMgmt)
                  0c059400    00000120                         : bind.oe66 (.text:BindFree)
                  0c059520    00000120     ti.omp.config.sysbios.ae66 : preinit.oe66 (.text:CSL_XMC_setXMPAXL)
                  0c059640    00000120     nettool.ae66 : config.oe66 (.text:CfgFree)
                  0c059760    00000120                  : daemon.oe66 (.text:DaemonFree)
                  0c059880    00000120     stk6_ppp_pppoe.ae66 : file.oe66 (.text:FdWaitEvent)
                  0c0599a0    00000120                         : igmp.oe66 (.text:IGMPLeaveHostGroup)
                  0c059ac0    00000120                         : ip.oe66 (.text:IPMsg)
                  0c059be0    00000120                         : ipin.oe66 (.text:IPRouteIP)
                  0c059d00    00000120                         : ipv6_frag.oe66 (.text:IPv6CreateFragQ)
                  0c059e20    00000120                         : ipv6.oe66 (.text:IPv6Init)
                  0c059f40    00000120                         : icmpv6out.oe66 (.text:IsICMPv6ErrorPkt)
                  0c05a060    00000120                         : md5.oe66 (.text:MD5Update)
                  0c05a180    00000120                         : mld.oe66 (.text:MLDJoinGroup)
                  0c05a2a0    00000120     netctrl.ae66 : netctrl.oe66 (.text:NC_SystemOpen)
                  0c05a3c0    00000120     stk6_ppp_pppoe.ae66 : nimu.oe66 (.text:NIMUAddEthernetHeader)
                  0c05a4e0    00000120     ti.drv.qmss.ae66 : qmss_acc.oe66 (.text:Qmss_disableAccumulator)
                  0c05a600    00000120     stk6_ppp_pppoe.ae66 : raweth.oe66 (.text:RawEthRxPacket)
                  0c05a720    00000120                         : raweth.oe66 (.text:RawEthTxPacket)
                  0c05a840    00000120                         : sb.oe66 (.text:SBNew)
                  0c05a960    00000120     netctrl.ae66 : netsrv.oe66 (.text:SPConfig)
                  0c05aa80    00000120                  : netsrv.oe66 (.text:SPService)
                  0c05aba0    00000120     stk6_ppp_pppoe.ae66 : sock6.oe66 (.text:Sock6Disconnect)
                  0c05acc0    00000120                         : sock6.oe66 (.text:Sock6Shutdown)
                  0c05ade0    00000120                         : sockpcb.oe66 (.text:SockPcbFindRaw)
                  0c05af00    00000120                         : sock.oe66 (.text:SockShutdown)
                  0c05b020    00000120                         : tcp6prot.oe66 (.text:TCP6PrAttach)
                  0c05b140    00000120                         : tcpprot.oe66 (.text:TcpPrAttach)
                  0c05b260    00000120     nettool.ae66 : telnetd.oe66 (.text:TelnetOpen)
                  0c05b380    00000120     stk6_ppp_pppoe.ae66 : rtable.oe66 (.text:_RtNodeInsert)
                  0c05b4a0    00000120     rts6600_elf_mt.lib : fclose.obj (.text:_closefile)
                  0c05b5c0    00000120                        : _printfi.obj (.text:_ltostr)
                  0c05b6e0    00000120     os.ae66 : mem.oe66 (.text:_mmInit)
                  0c05b800    00000120     nettool.ae66 : daemon.oe66 (.text:dchild)
                  0c05b920    00000120     stk6_ppp_pppoe.ae66 : fileuser.oe66 (.text:fdOpenSession)
                  0c05ba40    00000120     ti.omp.ae66 : team.oe66 (.text:gomp_free_thread)
                  0c05bb60    00000120     nettool.ae66 : http.oe66 (.text:httpOpen)
                  0c05bc80    00000120     stk6_ppp_pppoe.ae66 : lcp.oe66 (.text:lcpOpen)
                  0c05bda0    00000120                         : lcp.oe66 (.text:lcpReject)
                  0c05bec0    00000120                         : socket.oe66 (.text:socket)
                  0c05bfe0    00000120     ipc.lib : Ipc.obj (.text:ti_sdo_ipc_MessageQ_Module_startup__F)
                  0c05c100    00000120             : Ipc.obj (.text:ti_sdo_ipc_family_c647x_Interrupt_intRegister__E)
                  0c05c220    00000120             : Ipc.obj (.text:ti_sdo_ipc_nsremote_NameServerRemoteNotify_Instance_finalize__F)
                  0c05c340    00000120     sysbios.ae66 : BIOS.obj (.text:ti_sysbios_BIOS_rtsUnlock__I)
                  0c05c460    00000120                  : BIOS.obj (.text:ti_sysbios_knl_Clock_startI__E)
                  0c05c580    00000120     ti.targets.rts6000.ae66 : Text.oe66 (.text:xdc_runtime_Text_putMod__F)
                  0c05c6a0    00000100     nettool.ae66 : config.oe66 (.text:CfgNew)
                  0c05c7a0    00000100                  : config.oe66 (.text:CfgSetExecuteOrder)
                  0c05c8a0    00000100     os.ae66 : ossys.oe66 (.text:DbgPrintf)
                  0c05c9a0    00000100     stk6_ppp_pppoe.ae66 : igmp.oe66 (.text:IGMPTimer)
                  0c05caa0    00000100                         : ipv6.oe66 (.text:IPv6GetSubnetMaskFromBits)
                  0c05cba0    00000100                         : ipv6_frag.oe66 (.text:IPv6ReasmTimeout)
                  0c05cca0    00000100                         : rtc.oe66 (.text:RTCMsg)
                  0c05cda0    00000100                         : rawethsock.oe66 (.text:RawEthSockCheck)
                  0c05cea0    00000100                         : route.oe66 (.text:RtRedirect)
                  0c05cfa0    00000100                         : sockint.oe66 (.text:SockValidateRoute)
                  0c05d0a0    00000100     nettool.ae66 : dhcpsm.oe66 (.text:StateSelecting)
                  0c05d1a0    00000100     stk6_ppp_pppoe.ae66 : tcp6prot.oe66 (.text:TCP6PrInherit)
                  0c05d2a0    00000100                         : tcp6time.oe66 (.text:TCP6XmitTimer)
                  0c05d3a0    00000100                         : tcpprot.oe66 (.text:TcpPrInherit)
                  0c05d4a0    00000100                         : tcptime.oe66 (.text:TcpXmitTimer)
                  0c05d5a0    00000100                         : rtable.oe66 (.text:_RtNodeRemove)
                  0c05d6a0    00000100     rts6600_elf_mt.lib : _io_perm.obj (.text:_wrt_ok)
                  0c05d7a0    00000100                        : cpy_tbl.obj (.text:copy_in)
                  0c05d8a0    00000100     stk6_ppp_pppoe.ae66 : file.oe66 (.text:fdint_unlockfd)
                  0c05d9a0    00000100                         : socket.oe66 (.text:listen)
                  0c05daa0    00000100     os.ae66 : mem.oe66 (.text:mmFree)
                  0c05dba0    00000100     ti.omp.ae66 : env.oe66 (.text:parse_boolean)
                  0c05dca0    00000100                 : env.oe66 (.text:parse_unsigned_long)
                  0c05dda0    00000100                 : env.oe66 (.text:parse_wait_policy)
                  0c05dea0    00000100     ti.omp.utils.C6678.ae66 : OpenMPDnldCore.oe66 (.text:siu_ibl_download_core)
                  0c05dfa0    00000100     ipc.lib : Ipc.obj (.text:ti_sdo_ipc_GateMP_start__F)
                  0c05e0a0    00000100             : Ipc.obj (.text:ti_sdo_ipc_Notify_Instance_finalize__F)
                  0c05e1a0    00000100             : Ipc.obj (.text:ti_sdo_ipc_SharedRegion_attach__F)
                  0c05e2a0    00000100             : Ipc.obj (.text:ti_sdo_ipc_SharedRegion_clearReservedMemory__F)
                  0c05e3a0    00000100             : Ipc.obj (.text:ti_sdo_ipc_family_c647x_Interrupt_Module_startup__F)
                  0c05e4a0    00000100             : Ipc.obj (.text:ti_sdo_ipc_gates_GateHWSem_Module_startup__F)
                  0c05e5a0    00000100             : Ipc.obj (.text:ti_sdo_ipc_gates_GateMPSupportNull_enter__E)
                  0c05e6a0    00000100             : Ipc.obj (.text:ti_sdo_ipc_gates_GateMPSupportNull_leave__E)
                  0c05e7a0    00000100             : Ipc.obj (.text:ti_sdo_ipc_transports_TransportShmNotify_Instance_init__F)
                  0c05e8a0    00000100     sysbios.ae66 : BIOS.obj (.text:ti_sysbios_family_c64p_EventCombiner_dispatch__F)
                  0c05e9a0    00000100                  : BIOS.obj (.text:ti_sysbios_family_c64p_Hwi_Instance_finalize__F)
                  0c05eaa0    00000100                  : BIOS.obj (.text:ti_sysbios_gates_GateMutexPri_leave__E)
                  0c05eba0    00000100                  : BIOS.obj (.text:ti_sysbios_knl_Swi_restoreHwi__E)
                  0c05eca0    00000100                  : BIOS.obj (.text:ti_sysbios_timers_timer64_Timer_initDevice__I)
                  0c05eda0    00000100     stk6_ppp_pppoe.ae66 : lliin.oe66 (.text:updateRtTable)
                  0c05eea0    00000100     ti.targets.rts6000.ae66 : Core-mem.oe66 (.text:xdc_runtime_Core_deleteObject__I)
                  0c05efa0    00000100                             : Startup.oe66 (.text:xdc_runtime_Startup_exec__F)
                  0c05f0a0    00000100                             : Text.oe66 (.text:xdc_runtime_Text_visitRope2__I)
                  0c05f1a0    000000e0     stk6_ppp_pppoe.ae66 : bind6.oe66 (.text:Bind6GetLinkLocalAddress)
                  0c05f280    000000e0     nettool.ae66 : config.oe66 (.text:CfgGetEntryCnt)
                  0c05f360    000000e0                  : dhcpmain.oe66 (.text:DHCPClose)
                  0c05f440    000000e0     rts6600_elf_mt.lib : trgdrv.obj (.text:HOSTgetenv)
                  0c05f520    000000e0                        : trgdrv.obj (.text:HOSTlseek)
                  0c05f600    000000e0                        : trgdrv.obj (.text:HOSTopen)
                  0c05f6e0    000000e0     stk6_ppp_pppoe.ae66 : icmpv6in.oe66 (.text:ICMPv6SocketErrorInterface)
                  0c05f7c0    000000e0                         : igmp.oe66 (.text:IGMPLeave)
                  0c05f8a0    000000e0                         : ipv6_frag.oe66 (.text:IPv6FindFragQ)
                  0c05f980    000000e0                         : ipv6.oe66 (.text:IPv6Layer4ComputeChecksum)
                  0c05fa60    000000e0                         : lli6.oe66 (.text:LLI6Msg)
                  0c05fb40    000000e0                         : lli6.oe66 (.text:LLI6Update)
                  0c05fc20    000000e0                         : mld.oe66 (.text:MLDFindMulticastNode)
                  0c05fd00    000000e0                         : nimu.oe66 (.text:NIMUAllocateIndex)
                  0c05fde0    000000e0                         : nimu.oe66 (.text:NIMUAllocateName)
                  0c05fec0    000000e0                         : node.oe66 (.text:NodeDeRef)
                  0c05ffa0    000000e0                         : node.oe66 (.text:NodeNew)
                  0c060080    000000e0                         : node.oe66 (.text:NodeTreeNew)
                  0c060160    000000e0                         : pbm.oe66 (.text:PBMQ_enq)
                  0c060240    000000e0                         : pbm.oe66 (.text:PBM_copy)
                  0c060320    000000e0                         : rawethsock.oe66 (.text:RawEthSockNotify)
                  0c060400    000000e0                         : rawethsock_pcb.oe66 (.text:RawEthSockPcbAttach)
                  0c0604e0    000000e0                         : rawethsock.oe66 (.text:RawEthSockSend)
                  0c0605c0    000000e0                         : route6.oe66 (.text:Route6Msg)
                  0c0606a0    000000e0                         : route.oe66 (.text:RtDeRef)
                  0c060780    000000e0                         : route.oe66 (.text:RtRemove)
                  0c060860    000000e0                         : sb.oe66 (.text:SBSetMax)
                  0c060940    000000e0                         : sock6int.oe66 (.text:Sock6SpawnAbort)
                  0c060a20    000000e0                         : sock6int.oe66 (.text:Sock6ValidateRoute)
                  0c060b00    000000e0                         : sock.oe66 (.text:SockDisconnect)
                  0c060be0    000000e0                         : sockint.oe66 (.text:SockSpawnAbort)
                  0c060cc0    000000e0                         : tcp6prot.oe66 (.text:TCP6PrDetach)
                  0c060da0    000000e0                         : tcp6prot.oe66 (.text:TCP6PrDisconnect)
                  0c060e80    000000e0                         : tcp6prot.oe66 (.text:TCP6ValidateMetrics)
                  0c060f60    000000e0                         : tcpprot.oe66 (.text:TcpPrDetach)
                  0c061040    000000e0                         : tcpprot.oe66 (.text:TcpPrDisconnect)
                  0c061120    000000e0                         : tcpprot.oe66 (.text:TcpValidateMetrics)
                  0c061200    000000e0                         : timer.oe66 (.text:TimerListInsert)
                  0c0612e0    000000e0                         : udp.oe66 (.text:UdpChecksum)
                  0c0613c0    000000e0                         : vlan.oe66 (.text:VLANDeinit)
                  0c0614a0    000000e0                         : vlan.oe66 (.text:VLANReceivePacket)
                  0c061580    000000e0     nettool.ae66 : config.oe66 (.text:_CfgEntryScan)
                  0c061660    000000e0     stk6_ppp_pppoe.ae66 : lli.oe66 (.text:_LLIExpListInsert)
                  0c061740    000000e0                         : rtable.oe66 (.text:_RtExpListInsert)
                  0c061820    000000e0     rts6600_elf_mt.lib : divi.obj (.text:__divi)
                  0c061900    000000e0                        : _printfi.obj (.text:_div)
                  0c0619e0    000000e0                        : atoi.obj (.text:atoi)
                  0c061ac0    000000e0                        : lowlev.obj (.text:close)
                  0c061ba0    000000e0                        : copy_zero_init.obj (.text:decompress:ZI:__TI_zero_init)
                  0c061c80    000000e0     os.ae66 : efs.oe66 (.text:efs_internal_remove)
                  0c061d60    000000e0     rts6600_elf_mt.lib : exit.obj (.text:exit)
                  0c061e40    000000e0     stk6_ppp_pppoe.ae66 : file.oe66 (.text:fdint_lockfd)
                  0c061f20    000000e0     rts6600_elf_mt.lib : fprintf.obj (.text:fprintf)
                  0c062000    000000e0     nettool.ae66 : httpclie.oe66 (.text:httpGetMimeBits)
                  0c0620e0    000000e0     ti.omp.ae66 : team.oe66 (.text:initialize_team)
                  0c0621c0    000000e0     os.ae66 : task.oe66 (.text:llExit)
                  0c0622a0    000000e0     rts6600_elf_mt.lib : ltoa.obj (.text:ltoa)
                  0c062380    000000e0                        : memset.obj (.text:memset)
                  0c062460    000000e0     os.ae66 : mem.oe66 (.text:mmBulkAlloc)
                  0c062540    000000e0     stk6_ppp_pppoe.ae66 : nimuppp.oe66 (.text:pppFree)
                  0c062620    000000e0     rts6600_elf_mt.lib : printf.obj (.text:printf)
                  0c062700    000000e0     ti.omp.utils.ae66 : ThreadLocal.oe66 (.text:ti_omp_utils_ThreadLocal_key_create__E)
                  0c0627e0    000000e0     image_processing_openmp_evmc6678l_pe66.oe66 (.text:ti_sdo_ipc_Notify_Object__create__S)
                  0c0628c0    000000e0     ipc.lib : Ipc.obj (.text:ti_sdo_ipc_family_c647x_NotifyCircSetup_attach__E)
                  0c0629a0    000000e0             : Ipc.obj (.text:ti_sdo_ipc_gates_GateHWSem_enter__E)
                  0c062a80    000000e0             : Ipc.obj (.text:ti_sdo_ipc_notifyDrivers_NotifyDriverCirc_disableEvent__E)
                  0c062b60    000000e0             : Ipc.obj (.text:ti_sdo_ipc_notifyDrivers_NotifyDriverCirc_enable__E)
                  0c062c40    000000e0     sysbios.ae66 : BIOS.obj (.text:ti_sysbios_family_c64p_Hwi_Instance_init__F)
                  0c062d20    000000e0     image_processing_openmp_evmc6678l_pe66.oe66 (.text:ti_sysbios_family_c64p_Hwi_Object__create__S)
                  0c062e00    000000e0     sysbios.ae66 : BIOS.obj (.text:ti_sysbios_knl_Clock_start__E)
                  0c062ee0    000000e0     ti.targets.rts6000.ae66 : Error.oe66 (.text:xdc_runtime_Error_print__F)
                  0c062fc0    000000e0                             : Memory.oe66 (.text:xdc_runtime_Memory_alloc__F)
                  0c0630a0    000000c0     rts6600_elf_mt.lib : trgdrv.obj (.text:HOSTread)
                  0c063160    000000c0                        : trgdrv.obj (.text:HOSTwrite)
                  0c063220    000000c0     ipc.lib : Ipc.obj (.text:HeapMemMP_create)
                  0c0632e0    000000c0     stk6_ppp_pppoe.ae66 : icmpv6in.oe66 (.text:ICMPv6RecvDstUnreachable)
                  0c0633a0    000000c0                         : lli.oe66 (.text:LLIGetValidTime)
                  0c063460    000000c0                         : lli.oe66 (.text:LLIMsg)
                  0c063520    000000c0                         : mld.oe66 (.text:MLDCreateMulticastNode)
                  0c0635e0    000000c0                         : mld.oe66 (.text:MLDLeaveGroup)
                  0c0636a0    000000c0                         : nimu.oe66 (.text:NIMUFindByName)
                  0c063760    000000c0     netctrl.ae66 : netsrv.oe66 (.text:NS_BootTask)
                  0c063820    000000c0     stk6_ppp_pppoe.ae66 : node.oe66 (.text:NodeUpdatePL)
                  0c0638e0    000000c0     nettool.ae66 : ipaddr.oe66 (.text:NtIfIdx2Ip)
                  0c0639a0    000000c0     ti.drv.qmss.ae66 : qmss_drv.oe66 (.text:Qmss_setEoiVector)
                  0c063a60    000000c0     stk6_ppp_pppoe.ae66 : route6.oe66 (.text:Rt6FindDefaultRouter)
                  0c063b20    000000c0                         : rtable.oe66 (.text:RtWalkBegin)
                  0c063be0    000000c0                         : sb6.oe66 (.text:SB6Flush)
                  0c063ca0    000000c0                         : sb6.oe66 (.text:SB6SetMax)
                  0c063d60    000000c0                         : sb.oe66 (.text:SBFlush)
                  0c063e20    000000c0     ipc.lib : Ipc.obj (.text:SharedRegion_getId)
                  0c063ee0    000000c0     stk6_ppp_pppoe.ae66 : sock6.oe66 (.text:Sock6IntAbort)
                  0c063fa0    000000c0                         : sock6pcb.oe66 (.text:Sock6PcbResolveChain)
                  0c064060    000000c0                         : sock6pcb.oe66 (.text:Sock6PcbRtChange)
                  0c064120    000000c0                         : sock.oe66 (.text:SockIntAbort)
                  0c0641e0    000000c0                         : sockpcb.oe66 (.text:SockPcbRtChange)
                  0c0642a0    000000c0                         : tcp6prot.oe66 (.text:TCP6Close)
                  0c064360    000000c0                         : tcp6time.oe66 (.text:TCP6TimeoutSackRexmt)
                  0c064420    000000c0     os.ae66 : task.oe66 (.text:TaskGetEnv)
                  0c0644e0    000000c0     stk6_ppp_pppoe.ae66 : tcp.oe66 (.text:TcpChecksum)
                  0c0645a0    000000c0                         : tcpprot.oe66 (.text:TcpClose)
                  0c064660    000000c0                         : tcptime.oe66 (.text:TcpTimeoutSackRexmt)
                  0c064720    000000c0                         : bind6.oe66 (.text:_Bind6FindByHostInList)
                  0c0647e0    000000c0                         : bind6.oe66 (.text:_Bind6FindByNetInList)
                  0c0648a0    000000c0     rts6600_elf_mt.lib : dtor_list.obj (.text:__cxa_finalize)
                  0c064960    000000c0                        : divu.obj (.text:__divu)
                  0c064a20    000000c0                        : remi.obj (.text:__remi)
                  0c064ae0    000000c0                        : fflush.obj (.text:_doflush)
                  0c064ba0    000000c0     ti.drv.cppi.ae66 : cppi_listlib.oe66 (.text:cppi_list_remove_node)
                  0c064c60    000000c0     nettool.ae66 : dhcptags.oe66 (.text:dhcpOptionsClear)
                  0c064d20    000000c0     os.ae66 : efs.oe66 (.text:efs_fopen)
                  0c064de0    000000c0     ti.omp.config.sysbios.ae66 : bar.oe66 (.text:gomp_sem_wait)
                  0c064ea0    000000c0     nettool.ae66 : httpsend.oe66 (.text:httpSendFullResponse)
                  0c064f60    000000c0     ti.omp.config.sysbios.ae66 : preinit.oe66 (.text:initMPAX)
                  0c065020    000000c0     os.ae66 : mem.oe66 (.text:mmZeroInit)
                  0c0650e0    000000c0     rts6600_elf_mt.lib : _mutex.obj (.text:mutex_init)
                  0c0651a0    000000c0     stk6_ppp_pppoe.ae66 : nimuppp.oe66 (.text:pppAddIP)
                  0c065260    000000c0     rts6600_elf_mt.lib : _pthread.obj (.text:pthread_mutex_lock)
                  0c065320    000000c0                        : _pthread.obj (.text:pthread_mutex_unlock)
                  0c0653e0    000000c0                        : _pthread.obj (.text:pthread_once)
                  0c0654a0    000000c0     ti.omp.utils.C6678.ae66 : OpenMPDnldCore.oe66 (.text:reset_core)
                  0c065560    000000c0     ti.omp.utils.ae66 : OpenMP.oe66 (.text:ti_omp_utils_OpenMP_threadSpawnLoop__I)
                  0c065620    000000c0                       : ThreadLocal.oe66 (.text:ti_omp_utils_ThreadLocal_exitFxn__F)
                  0c0656e0    000000c0     image_processing_openmp_evmc6678l_pe66.oe66 (.text:ti_sdo_ipc_GateMP_Object__create__S)
                  0c0657a0    000000c0     ipc.lib : Ipc.obj (.text:ti_sdo_ipc_GateMP_getRegion0ReservedSize__F)
                  0c065860    000000c0             : Ipc.obj (.text:ti_sdo_ipc_Notify_execMany__I)
                  0c065920    000000c0             : Ipc.obj (.text:ti_sdo_ipc_family_c647x_Interrupt_intShmStub__I)
                  0c0659e0    000000c0     image_processing_openmp_evmc6678l_pe66.oe66 (.text:ti_sdo_ipc_gates_GatePeterson_Object__create__S)
                  0c065aa0    000000c0     image_processing_openmp_evmc6678l_pe66.oe66 (.text:ti_sdo_ipc_heaps_HeapMemMP_Object__create__S)
                  0c065b60    000000c0     image_processing_openmp_evmc6678l_pe66.oe66 (.text:ti_sdo_ipc_nsremote_NameServerRemoteNotify_Object__create__S)
                  0c065c20    000000c0     ipc.lib : Ipc.obj (.text:ti_sdo_ipc_transports_TransportShmNotifySetup_attach__E)
                  0c065ce0    000000c0     image_processing_openmp_evmc6678l_pe66.oe66 (.text:ti_sdo_ipc_transports_TransportShmNotify_Object__create__S)
                  0c065da0    000000c0     sysbios.ae66 : BIOS.obj (.text:ti_sysbios_BIOS_errorRaiseHook__I)
                  0c065e60    000000c0                  : BIOS.obj (.text:ti_sysbios_gates_GateAll_leave__E)
                  0c065f20    000000c0                  : BIOS.obj (.text:ti_sysbios_heaps_HeapMem_getStats__E)
                  0c065fe0    000000c0                  : BIOS.obj (.text:ti_sysbios_knl_Clock_logTick__E)
                  0c0660a0    000000c0                  : BIOS.obj (.text:ti_sysbios_knl_Swi_Instance_finalize__F)
                  0c066160    000000c0     image_processing_openmp_evmc6678l_pe66.oe66 (.text:ti_sysbios_knl_Swi_Object__create__S)
                  0c066220    000000c0     image_processing_openmp_evmc6678l_pe66.oe66 (.text:ti_sysbios_knl_Task_Object__create__S)
                  0c0662e0    000000c0     sysbios.ae66 : BIOS.obj (.text:ti_sysbios_knl_Task_allBlockedFunction__I)
                  0c0663a0    000000c0                  : BIOS.obj (.text:ti_sysbios_timers_timer64_Timer_startup__E)
                  0c066460    000000c0     rts6600_elf_mt.lib : tls.obj (.text:tls:init:__TI_tls_init)
                  0c066520    000000c0                        : vfprintf.obj (.text:vfprintf)
                  0c0665e0    000000c0     ti.targets.rts6000.ae66 : System.oe66 (.text:xdc_runtime_System_formatNum__I)
                  0c0666a0    000000c0     image_processing_openmp_evmc6678l_pe66.oe66 (.text:xdc_runtime_knl_GateThread_Object__create__S)
                  0c066760    000000a0     ti.omp.config.sysbios.ae66 : preinit.oe66 (.text:CSL_XMC_getXMPAXL)
                  0c066800    000000a0     nettool.ae66 : config.oe66 (.text:CfgEntryDeRef)
                  0c0668a0    000000a0                  : config.oe66 (.text:CfgEntryGetData)
                  0c066940    000000a0                  : config.oe66 (.text:CfgGetImmediate)
                  0c0669e0    000000a0                  : telnetd.oe66 (.text:CmdWriteBytes)
                  0c066a80    000000a0                  : telnetd.oe66 (.text:CmdWriteCmd)
                  0c066b20    000000a0     ti.drv.cppi.ae66 : cppi_drv.oe66 (.text:Cppi_channelEnable)
                  0c066bc0    000000a0     stk6_ppp_pppoe.ae66 : file.oe66 (.text:FdSignalEvent)
                  0c066c60    000000a0     rts6600_elf_mt.lib : trgdrv.obj (.text:HOSTunlink)
                  0c066d00    000000a0     stk6_ppp_pppoe.ae66 : ipfrag.oe66 (.text:IPReasmFree)
                  0c066da0    000000a0                         : ipfrag.oe66 (.text:IPReasmTimeout)
                  0c066e40    000000a0                         : ipv6.oe66 (.text:IPv6CompareAddress)
                  0c066ee0    000000a0                         : lliin.oe66 (.text:LLIValidateRoute)
                  0c066f80    000000a0                         : md5.oe66 (.text:MD5Final)
                  0c067020    000000a0                         : nimu.oe66 (.text:NIMUShutdown)
                  0c0670c0    000000a0                         : nimu.oe66 (.text:NIMUUnregister)
                  0c067160    000000a0     nettool.ae66 : ipaddr.oe66 (.text:NtAddNetwork)
                  0c067200    000000a0     stk6_ppp_pppoe.ae66 : pbm.oe66 (.text:PBM_open)
[...]
0c0d52a0   ti_sdo_utils_List_Object__table__C
0c0d52a4   ti_sdo_utils_MultiProc_A_invalidMultiProcId__C
0c0d52a8   ti_sdo_utils_MultiProc_Module__diagsEnabled__C
0c0d52ac   ti_sdo_utils_MultiProc_Module__diagsIncluded__C
0c0d52b0   ti_sdo_utils_MultiProc_Module__diagsMask__C
0c0d52b4   ti_sdo_utils_NameServer_A_invArgument__C
0c0d52b8   ti_sdo_utils_NameServer_A_invalidLen__C
0c0d52bc   ti_sdo_utils_NameServer_E_entryExists__C
0c0d52c0   ti_sdo_utils_NameServer_E_maxReached__C
0c0d52c4   ti_sdo_utils_NameServer_Instance_State_freeList__O
0c0d52c8   ti_sdo_utils_NameServer_Instance_State_nameList__O
0c0d52cc   ti_sdo_utils_NameServer_Module__diagsEnabled__C
0c0d52d0   ti_sdo_utils_NameServer_Module__diagsIncluded__C
0c0d52d4   ti_sdo_utils_NameServer_Module__diagsMask__C
0c0d52d8   ti_sdo_utils_NameServer_Object__count__C
0c0d52dc   ti_sdo_utils_NameServer_Object__table__C
0c0d52e0   ti_sysbios_BIOS_Module__diagsEnabled__C
0c0d52e4   ti_sysbios_BIOS_Module__diagsIncluded__C
0c0d52e8   ti_sysbios_BIOS_Module__diagsMask__C
0c0d52ec   ti_sysbios_BIOS_installedErrorHook__C
0c0d52f0   ti_sysbios_family_c62_TaskSupport_stackAlignment__C
0c0d52f4   ti_sysbios_family_c64p_EventCombiner_E_unpluggedEvent__C
0c0d52f8   ti_sysbios_family_c64p_Exception_E_exceptionMax__C
0c0d52fc   ti_sysbios_family_c64p_Exception_E_exceptionMin__C
0c0d5300   ti_sysbios_family_c64p_Exception_exceptionHook__C
0c0d5304   ti_sysbios_family_c64p_Exception_externalHook__C
0c0d5308   ti_sysbios_family_c64p_Exception_internalHook__C
0c0d530c   ti_sysbios_family_c64p_Exception_nmiHook__C
0c0d5310   ti_sysbios_family_c64p_Hwi_E_alreadyDefined__C
0c0d5314   ti_sysbios_family_c64p_Hwi_E_handleNotFound__C
0c0d5318   ti_sysbios_family_c64p_Hwi_LD_end__C
0c0d531c   ti_sysbios_family_c64p_Hwi_LM_begin__C
0c0d5320   ti_sysbios_family_c64p_Hwi_Module__diagsEnabled__C
0c0d5324   ti_sysbios_family_c64p_Hwi_Module__diagsIncluded__C
0c0d5328   ti_sysbios_family_c64p_Hwi_Module__diagsMask__C
0c0d532c   ti_sysbios_family_c64p_Hwi_Module__loggerFxn1__C
0c0d5330   ti_sysbios_family_c64p_Hwi_Module__loggerFxn8__C
0c0d5334   ti_sysbios_family_c64p_Hwi_Module__loggerObj__C
0c0d5338   ti_sysbios_family_c66_Cache_atomicBlockSize__C
0c0d533c   ti_sysbios_gates_GateMutexPri_A_badContext__C
0c0d5340   ti_sysbios_gates_GateMutexPri_A_enterTaskDisabled__C
0c0d5344   ti_sysbios_gates_GateMutexPri_Instance_State_pendQ__O
0c0d5348   ti_sysbios_gates_GateMutexPri_Module__diagsEnabled__C
0c0d534c   ti_sysbios_gates_GateMutexPri_Module__diagsIncluded__C
0c0d5350   ti_sysbios_gates_GateMutexPri_Module__diagsMask__C
0c0d5354   ti_sysbios_gates_GateMutex_A_badContext__C
0c0d5358   ti_sysbios_gates_GateMutex_Instance_State_sem__O
0c0d535c   ti_sysbios_gates_GateMutex_Module__diagsEnabled__C
0c0d5360   ti_sysbios_gates_GateMutex_Module__diagsIncluded__C
0c0d5364   ti_sysbios_gates_GateMutex_Module__diagsMask__C
0c0d5368   ti_sysbios_gates_GateSwi_A_badContext__C
0c0d536c   ti_sysbios_gates_GateSwi_Module__diagsEnabled__C
0c0d5370   ti_sysbios_gates_GateSwi_Module__diagsIncluded__C
0c0d5374   ti_sysbios_gates_GateSwi_Module__diagsMask__C
0c0d5378   ti_sysbios_hal_Hwi_E_stackOverflow__C
0c0d537c   ti_sysbios_heaps_HeapBuf_Instance_State_freeList__O
0c0d5380   ti_sysbios_heaps_HeapBuf_Object__count__C
0c0d5384   ti_sysbios_heaps_HeapBuf_Object__table__C
0c0d5388   ti_sysbios_heaps_HeapBuf_numConstructedHeaps__C
0c0d538c   ti_sysbios_heaps_HeapMem_A_align__C
0c0d5390   ti_sysbios_heaps_HeapMem_A_heapSize__C
0c0d5394   ti_sysbios_heaps_HeapMem_A_invalidFree__C
0c0d5398   ti_sysbios_heaps_HeapMem_A_zeroBlock__C
0c0d539c   ti_sysbios_heaps_HeapMem_E_memory__C
0c0d53a0   ti_sysbios_heaps_HeapMem_Module__diagsEnabled__C
0c0d53a4   ti_sysbios_heaps_HeapMem_Module__diagsIncluded__C
0c0d53a8   ti_sysbios_heaps_HeapMem_Module__diagsMask__C
0c0d53ac   ti_sysbios_heaps_HeapMem_Module__gateObj__C
0c0d53b0   ti_sysbios_heaps_HeapMem_Object__count__C
0c0d53b4   ti_sysbios_heaps_HeapMem_Object__table__C
0c0d53b8   ti_sysbios_heaps_HeapMem_reqAlign__C
0c0d53bc   ti_sysbios_knl_Clock_A_badThreadType__C
0c0d53c0   ti_sysbios_knl_Clock_LM_begin__C
0c0d53c4   ti_sysbios_knl_Clock_LM_tick__C
0c0d53c8   ti_sysbios_knl_Clock_LW_delayed__C
0c0d53cc   ti_sysbios_knl_Clock_Module_State_clockQ__O
0c0d53d0   ti_sysbios_knl_Clock_Module__diagsEnabled__C
0c0d53d4   ti_sysbios_knl_Clock_Module__diagsIncluded__C
0c0d53d8   ti_sysbios_knl_Clock_Module__diagsMask__C
0c0d53dc   ti_sysbios_knl_Clock_Module__loggerFxn1__C
0c0d53e0   ti_sysbios_knl_Clock_Module__loggerFxn2__C
0c0d53e4   ti_sysbios_knl_Clock_Module__loggerObj__C
0c0d53e8   ti_sysbios_knl_Clock_tickMode__C
0c0d53ec   ti_sysbios_knl_Clock_tickSource__C
0c0d53f0   ti_sysbios_knl_Queue_Object__count__C
0c0d53f4   ti_sysbios_knl_Queue_Object__table__C
0c0d53f8   ti_sysbios_knl_Semaphore_A_badContext__C
0c0d53fc   ti_sysbios_knl_Semaphore_A_noEvents__C
0c0d5400   ti_sysbios_knl_Semaphore_A_overflow__C
0c0d5404   ti_sysbios_knl_Semaphore_A_pendTaskDisabled__C
0c0d5408   ti_sysbios_knl_Semaphore_Instance_State_pendQ__O
0c0d540c   ti_sysbios_knl_Semaphore_LM_pend__C
0c0d5410   ti_sysbios_knl_Semaphore_LM_post__C
0c0d5414   ti_sysbios_knl_Semaphore_Module__diagsEnabled__C
0c0d5418   ti_sysbios_knl_Semaphore_Module__diagsIncluded__C
0c0d541c   ti_sysbios_knl_Semaphore_Module__diagsMask__C
0c0d5420   ti_sysbios_knl_Semaphore_Module__loggerFxn2__C
0c0d5424   ti_sysbios_knl_Semaphore_Module__loggerFxn4__C
0c0d5428   ti_sysbios_knl_Semaphore_Module__loggerObj__C
0c0d542c   ti_sysbios_knl_Swi_A_badPriority__C
0c0d5430   ti_sysbios_knl_Swi_LD_end__C
0c0d5434   ti_sysbios_knl_Swi_LM_begin__C
0c0d5438   ti_sysbios_knl_Swi_LM_post__C
0c0d543c   ti_sysbios_knl_Swi_Module__diagsEnabled__C
0c0d5440   ti_sysbios_knl_Swi_Module__diagsIncluded__C
0c0d5444   ti_sysbios_knl_Swi_Module__diagsMask__C
0c0d5448   ti_sysbios_knl_Swi_Module__loggerFxn1__C
0c0d544c   ti_sysbios_knl_Swi_Module__loggerFxn4__C
0c0d5450   ti_sysbios_knl_Swi_Module__loggerObj__C
0c0d5454   ti_sysbios_knl_Swi_Object__count__C
0c0d5458   ti_sysbios_knl_Swi_Object__table__C
0c0d545c   ti_sysbios_knl_Swi_numPriorities__C
0c0d5460   ti_sysbios_knl_Task_A_badPriority__C
0c0d5464   ti_sysbios_knl_Task_A_badTaskState__C
0c0d5468   ti_sysbios_knl_Task_A_badThreadType__C
0c0d546c   ti_sysbios_knl_Task_A_badTimeout__C
0c0d5470   ti_sysbios_knl_Task_A_noPendElem__C
0c0d5474   ti_sysbios_knl_Task_A_sleepTaskDisabled__C
0c0d5478   ti_sysbios_knl_Task_E_deleteNotAllowed__C
0c0d547c   ti_sysbios_knl_Task_E_spOutOfBounds__C
0c0d5480   ti_sysbios_knl_Task_E_stackOverflow__C
0c0d5484   ti_sysbios_knl_Task_LD_block__C
0c0d5488   ti_sysbios_knl_Task_LD_exit__C
0c0d548c   ti_sysbios_knl_Task_LD_ready__C
0c0d5490   ti_sysbios_knl_Task_LM_setPri__C
0c0d5494   ti_sysbios_knl_Task_LM_sleep__C
0c0d5498   ti_sysbios_knl_Task_LM_switch__C
0c0d549c   ti_sysbios_knl_Task_LM_yield__C
0c0d54a0   ti_sysbios_knl_Task_Module_State_inactiveQ__O
0c0d54a4   ti_sysbios_knl_Task_Module_State_terminatedQ__O
0c0d54a8   ti_sysbios_knl_Task_Module__diagsEnabled__C
0c0d54ac   ti_sysbios_knl_Task_Module__diagsIncluded__C
0c0d54b0   ti_sysbios_knl_Task_Module__diagsMask__C
0c0d54b4   ti_sysbios_knl_Task_Module__loggerFxn2__C
0c0d54b8   ti_sysbios_knl_Task_Module__loggerFxn4__C
0c0d54bc   ti_sysbios_knl_Task_Module__loggerObj__C
0c0d54c0   ti_sysbios_knl_Task_Object__count__C
0c0d54c4   ti_sysbios_knl_Task_Object__heap__C
0c0d54c8   ti_sysbios_knl_Task_Object__table__C
0c0d54cc   ti_sysbios_knl_Task_allBlockedFunc__C
0c0d54d0   ti_sysbios_knl_Task_defaultStackHeap__C
0c0d54d4   ti_sysbios_knl_Task_defaultStackSize__C
0c0d54d8   ti_sysbios_knl_Task_numConstructedTasks__C
0c0d54dc   ti_sysbios_knl_Task_numPriorities__C
0c0d54e0   ti_sysbios_timers_timer64_Timer_A_notAvailable__C
0c0d54e4   ti_sysbios_timers_timer64_Timer_E_cannotSupport__C
0c0d54e8   ti_sysbios_timers_timer64_Timer_Module__diagsEnabled__C
0c0d54ec   ti_sysbios_timers_timer64_Timer_Module__diagsIncluded__C
0c0d54f0   ti_sysbios_timers_timer64_Timer_Module__diagsMask__C
0c0d54f4   ti_sysbios_timers_timer64_Timer_anyMask__C
0c0d54f8   ti_sysbios_timers_timer64_Timer_freqDivisor__C
0c0d54fc   ti_sysbios_timers_timer64_Timer_numLocalTimers__C
0c0d5500   ti_sysbios_timers_timer64_Timer_numTimerDevices__C
0c0d5504   ti_sysbios_xdcruntime_GateThreadSupport_Instance_State_gate__O
0c0d5508   xdc_runtime_Assert_E_assertFailed__C
0c0d550c   xdc_runtime_Core_A_initializedParams__C
0c0d5510   xdc_runtime_Core_Module__diagsEnabled__C
0c0d5514   xdc_runtime_Core_Module__diagsIncluded__C
0c0d5518   xdc_runtime_Core_Module__diagsMask__C
0c0d551c   xdc_runtime_Error_E_memory__C
0c0d5520   xdc_runtime_Error_Module__diagsEnabled__C
0c0d5524   xdc_runtime_Error_Module__diagsIncluded__C
0c0d5528   xdc_runtime_Error_Module__diagsMask__C
0c0d552c   xdc_runtime_Error_Module__loggerFxn8__C
0c0d5530   xdc_runtime_Error_Module__loggerObj__C
0c0d5534   xdc_runtime_Error_policy__C
0c0d5538   xdc_runtime_Error_raiseHook__C
0c0d553c   xdc_runtime_IGateProvider_Interface__BASE__C
0c0d5540   xdc_runtime_IHeap_Interface__BASE__C
0c0d5544   xdc_runtime_IModule_Interface__BASE__C
0c0d5548   xdc_runtime_Log_L_error__C
0c0d554c   xdc_runtime_Main_Module__diagsEnabled__C
0c0d5550   xdc_runtime_Main_Module__diagsIncluded__C
0c0d5554   xdc_runtime_Main_Module__diagsMask__C
0c0d5558   xdc_runtime_Main_Module__loggerFxn4__C
0c0d555c   xdc_runtime_Main_Module__loggerObj__C
0c0d5560   xdc_runtime_Memory_defaultHeapInstance__C
0c0d5564   xdc_runtime_Startup_execImpl__C
0c0d5568   xdc_runtime_Startup_maxPasses__C
0c0d556c   xdc_runtime_Startup_sfxnRts__C
0c0d5570   xdc_runtime_Startup_sfxnTab__C
0c0d5574   xdc_runtime_Startup_startModsFxn__C
0c0d5578   xdc_runtime_SysMin_bufSize__C
0c0d557c   xdc_runtime_SysMin_outputFunc__C
0c0d5580   xdc_runtime_System_Module__gateObj__C
0c0d5584   xdc_runtime_System_extendFxn__C
0c0d5588   xdc_runtime_System_maxAtexitHandlers__C
0c0d558c   xdc_runtime_Text_charTab__C
0c0d5590   xdc_runtime_Text_nameEmpty__C
0c0d5594   xdc_runtime_Text_nameStatic__C
0c0d5598   xdc_runtime_Text_nameUnknown__C
0c0d559c   xdc_runtime_Text_nodeTab__C
0c0d55a0   xdc_runtime_Text_visitRopeFxn__C
0c0d55a4   ti_omp_utils_OpenMP_enableMemoryConsistency__C
0c0d55ac   ti_omp_utils_OpenMP_qmssInit__C
0c0d55b0   ti_omp_utils_SemaphoreMP_Module__id__C
0c0d55b4   ti_omp_utils_ThreadLocal_Module__id__C
0c0d55b8   ti_sdo_ipc_GateMP_Module__id__C
0c0d55bc   ti_sdo_ipc_GateMP_Module__loggerDefined__C
0c0d55c0   ti_sdo_ipc_Ipc_Module__id__C
0c0d55c4   ti_sdo_ipc_Ipc_generateSlaveDataForHost__C
0c0d55c8   ti_sdo_ipc_MessageQ_Module__id__C
0c0d55cc   ti_sdo_ipc_MessageQ_Module__loggerDefined__C
0c0d55d0   ti_sdo_ipc_Notify_Module__id__C
0c0d55d4   ti_sdo_ipc_Notify_numLines__C
0c0d55d8   ti_sdo_ipc_Notify_reservedEvents__C
0c0d55dc   ti_sdo_ipc_SharedRegion_Module__id__C
0c0d55e0   ti_sdo_ipc_SharedRegion_numEntries__C
0c0d55e4   ti_sdo_ipc_SharedRegion_translate__C
0c0d55e8   ti_sdo_ipc_family_c647x_Interrupt_enableKick__C
0c0d55ec   ti_sdo_ipc_gates_GateHWSem_Module__id__C
0c0d55f0   ti_sdo_ipc_gates_GateMPSupportNull_Module__id__C
0c0d55f4   ti_sdo_ipc_gates_GatePeterson_Module__id__C
0c0d55f8   ti_sdo_ipc_heaps_HeapMemMP_Module__id__C
0c0d55fc   ti_sdo_ipc_notifyDrivers_NotifyDriverCirc_Module__id__C
0c0d5600   ti_sdo_ipc_notifyDrivers_NotifyDriverCirc_enableStats__C
0c0d5604   ti_sdo_ipc_nsremote_NameServerRemoteNotify_Module__id__C
0c0d5608   ti_sdo_ipc_transports_TransportShmNotify_alwaysWriteBackMsg__C
0c0d560c   ti_sdo_ipc_transports_TransportShmNotify_notifyEventId__C
0c0d5610   ti_sdo_utils_MultiProc_Module__id__C
0c0d5614   ti_sdo_utils_MultiProc_numProcessors__C
0c0d5618   ti_sdo_utils_MultiProc_numProcsInCluster__C
0c0d561c   ti_sdo_utils_NameServer_Module__id__C
0c0d5620   ti_sysbios_BIOS_Module__id__C
0c0d5624   ti_sysbios_family_c64p_EventCombiner_Module__id__C
0c0d5628   ti_sysbios_family_c64p_Exception_Module__id__C
0c0d562c   ti_sysbios_family_c64p_Exception_enableExternalMPC__C
0c0d5630   ti_sysbios_family_c64p_Exception_enablePrint__C
0c0d5634   ti_sysbios_family_c64p_Exception_useInternalBuffer__C
0c0d5638   ti_sysbios_family_c64p_Hwi_Module__id__C
0c0d563c   ti_sysbios_family_c64p_Hwi_Module__loggerDefined__C
0c0d5640   ti_sysbios_gates_GateMutexPri_Module__id__C
0c0d5644   ti_sysbios_gates_GateMutex_Module__id__C
0c0d5648   ti_sysbios_gates_GateSwi_Module__id__C
0c0d564c   ti_sysbios_hal_Hwi_Module__id__C
0c0d5650   ti_sysbios_heaps_HeapMem_Module__id__C
0c0d5654   ti_sysbios_knl_Clock_Module__id__C
0c0d5658   ti_sysbios_knl_Clock_Module__loggerDefined__C
0c0d565c   ti_sysbios_knl_Semaphore_Module__id__C
0c0d5660   ti_sysbios_knl_Semaphore_Module__loggerDefined__C
0c0d5664   ti_sysbios_knl_Swi_Module__id__C
0c0d5668   ti_sysbios_knl_Swi_Module__loggerDefined__C
0c0d566c   ti_sysbios_knl_Task_Module__id__C
0c0d5670   ti_sysbios_knl_Task_Module__loggerDefined__C
0c0d5674   ti_sysbios_knl_Task_deleteTerminatedTasks__C
0c0d5678   ti_sysbios_knl_Task_initStackFlag__C
0c0d567c   ti_sysbios_timers_timer64_Timer_Module__id__C
0c0d5680   ti_sysbios_timers_timer64_Timer_startupNeeded__C
0c0d5684   xdc_runtime_Core_Module__id__C
0c0d5688   xdc_runtime_Error_Module__loggerDefined__C
0c0d568c   xdc_runtime_Error_maxDepth__C
0c0d5690   xdc_runtime_Main_Module__id__C
0c0d5694   xdc_runtime_Main_Module__loggerDefined__C
0c0d5698   xdc_runtime_Memory_Module__id__C
0c0d569c   xdc_runtime_SysMin_flushAtExit__C
0c0d56a0   xdc_runtime_Text_charCnt__C
0c0d56a4   xdc_runtime_Text_isLoaded__C
0c0d56a8   xdc_runtime_Text_registryModsLastId__C
0c0d56ac   xdc_runtime_Text_unnamedModsLastId__C
0c0d5700   gHostDesc
0c0d9700   gPAInst
0c0d9800   gMemL2Ram
0c0d9be8   gMemL3Ram
0c0dabe0   gDeviceNandBBlist
0c0dbe0c   gDeviceNand
0c0dbe44   gDeviceNor
0c0dbe7c   gDeviceEeprom0
0c0dbeb4   gDeviceEeprom1
0c0dbef0   emac_port_mode
0c0dcc94   __TI_table_binit
0c0dcc94   __binit__
0c0dcc94   binit
0c0dcd00   gPaTxQHnd
0c0dcd24   gTxReturnQHnd
0c0dcd28   gTxFreeQHnd
0c0dcd2c   gRxFreeQHnd
0c0dcd30   gRxQHnd
0c0dcd34   gPaCfgCmdRespQHnd
0c0dcd38   gRxFlowHnd
0c0dcd40   gPaL2Handles
0c0dcd68   gPaL3Handles
0c0dcdb8   gPaL4Handles
0c0dcf00   gHiPriAccumList
0c0dd000   gAccChannelNum
0c0dd004   gTxPort
0c0dd008   gTxCounter
0c0dd00c   gRxCounter
0c0dd010   gTxDropCounter
0c0dd014   gRxDropCounter
0c0dd080   cppiObject
0c0dd280   gGlobalFreeQHnd
0c0dd288   gPassCpdmaTxChanHnd
0c0dd2b0   gPassCpdmaRxChanHnd
0c0dd310   gPassCpdmaHnd
0c0dd314   gPAInstHnd
0c0dd318   gQPopErrorCounter
0c0dd31c   gQPushErrorCounter
0c0dd400   ti_sysbios_family_c64p_Hwi0
0c0dd400   ti_sysbios_family_c64p_Hwi_int0
0c0dd420   ti_sysbios_family_c64p_Hwi_int1
0c0dd440   ti_sysbios_family_c64p_Hwi_int2
0c0dd460   ti_sysbios_family_c64p_Hwi_int3
0c0dd480   ti_sysbios_family_c64p_Hwi_int4
0c0dd4a0   ti_sysbios_family_c64p_Hwi_int5
0c0dd4c0   ti_sysbios_family_c64p_Hwi_int6
0c0dd4e0   ti_sysbios_family_c64p_Hwi_int7
0c0dd500   ti_sysbios_family_c64p_Hwi_int8
0c0dd520   ti_sysbios_family_c64p_Hwi_int9
0c0dd540   ti_sysbios_family_c64p_Hwi_int10
0c0dd560   ti_sysbios_family_c64p_Hwi_int11
0c0dd580   ti_sysbios_family_c64p_Hwi_int12
0c0dd5a0   ti_sysbios_family_c64p_Hwi_int13
0c0dd5c0   ti_sysbios_family_c64p_Hwi_int14
0c0dd5e0   ti_sysbios_family_c64p_Hwi_int15
0c0dd800   _c_int00
0c0de6f8   __TI_Handler_Table_Base
0c0de704   __TI_Handler_Table_Limit
0c0de77c   __TI_CINIT_Base
0c0de80c   __TI_CINIT_Limit
80000000   ti_sysbios_heaps_HeapMem_Instance_State_0_buf__A
a0230000   linkingRAM0
a0240000   eventDesc
a0242000   cpdmaCfg
a0242018   qmssInitConfig
a0242044   memInfo
a024205c   descCfg
a024208c   cppiHnd
a0242090   completionQueHnd
a0242094   eventQueHnd
a0242098   EventFreeDescHnd
a024209c   releaseHnd
a02420a0   isQMSSInitialized
a02420a4   release
a02420a8   runCount
a02420b0   gI2cBlock
a02420f4   PBMQ_free
a0242100   queueFree
a0244100   qmssGObj
a0244500   ti_ndk_config_Global_pit
a02446c0   ti_ndk_config_Global_pitBuffer
a0250d20   qmssLObj
a0251028   IPV6_LINKLOCALMASK
a0251038   IPV6_MULTICASTMASK
a0251048   IPV6_UNSPECIFIED_ADDRESS
a0251058   IPV6_LOOPBACK_ADDRESS
a0251068   IPV6_HOST_MASK
a0251078   IPV6_ALL_NODES_ADDRESS
a0251088   IPV6_ALL_ROUTER_ADDRESS
a0251098   ipv6mcb
a02510f0   tcps
a02511a8   tpseudo
a02511b4   tcp6_stats
a025126c   raweth_pcb
a0251270   _ICMPIn
a02512c0   _ICMPOut
a0251310   BlockMax
a0251330   BlockCount
a0251350   PageMax
a0251370   PageCount
a025138c   ips
a02513f4   nimu_mcb
a0251458   udps
a025147c   upseudo
a0251488   nimuGlobalConfigParams
a0251498   coreKey
a02514b8   vlan_mcb
a02514e0   udp6_stats
a0251508   gCppiCfg
a0251528   icmp6stats
a0251554   stkEvent
a0251564   raws
a0251574   raw6_stats
a0251584   raweths
a0251598   SemaphoreMP_pendElemKey
a025159c   ThreadLocal_usedKeys
a02515a0   CONTENT_TYPE_APPLET
a02515a0   __TI_STATIC_BASE
a02515a4   CONTENT_TYPE_AU
a02515a8   CONTENT_TYPE_CSS
a02515ac   CONTENT_TYPE_DOC
a02515b0   CONTENT_TYPE_GIF
a02515b4   CONTENT_TYPE_HTML
a02515b8   CONTENT_TYPE_JPG
a02515bc   CONTENT_TYPE_MPEG
a02515c0   CONTENT_TYPE_PDF
a02515c4   CONTENT_TYPE_WAV
a02515c8   CONTENT_TYPE_ZIP
a02515cc   CONTENT_TYPE
a02515d0   CONTENT_LENGTH
a02515d4   CRLF
a02515d8   DEFAULT_NAME
a02515dc   HTTP_VER
a02515e0   SPACE
a02515e4   LocalIPAddr
a02515e8   PCStaticIP
a02515ec   EVMStaticIP
a02515f0   LocalIPMask
a02515f4   GatewayIP
a02515f8   DomainName
a02515fc   DNSServer
a0251608   PITCount
a025160c   PITUsed
a0251610   PITHigh
a0251698   _IGMPForceVersion1
a02516b4   _ICMPInErrors
a02516b8   _ICMPOutErrors
a02516bc   _IPExecuting
a02516cc   gFragQList
a02516ec   tcp_iss
a02516f0   ptTimeFirst
a02516f4   pt6TimeFirst
a02516f8   tcp6_iss
a0251704   platform_errno
a0251708   platform_init_return_code
a0251718   httpErrorResponseHook
a0251724   _IPReasmPtr
a025172c   gMLDNodeList
a0251744   qmssLObjIsValid
a0251750   omp_qmssGblCfgParams
a0251870   qmssGblCfgParams
a0251990   HostName
a0251a90   _ipcfg
a0251b44   cppiLObj
a0251b48   ServiceStatus
a0251bc0   cppiGblCfgParams
a0251c38   NIMUDeviceTable
a0251e14   paLObj
a0251e18   Qmss_cdmaEoiVector
a0251e54   _oscfg
a0251e78   Qmss_highEoiVector
a0251ea0   pstrMsgName
a0251ec0   ti_ndk_config_Global_Id2Size
a0251ee0   ReportStr
a0251ef8   StatusStr
a0251f48   Qmss_lowEoiVector
a0252168   gomp_thread_attr
a02521a0   gomp_thread_destructor
a02521a4   gomp_main_exit
a02521a8   gomp_tls_key
a02521b0   ThreadLocal_destructors
a02521f0   gomp_global_icv
a0252200   gomp_max_active_levels_var
a0252204   gomp_thread_limit_var
a0252208   gomp_available_cpus
a025220c   gomp_managed_threads
a0252210   gomp_cpu_affinity
a0252214   gomp_cpu_affinity_len
a0252218   gomp_remaining_threads_count
a025221c   gomp_remaining_threads_lock
a0252220   gomp_spin_count_var
a0252228   gomp_throttled_spin_count_var
a0252254   stcp
a0252258   stcpactive
a025225c   s
a0252260   client_sock
a0252264   hCfg
a0252268   _IGMPInDiscard
a025226c   _IGMPInQuery
a0252270   _IGMPInQueryGroup
a0252274   _IGMPInResponse
a0252278   _IGMPOutResponse
a025227c   gTxCmdReturnQHnd
a0252280   gTxCmdFreeQHnd
a0252284   ethSemHandle
a02522a8   Ipc_sr0MemorySetup
a02522c0   IPV6_MAX_MULTICAST_SOLICIT
a02522c4   IPV6_MAX_UNICAST_SOLICIT
a02522c8   IPV6_RETRANS_TIME
a02522cc   IPV6_DELAY_FIRST_PROBE_TIME
a02522d0   IPV6_REACHABLE_TIME
a02522d4   IPV6_MAX_RTR_SOLICITATION_DELAY
a02522d8   IPV6_RTR_SOLICITATION_INTERVAL
a02522dc   IPV6_MAX_RTR_SOLICITATIONS
a02522e0   INFINITE_LT
a02522e4   ti_ndk_config_Global_rawPageSize
a02522e8   ti_ndk_config_Global_rawPageCount
a02522ec   ti_ndk_config_Global_smallest
a02522f0   ti_ndk_config_Global_largest
a02522f4   ti_ndk_config_Global_numFrameBuf
a02522f8   ti_ndk_config_Global_sizeFrameBuf
a02522fc   ddr_heap
ffffffff   __TI_pprof_out_hndl
ffffffff   __TI_prof_data_size
ffffffff   __TI_prof_data_start
ffffffff   __c_args__
UNDEFED    __TI_INITARRAY_Base
UNDEFED    __TI_INITARRAY_Limit
UNDEFED    __TI_TLS_BLOCK_SIZE
UNDEFED    __TI_TLS_INIT_Base
UNDEFED    __TI_TLS_INIT_Limit

[2380 symbols]
