******************************************************************************
               TMS320C6x Linker Unix v7.4.0                    
******************************************************************************
>> Linked Mon Nov 19 17:51:32 2012

OUTPUT FILE NAME:   <image_processing_openmp_evmc6678l.out>
ENTRY POINT SYMBOL: "_c_int00"  address: 0c0dd800


MEMORY CONFIGURATION

         name            origin    length      used     unused   attr    fill
----------------------  --------  ---------  --------  --------  ----  --------
  L2SRAM                00800000   00060000  0003588c  0002a774  RW X
  MSMCSRAM              0c000000   00200000  000e1e18  0011e1e8  RW X
  DDR3                  80000000   10000000  08104297  07efbd69  RW X
  DDR3_NOCACHE          90000000   10000000  01000000  0f000000  RW X
  MSMCSRAM_NOCACHE      a0200000   00200000  000531ac  001ace54  RW X


SEGMENT ALLOCATION MAP

run origin  load origin   length   init length attrs members
----------  ----------- ---------- ----------- ----- -------
00800000    00800000    0003516c   00034168    rw-
  00800000    00800000    00034168   00034168    rw- .localfar
  00834168    00834168    00001000   00000000    rw- .stack
  00835168    00835168    00000004   00000000    rw- .tls_tp
00835170    00835170    00000720   00000000    rw-
  00835170    00835170    00000600   00000000    rw- .far:NDK_OBJMEM
  00835770    00835770    00000120   00000000    rw- .cio
0c000000    0c000000    00076380   00076380    r-x
  0c000000    0c000000    00076360   00076360    r-x .text
  0c076360    0c076360    00000020   00000020    r-- .const.1
0c076380    0c076380    00052b00   00000000    rw-
  0c076380    0c076380    00052b00   00000000    rw- .far:NDK_PACKETMEM
0c0c8e80    0c0c8e80    0000c562   0000c562    r--
  0c0c8e80    0c0c8e80    0000c562   0000c562    r-- .const.2
0c0d53e4    0c0d53e4    0000001c   0000001c    r--
  0c0d53e4    0c0d53e4    0000001c   0000001c    r-- .switch.1
0c0d5400    0c0d5400    00005488   00000000    rw-
  0c0d5400    0c0d5400    00004000   00000000    rw- .resmgr_memregion
  0c0d9400    0c0d9400    00001488   00000000    rw- .resmgr_pa
0c0da888    0c0da888    00001370   00001370    rw-
  0c0da888    0c0da888    00001370   00001370    rw- platform_lib
0c0dca58    0c0dca58    000001a8   000001a8    r--
  0c0dca58    0c0dca58    000001a8   000001a8    r-- .switch.2
0c0dcc00    0c0dcc00    00000434   00000434    r-x
  0c0dcc00    0c0dcc00    00000200   00000200    r-x .vecs
  0c0dce00    0c0dce00    00000234   00000234    r-- .switch.3
0c0dd040    0c0dd040    0000001c   0000001c    rw-
  0c0dd040    0c0dd040    0000001c   0000001c    rw- .far:NDK_MMBUFFER1
0c0dd05c    0c0dd05c    0000001c   0000001c    r--
  0c0dd05c    0c0dd05c    0000001c   0000001c    r-- .binit
0c0dd080    0c0dd080    00000318   00000318    rw-
  0c0dd080    0c0dd080    00000318   00000318    rw- .nimu_eth_ll2
0c0dd400    0c0dd400    000002a0   00000000    rw-
  0c0dd400    0c0dd400    00000200   00000000    rw- .cppi
  0c0dd600    0c0dd600    000000a0   00000000    rw- .resmgr_handles
0c0dd800    0c0dd800    00004800   00004800    r-x
  0c0dd800    0c0dd800    000000a0   000000a0    r-x .text:_c_int00
  0c0dd8a0    0c0dd8a0    00004760   00004760    r-- .cinit
80000000    80000000    08000000   00000000    rw-
  80000000    80000000    08000000   00000000    rw- ddr_heap
88000000    88000000    00104297   00104297    rw-
  88000000    88000000    00104297   00104297    rw- .far:WEBDATA
a0230000    a0230000    000120ac   00000000    rw-
  a0230000    a0230000    000120ac   00000000    rw- .qmss.1
a02420b0    a02420b0    00000050   00000000    rw-
  a02420b0    a02420b0    00000050   00000000    rw- .far.1
a0242100    a0242100    0000fef4   00000000    rw-
  a0242100    a0242100    00002400   00000000    rw- .qmss.2
  a0244500    a0244500    0000daf4   00000000    rw- .far.2
a0251ff8    a0251ff8    00000006   00000006    rw-
  a0251ff8    a0251ff8    00000006   00000006    rw- gomp_data.1
a0252000    0c0dbc00    000001c9   000001c9    rw-
  a0252000    0c0dbc00    000001c9   000001c9    rw- .neardata
a02521d0    0c0dbdd0    00000c86   00000c86    rw-
  a02521d0    0c0dbdd0    00000c86   00000c86    rw- .fardata
a0252e58    a0252e58    00000320   000002a4    rw-
  a0252e58    a0252e58    000002a4   000002a4    rw- gomp_data.2
  a02530fc    a02530fc    0000007c   00000000    rw- .bss
a0253178    a0253178    00000040   00000040    r--
  a0253178    a0253178    00000040   00000040    r-- .rodata


SECTION ALLOCATION MAP

 output                                  attributes/
section   page    origin      length       input sections
--------  ----  ----------  ----------   ----------------
.init_array 
*          0    00800000    00000000     UNINITIALIZED

.init_array 
*          0    a0200000    00000000     UNINITIALIZED

.localfar 
*          0    00800000    00034168     
                  00800000    00028050     image_processing_openmp_evmc6678l_pe66.oe66 (.far) [fill = 0]
                  00828050    0000a000     image_processing_openmp_evmc6678l_pe66.oe66 (.far:taskStackSection) [fill = 0]
                  00832050    00000150     rts6600_elf_mt.lib : _mutex.obj (.far) [fill = 0]
                  008321a0    00000140                        : defs.obj (.far) [fill = 0]
                  008322e0    000000c8                        : getenv.obj (.far) [fill = 0]
                  008323a8    00000008                        : trgdrv.obj (.far) [fill = 0]
                  008323b0    00000800     image_processing_openmp_evmc6678l_pe66.oe66 (.fardata:ti_sdo_ipc_GateMP_Module_State_0_remoteCustom1Gates__A)
                  00832bb0    00000774     image_processing_openmp_evmc6678l_pe66.oe66 (.fardata)
                  00833324    00000004     --HOLE--
                  00833328    00000180     image_processing_openmp_evmc6678l_pe66.oe66 (.fardata:ti_sysbios_timers_timer64_Timer_Module_State_0_device__A)
                  008334a8    00000118     image_processing_openmp_evmc6678l_pe66.oe66 (.fardata:ti_sdo_utils_NameServer_Object__table__V)
                  008335c0    000000d8     image_processing_openmp_evmc6678l_pe66.oe66 (.fardata:ti_sysbios_knl_Task_Object__table__V)
                  00833698    000000a0     image_processing_openmp_evmc6678l_pe66.oe66 (.fardata:ti_sdo_ipc_Ipc_Module_State_0_procEntry__A)
                  00833738    00000098     image_processing_openmp_evmc6678l_pe66.oe66 (.fardata:ti_sysbios_timers_timer64_Timer_Object__table__V)
                  008337d0    00000090     image_processing_openmp_evmc6678l_pe66.oe66 (.fardata:ti_sdo_ipc_SharedRegion_Module_State_0_regions__A)
                  00833860    00000080     image_processing_openmp_evmc6678l_pe66.oe66 (.fardata:ti_sdo_ipc_GateMP_Module_State_0_remoteSystemGates__A)
                  008338e0    00000080     image_processing_openmp_evmc6678l_pe66.oe66 (.fardata:ti_sysbios_knl_Swi_Module_State_0_readyQ__A)
                  00833960    00000080     image_processing_openmp_evmc6678l_pe66.oe66 (.fardata:ti_sysbios_knl_Task_Module_State_0_readyQ__A)
                  008339e0    00000080     image_processing_openmp_evmc6678l_pe66.oe66 (.fardata:ti_sysbios_timers_timer64_Timer_Module_State_0_gctrl__A)
                  00833a60    00000080     image_processing_openmp_evmc6678l_pe66.oe66 (.fardata:ti_sysbios_timers_timer64_Timer_Module_State_0_handles__A)
                  00833ae0    00000080     image_processing_openmp_evmc6678l_pe66.oe66 (.fardata:ti_sysbios_timers_timer64_Timer_Module_State_0_intFreqs__A)
                  00833b60    00000078     image_processing_openmp_evmc6678l_pe66.oe66 (.fardata:ti_sysbios_family_c64p_Hwi_Object__table__V)
                  00833bd8    00000040     image_processing_openmp_evmc6678l_pe66.oe66 (.fardata:ti_sdo_ipc_MessageQ_Module_State_0_transports__A)
                  00833c18    00000040     image_processing_openmp_evmc6678l_pe66.oe66 (.fardata:ti_sdo_ipc_family_c647x_Interrupt_Module_State_0_fxnTable__A)
                  00833c58    00000040     image_processing_openmp_evmc6678l_pe66.oe66 (.fardata:ti_sysbios_gates_GateMutex_Object__table__V)
                  00833c98    00000030     image_processing_openmp_evmc6678l_pe66.oe66 (.fardata:ti_sysbios_knl_Swi_Object__table__V)
                  00833cc8    00000028     image_processing_openmp_evmc6678l_pe66.oe66 (.fardata:ti_sysbios_heaps_HeapMem_Object__table__V)
                  00833cf0    00000020     image_processing_openmp_evmc6678l_pe66.oe66 (.fardata:ti_sdo_ipc_MessageQ_Module_State_0_heaps__A)
                  00833d10    00000020     image_processing_openmp_evmc6678l_pe66.oe66 (.fardata:ti_sdo_ipc_Notify_Module_State_0_notifyHandles__A)
                  00833d30    00000020     image_processing_openmp_evmc6678l_pe66.oe66 (.fardata:ti_sdo_ipc_transports_TransportShmNotifySetup_Module_State_0_handles__A)
                  00833d50    00000020     image_processing_openmp_evmc6678l_pe66.oe66 (.fardata:xdc_runtime_System_Module_State_0_atexitHandlers__A)
                  00833d70    00000018     image_processing_openmp_evmc6678l_pe66.oe66 (.fardata:ti_sysbios_gates_GateMutexPri_Object__table__V)
                  00833d88    00000010     image_processing_openmp_evmc6678l_pe66.oe66 (.fardata:ti_sysbios_gates_GateAll_Object__table__V)
                  00833d98    0000000c     image_processing_openmp_evmc6678l_pe66.oe66 (.fardata:ti_omp_utils_HeapOMP_Object__table__V)
                  00833da4    00000004     --HOLE--
                  00833da8    0000000c     image_processing_openmp_evmc6678l_pe66.oe66 (.fardata:ti_sysbios_gates_GateSwi_Object__table__V)
                  00833db4    00000004     --HOLE--
                  00833db8    00000008     image_processing_openmp_evmc6678l_pe66.oe66 (.fardata:ti_sysbios_hal_Hwi_Object__table__V)
                  00833dc0    00000008     image_processing_openmp_evmc6678l_pe66.oe66 (.fardata:ti_sysbios_hal_Timer_Object__table__V)
                  00833dc8    00000004     image_processing_openmp_evmc6678l_pe66.oe66 (.fardata:ti_sdo_ipc_GateMP_Module_State_0_remoteCustom2Gates__A)
                  00833dcc    00000004     --HOLE--
                  00833dd0    00000004     image_processing_openmp_evmc6678l_pe66.oe66 (.fardata:ti_sdo_ipc_Notify_Module_State_0_notifyHandles_0__A)
                  00833dd4    00000004     --HOLE--
                  00833dd8    00000004     image_processing_openmp_evmc6678l_pe66.oe66 (.fardata:ti_sdo_ipc_Notify_Module_State_0_notifyHandles_1__A)
                  00833ddc    00000004     --HOLE--
                  00833de0    00000004     image_processing_openmp_evmc6678l_pe66.oe66 (.fardata:ti_sdo_ipc_Notify_Module_State_0_notifyHandles_2__A)
                  00833de4    00000004     --HOLE--
                  00833de8    00000004     image_processing_openmp_evmc6678l_pe66.oe66 (.fardata:ti_sdo_ipc_Notify_Module_State_0_notifyHandles_3__A)
                  00833dec    00000004     --HOLE--
                  00833df0    00000004     image_processing_openmp_evmc6678l_pe66.oe66 (.fardata:ti_sdo_ipc_Notify_Module_State_0_notifyHandles_4__A)
                  00833df4    00000004     --HOLE--
                  00833df8    00000004     image_processing_openmp_evmc6678l_pe66.oe66 (.fardata:ti_sdo_ipc_Notify_Module_State_0_notifyHandles_5__A)
                  00833dfc    00000004     --HOLE--
                  00833e00    00000004     image_processing_openmp_evmc6678l_pe66.oe66 (.fardata:ti_sdo_ipc_Notify_Module_State_0_notifyHandles_6__A)
                  00833e04    00000004     --HOLE--
                  00833e08    00000004     image_processing_openmp_evmc6678l_pe66.oe66 (.fardata:ti_sdo_ipc_Notify_Module_State_0_notifyHandles_7__A)
                  00833e0c    00000004     --HOLE--
                  00833e10    00000004     image_processing_openmp_evmc6678l_pe66.oe66 (.fardata:ti_sysbios_gates_GateHwi_Object__table__V)
                  00833e14    00000004     --HOLE--
                  00833e18    00000004     image_processing_openmp_evmc6678l_pe66.oe66 (.fardata:xdc_runtime_GateNull_Object__table__V)
                  00833e1c    00000004     --HOLE--
                  00833e20    000001e0     rts6600_elf_mt.lib : defs.obj (.fardata:_ftable)
                  00834000    000000a0                        : lowlev.obj (.fardata:_stream)
                  008340a0    00000078                        : lowlev.obj (.fardata:_device)
                  00834118    00000018                        : _pthread.obj (.fardata)
                  00834130    00000010                        : exit.obj (.fardata)
                  00834140    0000000c                        : _data_synch.obj (.fardata)
                  0083414c    00000008                        : _lock.obj (.fardata)
                  00834154    00000008                        : _mutex.obj (.fardata)
                  0083415c    00000004                        : defs.obj (.fardata)
                  00834160    00000004                        : dtor_list.obj (.fardata)
                  00834164    00000004                        : errno.obj (.fardata)

.stack     0    00834168    00001000     UNINITIALIZED
                  00834168    00000008     boot.ae66 : boot.oe66 (.stack)
                  00834170    00000ff8     --HOLE--

.tls_tp    0    00835168    00000004     UNINITIALIZED
                  00835168    00000004     ti.omp.utils.ae66 : ThreadLocalStorage.oe66 (.tls_tp)

.far:NDK_OBJMEM 
*          0    00835170    00000600     UNINITIALIZED
                  00835170    00000600     os.ae66 : ossys.oe66 (.far:NDK_OBJMEM)

.cio       0    00835770    00000120     UNINITIALIZED
                  00835770    00000120     rts6600_elf_mt.lib : trgmsg.obj (.cio)

xdc.meta   0    0c000000    00000148     COPY SECTION
                  0c000000    00000148     image_processing_openmp_evmc6678l_pe66.oe66 (xdc.meta)

.text      0    0c000000    00076360     
                  0c000000    00001e40     ti.transport.ndk.nimu.ae66 : nimu_eth.obj (.text)
                  0c001e40    00001a20     ti.platform.evm6678l.ae66 : platform.obj (.text)
                  0c003860    00001a00     stk6_ppp_pppoe.ae66 : tcpin.oe66 (.text:TcpInput)
                  0c005260    000019a0                         : tcp6in.oe66 (.text:TCP6Input)
                  0c006c00    00001240                         : tcpout.oe66 (.text:TcpOutput)
                  0c007e40    000011c0     ipc.lib : Ipc.obj (.text:ti_sdo_ipc_GateMP_Instance_init__F)
                  0c009000    00001180     stk6_ppp_pppoe.ae66 : tcp6out.oe66 (.text:TCP6Output)
                  0c00a180    00000fe0     mcip_master_main.obj (.text)
                  0c00b160    00000e60     mcip_webpage_utils.obj (.text)
                  0c00bfc0    00000e20     resourcemgr.obj (.text)
                  0c00cde0    00000c00     mcip_process.obj (.text)
                  0c00d9e0    00000b80     stk6_ppp_pppoe.ae66 : ipin.oe66 (.text:IPRxPacket)
                  0c00e560    00000b40     ti.platform.evm6678l.ae66 : evm66x_nand.obj (.text)
                  0c00f0a0    00000aa0     stk6_ppp_pppoe.ae66 : md5.oe66 (.text:MD5Transform)
                  0c00fb40    00000a80     mcip_webpage.obj (.text)
                  0c0105c0    00000a60     ipc.lib : Ipc.obj (.text:ti_sdo_ipc_heaps_HeapMemMP_alloc__E)
                  0c011020    000009e0             : Ipc.obj (.text:ti_sdo_ipc_heaps_HeapMemMP_free__E)
                  0c011a00    000009c0     stk6_ppp_pppoe.ae66 : ipout.oe66 (.text:IPTxPacket)
                  0c0123c0    000009a0     ipc.lib : Ipc.obj (.text:Ipc_attach)
                  0c012d60    000009a0     stk6_ppp_pppoe.ae66 : lcp.oe66 (.text:lcpInput)
                  0c013700    000009a0     ti.platform.evm6678l.ae66 : evmc6678.obj (.text)
                  0c0140a0    000009a0     ti.targets.rts6000.ae66 : System.oe66 (.text:xdc_runtime_System_doPrint__I)
                  0c014a40    000008c0     ti.omp.ae66 : team.oe66 (.text:gomp_team_start)
                  0c015300    000008a0     nettool.ae66 : httpclie.oe66 (.text:httpClientProcess)
                  0c015ba0    00000860     ipc.lib : Ipc.obj (.text:ti_sdo_ipc_GateMP_Instance_finalize__F)
                  0c016400    00000840             : Ipc.obj (.text:MessageQ_put)
                  0c016c40    000007e0     ti.drv.qmss.ae66 : qmss_drv.oe66 (.text:Qmss_insertMemoryRegion)
                  0c017420    000007e0     stk6_ppp_pppoe.ae66 : ipcp.oe66 (.text:ipcpInput)
                  0c017c00    000007c0     nettool.ae66 : httpsend.oe66 (.text:SetContentType)
                  0c0183c0    000007c0     stk6_ppp_pppoe.ae66 : sock.oe66 (.text:SockSet)
                  0c018b80    000007a0                         : fileuser.oe66 (.text:fdPoll)
                  0c019320    000007a0     ti.platform.evm6678l.ae66 : evmc66x_i2c_eeprom.obj (.text)
                  0c019ac0    00000780     ipc.lib : Ipc.obj (.text:ti_sdo_ipc_heaps_HeapMemMP_Instance_init__F)
                  0c01a240    00000780     sysbios.lib : BIOS.obj (.text:ti_sysbios_family_c64p_Exception_handler__I)
                  0c01a9c0    00000760     mcip_core.obj (.text)
                  0c01b120    00000720     ti.drv.pa.ae66 : pa.oe66 (.text:Pa_addMac)
                  0c01b840    00000700     ipc.lib : Ipc.obj (.text:Notify_registerEvent)
                  0c01bf40    000006c0     nettool.ae66 : telnetd.oe66 (.text:telnet_netdata)
                  0c01c600    000006c0     ipc.lib : Ipc.obj (.text:ti_sdo_ipc_nsremote_NameServerRemoteNotify_Instance_init__F)
                  0c01ccc0    000006a0             : Ipc.obj (.text:NameServer_add)
                  0c01d360    00000680     stk6_ppp_pppoe.ae66 : icmpv6_ndisc.oe66 (.text:ICMPv6RecvRA)
                  0c01d9e0    00000660     ti.drv.cppi.ae66 : cppi_drv.oe66 (.text:Cppi_configureRxFlow)
                  0c01e040    00000660     sysbios.lib : BIOS.obj (.text:ti_sysbios_heaps_HeapMem_free__E)
                  0c01e6a0    00000620     ipc.lib : Ipc.obj (.text:Notify_sendEvent)
                  0c01ecc0    00000620     stk6_ppp_pppoe.ae66 : route6.oe66 (.text:Rt6Create)
                  0c01f2e0    00000620     sysbios.lib : BIOS.obj (.text:ti_sysbios_heaps_HeapMem_alloc__E)
                  0c01f900    00000600     mcip_bmp_utils.obj (.text)
                  0c01ff00    000005e0     ipc.lib : Ipc.obj (.text:Notify_registerEventSingle)
                  0c0204e0    000005e0             : Ipc.obj (.text:SharedRegion_setEntry)
                  0c020ac0    000005e0     ti.omp.ae66 : task.oe66 (.text:gomp_barrier_handle_tasks)
                  0c0210a0    000005c0     stk6_ppp_pppoe.ae66 : ipfrag.oe66 (.text:IPReasm)
                  0c021660    000005c0     ipc.lib : Ipc.obj (.text:Notify_unregisterEventSingle)
                  0c021c20    000005c0     rts6600_elf_mt.lib : divd.obj (.text:__c6xabi_divd)
                  0c0221e0    000005c0                        : _printfi.obj (.text:_getarg_diouxp)
                  0c0227a0    000005c0     ipc.lib : Ipc.obj (.text:ti_sdo_ipc_SharedRegion_start__F)
                  0c022d60    000005c0     sysbios.lib : BIOS.obj (.text:ti_sysbios_timers_timer64_Timer_Module_startup__F)
                  0c023320    000005a0     stk6_ppp_pppoe.ae66 : icmpin.oe66 (.text:ICMPInput)
                  0c0238c0    00000580                         : nimuppp.oe66 (.text:pppEvent)
                  0c023e40    00000580     ipc.lib : Ipc.obj (.text:ti_sdo_ipc_nsremote_NameServerRemoteNotify_get__F)
                  0c0243c0    00000560     stk6_ppp_pppoe.ae66 : ipv6.oe66 (.text:IPv6IPAddressToString)
                  0c024920    00000540     ipc.lib : Ipc.obj (.text:ti_sdo_ipc_Ipc_procSyncStart__I)
                  0c024e60    00000520     stk6_ppp_pppoe.ae66 : sock.oe66 (.text:SockNew)
                  0c025380    00000500     sysbios.lib : BIOS.obj (.text:ti_sysbios_knl_Task_Instance_finalize__F)
                  0c025880    000004e0     stk6_ppp_pppoe.ae66 : udp.oe66 (.text:UdpInput)
                  0c025d60    000004e0                         : nimupppoe.oe66 (.text:pppoeInputS)
                  0c026240    000004e0     ipc.lib : Ipc.obj (.text:ti_sdo_ipc_notifyDrivers_NotifyDriverCirc_Instance_init__F)
                  0c026720    000004c0     ti.drv.cppi.ae66 : cppi_drv.oe66 (.text:Cppi_txChannelOpen)
                  0c026be0    000004c0     stk6_ppp_pppoe.ae66 : sock6.oe66 (.text:Sock6Connect)
                  0c0270a0    000004c0                         : sock6.oe66 (.text:Sock6Set)
                  0c027560    000004c0     ti.omp.config.sysbios.ae66 : bar.oe66 (.text:gomp_team_barrier_wait_end)
                  0c027a20    000004a0     stk6_ppp_pppoe.ae66 : bind6.oe66 (.text:Bind6New)
                  0c027ec0    000004a0                         : lliin.oe66 (.text:LLIRxPacket)
                  0c028360    000004a0                         : sock6.oe66 (.text:Sock6Recv)
                  0c028800    000004a0                         : sock.oe66 (.text:SockRecv)
                  0c028ca0    000004a0     ipc.lib : Ipc.obj (.text:ti_sdo_ipc_gates_GatePeterson_Instance_init__F)
                  0c029140    00000460     rts6600_elf_mt.lib : _printfi.obj (.text:_printfi)
                  0c0295a0    00000460                        : _printfi.obj (.text:_setfield)
                  0c029a00    00000460     stk6_ppp_pppoe.ae66 : nimuppp.oe66 (.text:pppNew)
                  0c029e60    00000460     ti.platform.evm6678l.ae66 : evmc66x_spi.obj (.text)
                  0c02a2c0    00000460     ipc.lib : Ipc.obj (.text:ti_sdo_ipc_GateMP_setRegion0Reserved__F)
                  0c02a720    00000460             : Ipc.obj (.text:ti_sdo_ipc_Ipc_procSyncFinish__I)
                  0c02ab80    00000440     ti.drv.cppi.ae66 : cppi_drv.oe66 (.text:Cppi_rxChannelOpen)
                  0c02afc0    00000440     stk6_ppp_pppoe.ae66 : sock6.oe66 (.text:Sock6New)
                  0c02b400    00000440                         : auth.oe66 (.text:chapInput)
                  0c02b840    00000440                         : fileuser.oe66 (.text:fdSelect)
                  0c02bc80    00000440                         : nimupppoe.oe66 (.text:pppoeInputC)
                  0c02c0c0    00000440     ipc.lib : Ipc.obj (.text:ti_sdo_ipc_heaps_HeapMemMP_getStats__E)
                  0c02c500    00000440             : Ipc.obj (.text:ti_sdo_ipc_heaps_HeapMemMP_postInit__I)
                  0c02c940    00000420     nettool.ae66 : daemon.oe66 (.text:daemon)
                  0c02cd60    00000420     ti.drv.pa.ae66 : pa.oe66 (.text:pa_conv_routing_info)
                  0c02d180    00000420     ti.omp.ae66 : env.oe66 (.text:parse_schedule)
                  0c02d5a0    00000400     stk6_ppp_pppoe.ae66 : sock6.oe66 (.text:Sock6Send)
                  0c02d9a0    00000400     os.ae66 : efs.oe66 (.text:efs_filecheck)
                  0c02dda0    00000400     ipc.lib : Ipc.obj (.text:ti_sdo_ipc_Notify_Instance_init__F)
                  0c02e1a0    00000400     sysbios.lib : BIOS.obj (.text:ti_sysbios_knl_Semaphore_pend__E)
                  0c02e5a0    000003e0     stk6_ppp_pppoe.ae66 : ipv6_frag.oe66 (.text:IPv6TxFragPacket)
                  0c02e980    000003c0     ti.drv.cppi.ae66 : cppi_desc.oe66 (.text:Cppi_initDescriptor)
                  0c02ed40    000003c0     stk6_ppp_pppoe.ae66 : ipv6out.oe66 (.text:IPv6TxPacket)
                  0c02f100    000003c0                         : lli6.oe66 (.text:LLI6TimerCheck)
                  0c02f4c0    000003c0                         : sock.oe66 (.text:SockSend)
                  0c02f880    000003c0                         : tcp6.oe66 (.text:TCP6TimeoutCheck)
                  0c02fc40    000003c0                         : tcp.oe66 (.text:TcpTimeoutCheck)
                  0c030000    000003c0     rts6600_elf_mt.lib : fputs.obj (.text:fputs)
                  0c0303c0    000003c0     ti.omp.ae66 : env.oe66 (.text:parse_spincount)
                  0c030780    000003c0     ti.platform.evm6678l.ae66 : evmc66x_nor.obj (.text)
                  0c030b40    000003c0     ipc.lib : Ipc.obj (.text:ti_sdo_ipc_SharedRegion_reserveMemory__F)
                  0c030f00    000003c0     sysbios.lib : BIOS.obj (.text:ti_sysbios_knl_Task_Instance_init__F)
                  0c0312c0    000003c0                 : BIOS.obj (.text:ti_sysbios_knl_Task_setPri__E)
                  0c031680    000003a0     stk6_ppp_pppoe.ae66 : nimu.oe66 (.text:NIMUIoctl)
                  0c031a20    000003a0                         : route.oe66 (.text:RtCreate)
                  0c031dc0    000003a0                         : sb.oe66 (.text:SBRead)
                  0c032160    000003a0     os.ae66 : mem.oe66 (.text:_mmCheck)
                  0c032500    000003a0     stk6_ppp_pppoe.ae66 : auth.oe66 (.text:papInput)
                  0c0328a0    000003a0     ti.omp.ae66 : env.oe66 (.text:parse_affinity)
                  0c032c40    000003a0     ti.omp.navigator.ae66 : Navigator.oe66 (.text:sysInit)
                  0c032fe0    00000380     ipc.lib : Ipc.obj (.text:HeapMemMP_sharedMemReq)
                  0c033360    00000380     stk6_ppp_pppoe.ae66 : icmpv6in.oe66 (.text:ICMPv6RxPacket)
                  0c0336e0    00000380                         : igmp.oe66 (.text:IGMPInput)
                  0c033a60    00000380                         : sock6int.oe66 (.text:Sock6Notify)
                  0c033de0    00000380                         : sock.oe66 (.text:SockConnect)
                  0c034160    00000380                         : sockint.oe66 (.text:SockNotify)
                  0c0344e0    00000380     nettool.ae66 : dhcppkt.oe66 (.text:dhcpPacketProcess)
                  0c034860    00000380     ti.platform.evm6678l.ae66 : evmc66x_fpga.obj (.text)
                  0c034be0    00000360     stk6_ppp_pppoe.ae66 : icmpv6out.oe66 (.text:ICMPv6SendParameterProblem)
                  0c034f40    00000360                         : ipv6_frag.oe66 (.text:IPv6FragReasm)
                  0c0352a0    00000360                         : lliout.oe66 (.text:LLITxIpPacket)
                  0c035600    00000340     ipc.lib : Ipc.obj (.text:GateMP_sharedMemReq)
                  0c035940    00000340     ti.drv.pa.ae66 : painit.oe66 (.text:Pa_create)
                  0c035c80    00000340     ti.drv.qmss.ae66 : qmss_drv.oe66 (.text:Qmss_init)
                  0c035fc0    00000340     ti.omp.config.sysbios.ae66 : bar.oe66 (.text:gomp_barrier_wait_end)
                  0c036300    00000340     os.ae66 : mem.oe66 (.text:mmAlloc)
                  0c036640    00000340     stk6_ppp_pppoe.ae66 : nimupppoe.oe66 (.text:pppoeSI)
                  0c036980    00000340     ipc.lib : Ipc.obj (.text:ti_sdo_ipc_nsremote_NameServerRemoteNotify_swiFxn__I)
                  0c036cc0    00000320     nettool.ae66 : config.oe66 (.text:CfgAddEntry)
                  0c036fe0    00000320     stk6_ppp_pppoe.ae66 : icmpv6_ndisc.oe66 (.text:ICMPv6RecvRedirect)
                  0c037300    00000320                         : nimupppoe.oe66 (.text:SendServerMsg)
                  0c037620    00000320     rts6600_elf_mt.lib : _printfi.obj (.text:_pproc_fge)
                  0c037940    00000320                        : strtoul.obj (.text:strtoul)
                  0c037c60    00000320     nettool.ae66 : telnetd.oe66 (.text:telnet_engine)
                  0c037f80    00000320     ti.platform.evm6678l.ae66 : evmc6678_phy.obj (.text)
                  0c0382a0    00000320     ti.omp.utils.ae66 : ThreadLocal.oe66 (.text:ti_omp_utils_ThreadLocal_setspecific__E)
                  0c0385c0    00000300     ipc.lib : Ipc.obj (.text:GateMP_openByAddr)
                  0c0388c0    00000300     stk6_ppp_pppoe.ae66 : icmpv6_ndisc.oe66 (.text:ICMPv6RecvNS)
                  0c038bc0    00000300                         : icmpv6out.oe66 (.text:ICMPv6SendDstUnreachable)
                  0c038ec0    00000300                         : icmpv6out.oe66 (.text:ICMPv6SendTimeExceeded)
                  0c0391c0    00000300     netctrl.ae66 : netctrl.oe66 (.text:NetScheduler)
                  0c0394c0    00000300     stk6_ppp_pppoe.ae66 : sock6pcb.oe66 (.text:Sock6PcbBind)
                  0c0397c0    00000300                         : udp6.oe66 (.text:Udp6Input)
                  0c039ac0    00000300     nettool.ae66 : inetaddr.oe66 (.text:inet_aton)
                  0c039dc0    00000300     sysbios.lib : BIOS.obj (.text:ti_sysbios_family_c64p_Hwi_dispatchC__I)
                  0c03a0c0    00000300                 : BIOS.obj (.text:ti_sysbios_knl_Mailbox_Instance_init__F)
                  0c03a3c0    000002e0     stk6_ppp_pppoe.ae66 : ipv6_frag.oe66 (.text:IPv6FragQEnqueueFrag)
                  0c03a6a0    000002e0     ti.drv.pa.ae66 : pa.oe66 (.text:Pa_forwardResult)
                  0c03a980    000002e0     stk6_ppp_pppoe.ae66 : route6.oe66 (.text:Rt6Find)
                  0c03ac60    000002e0                         : nimupppoe.oe66 (.text:SendClientMsg)
                  0c03af40    000002e0     ipc.lib : Ipc.obj (.text:SharedRegion_getEntry)
                  0c03b220    000002e0             : Ipc.obj (.text:SharedRegion_getPtr)
                  0c03b500    000002e0     stk6_ppp_pppoe.ae66 : udp.oe66 (.text:UdpOutput)
                  0c03b7e0    000002e0     rts6600_elf_mt.lib : _printfi.obj (.text:_pproc_fwp)
                  0c03bac0    000002e0     ti.omp.ae66 : env.oe66 (.text:parse_stacksize)
                  0c03bda0    000002e0     ti.omp.utils.ae66 : OpenMP.oe66 (.text:ti_omp_utils_OpenMP_masterTask__I)
                  0c03c080    000002e0     ipc.lib : Ipc.obj (.text:ti_sdo_ipc_notifyDrivers_NotifyDriverCirc_isr__I)
                  0c03c360    000002e0     sysbios.lib : BIOS.obj (.text:ti_sysbios_gates_GateMutexPri_enter__E)
                  0c03c640    000002e0                 : BIOS.obj (.text:ti_sysbios_knl_Task_Module_startup__F)
                  0c03c920    000002c0     stk6_ppp_pppoe.ae66 : bind.oe66 (.text:BindNew)
                  0c03cbe0    000002c0                         : sb6.oe66 (.text:SB6Read)
                  0c03cea0    000002c0                         : sock6pcb.oe66 (.text:Sock6PcbResolve)
                  0c03d160    000002c0                         : udp6.oe66 (.text:Udp6Output)
                  0c03d420    000002c0     ti.omp.ae66 : team.oe66 (.text:gomp_team_end)
                  0c03d6e0    000002c0     stk6_ppp_pppoe.ae66 : nimuppp.oe66 (.text:pppInput)
                  0c03d9a0    000002a0                         : ipv6_exthdrs.oe66 (.text:IPv6ParseExtnHeaders)
                  0c03dc40    000002a0     ipc.lib : Ipc.obj (.text:Ipc_start)
                  0c03dee0    000002a0             : Ipc.obj (.text:NameServer_getLocal)
                  0c03e180    000002a0     stk6_ppp_pppoe.ae66 : node.oe66 (.text:NodeAdd)
                  0c03e420    000002a0                         : route6.oe66 (.text:Rt6Free)
                  0c03e6c0    000002a0                         : rtable.oe66 (.text:RtFind)
                  0c03e960    000002a0                         : sock6pcb.oe66 (.text:Sock6PcbFind)
                  0c03ec00    000002a0                         : sock.oe66 (.text:SockClose)
                  0c03eea0    000002a0                         : tcp6prot.oe66 (.text:TCP6PrSetOption)
                  0c03f140    000002a0                         : tcpprot.oe66 (.text:TcpPrSetOption)
                  0c03f3e0    000002a0     rts6600_elf_mt.lib : _printfi.obj (.text:fcvt)
                  0c03f680    000002a0     ti.omp.ae66 : parallel.oe66 (.text:gomp_resolve_num_threads)
                  0c03f920    000002a0     sysbios.lib : BIOS.obj (.text:ti_sysbios_knl_Clock_workFunc__E)
                  0c03fbc0    000002a0                 : BIOS.obj (.text:ti_sysbios_knl_Task_sleep__E)
                  0c03fe60    00000280     nettool.ae66 : dhcpmain.oe66 (.text:DHCPOpen)
                  0c0400e0    00000280     stk6_ppp_pppoe.ae66 : icmp.oe66 (.text:ICMPGenPacket)
                  0c040360    00000280                         : icmpv6in.oe66 (.text:ICMPv6RecvEchoRequest)
                  0c0405e0    00000280                         : lli6.oe66 (.text:LLI6NeighUnreachStateMachine)
                  0c040860    00000280     ipc.lib : Ipc.obj (.text:SharedRegion_getSRPtr)
                  0c040ae0    00000280     stk6_ppp_pppoe.ae66 : sockpcb.oe66 (.text:SockPcbResolve)
                  0c040d60    00000280                         : tcp6out.oe66 (.text:TCP6GenPacket)
                  0c040fe0    00000280     sysbios.lib : BIOS.obj (.text:deviceConfig$44)
                  0c041260    00000280     rts6600_elf_mt.lib : _printfi.obj (.text:ecvt)
                  0c0414e0    00000280     ti.omp.ae66 : env.oe66 (.text:initialize_env)
                  0c041760    00000280     stk6_ppp_pppoe.ae66 : ipcp.oe66 (.text:ipcpSendCfg)
                  0c0419e0    00000280                         : lcp.oe66 (.text:lcpSendCfg)
                  0c041c60    00000280     platform_osal.obj (.text)
                  0c041ee0    00000280     ipc.lib : Ipc.obj (.text:ti_sdo_ipc_notifyDrivers_NotifyDriverCirc_sharedMemReq__F)
                  0c042160    00000280     sysbios.lib : BIOS.obj (.text:ti_sysbios_knl_Clock_Instance_init__F)
                  0c0423e0    00000280                 : BIOS.obj (.text:ti_sysbios_knl_Task_exit__E)
                  0c042660    00000280     ti.targets.rts6000.ae66 : Core-mem.oe66 (.text:xdc_runtime_Core_createObject__I)
                  0c0428e0    00000280                             : Error.oe66 (.text:xdc_runtime_Error_raiseX__F)
                  0c042b60    00000260     stk6_ppp_pppoe.ae66 : icmpv6_ndisc.oe66 (.text:ICMPv6SendNA)
                  0c042dc0    00000260                         : icmpv6_ndisc.oe66 (.text:ICMPv6SendNS)
                  0c043020    00000260                         : lli6.oe66 (.text:LLI6TxIPPacket)
                  0c043280    00000260                         : nimu.oe66 (.text:NIMUReceivePacket)
                  0c0434e0    00000260                         : rawethsock.oe66 (.text:RawEthSockSet)
                  0c043740    00000260                         : sb6.oe66 (.text:SB6Write)
                  0c0439a0    00000260                         : sb.oe66 (.text:SBWrite)
                  0c043c00    00000260                         : sock6.oe66 (.text:Sock6Close)
                  0c043e60    00000260                         : sockpcb.oe66 (.text:SockPcbBind)
                  0c0440c0    00000260     nettool.ae66 : httppars.oe66 (.text:httpParseRecv)
                  0c044320    00000260     imglib.ae66 : IMG_sobel_3x3_8.obj (.text:optimized)
                  0c044580    00000260     ipc.lib : Ipc.obj (.text:ti_sdo_ipc_SharedRegion_checkOverlap__I)
                  0c0447e0    00000260             : Ipc.obj (.text:ti_sdo_ipc_heaps_HeapMemMP_Instance_finalize__F)
                  0c044a40    00000260     ti.targets.rts6000.ae66 : Startup.oe66 (.text:xdc_runtime_Startup_startMods__I)
                  0c044ca0    00000260     image_processing_openmp_evmc6678l_pe66.oe66 (.text:xdc_runtime_System_printfExtend__I)
                  0c044f00    00000240     ti.drv.cppi.ae66 : cppi_drv.oe66 (.text:Cppi_open)
                  0c045140    00000240     nettool.ae66 : daemon.oe66 (.text:DaemonNew)
                  0c045380    00000240     ti.drv.pa.ae66 : pa.oe66 (.text:Pa_resetControl)
                  0c0455c0    00000240     stk6_ppp_pppoe.ae66 : pipe.oe66 (.text:PipeRecv)
                  0c045800    00000240                         : raw.oe66 (.text:RawInput)
                  0c045a40    00000240     rts6600_elf_mt.lib : imath64.obj (.text:__c6xabi_divull)
                  0c045c80    00000240                        : _printfi.obj (.text:_pconv_e)
                  0c045ec0    00000240                        : _printfi.obj (.text:_pproc_diouxp)
                  0c046100    00000240     nettool.ae66 : dhcpsm.oe66 (.text:dhcpIPAdd)
                  0c046340    00000240                  : dhcpsm.oe66 (.text:dhcpState)
                  0c046580    00000240     rts6600_elf_mt.lib : fputc.obj (.text:fputc)
                  0c0467c0    00000240     ipc.lib : Ipc.obj (.text:ti_sdo_ipc_notifyDrivers_NotifyDriverCirc_sendEvent__E)
                  0c046a00    00000240     sysbios.lib : BIOS.obj (.text:ti_sysbios_family_c64p_Exception_internalHandler__I)
                  0c046c40    00000240                 : BIOS.obj (.text:ti_sysbios_knl_Semaphore_post__E)
                  0c046e80    00000220     stk6_ppp_pppoe.ae66 : bind6.oe66 (.text:Bind6RunDAD)
                  0c0470a0    00000220                         : icmpv6_ndisc.oe66 (.text:ICMPv6RecvNA)
                  0c0472c0    00000220                         : igmp.oe66 (.text:IGMPJoinHostGroup)
                  0c0474e0    00000220                         : ipv6in.oe66 (.text:IPv6RxPacket)
                  0c047700    00000220                         : rawethsock.oe66 (.text:RawEthSockNew)
                  0c047920    00000220                         : sockpcb.oe66 (.text:SockPcbFind)
                  0c047b40    00000220     rts6600_elf_mt.lib : _printfi.obj (.text:_pproc_str)
                  0c047d60    00000220     nettool.ae66 : dhcppkt.oe66 (.text:dhcpVerifyMessage)
                  0c047f80    00000220     ti.omp.config.sysbios.ae66 : bar.oe66 (.text:gomp_barrier_init)
                  0c0481a0    00000220     nettool.ae66 : httpclie.oe66 (.text:httpGetAuthParams)
                  0c0483c0    00000220     ti.omp.ae66 : env.oe66 (.text:parse_wait_policy)
                  0c0485e0    00000220     rts6600_elf_mt.lib : setvbuf.obj (.text:setvbuf)
                  0c048800    00000220     ti.omp.utils.ae66 : ThreadLocal.oe66 (.text:ti_omp_utils_ThreadLocal_getspecific__E)
                  0c048a20    00000220     sysbios.lib : BIOS.obj (.text:ti_sysbios_family_c64p_Hwi_reconfig__E)
                  0c048c40    00000220                 : BIOS.obj (.text:ti_sysbios_knl_Swi_run__I)
                  0c048e60    00000220                 : BIOS.obj (.text:ti_sysbios_knl_Task_schedule__I)
                  0c049080    00000220                 : BIOS.obj (.text:ti_sysbios_knl_Task_startup__E)
                  0c0492a0    00000200     ti.omp.ae66 : parallel.oe66 (.text:GOMP_parallel_end)
                  0c0494a0    00000200     ipc.lib : Ipc.obj (.text:GateMP_enter)
                  0c0496a0    00000200             : Ipc.obj (.text:GateMP_leave)
                  0c0498a0    00000200     stk6_ppp_pppoe.ae66 : ipv6_frag.oe66 (.text:IPv6ParseFragHdr)
                  0c049aa0    00000200                         : lli6.oe66 (.text:LLI6New)
                  0c049ca0    00000200     ti.drv.qmss.ae66 : qmss_drv.oe66 (.text:Qmss_internalQueueOpen)
                  0c049ea0    00000200                      : qmss_acc.oe66 (.text:Qmss_programAccumulator)
                  0c04a0a0    00000200     stk6_ppp_pppoe.ae66 : rtc.oe66 (.text:RTCReport)
                  0c04a2a0    00000200                         : raw6.oe66 (.text:Raw6Output)
                  0c04a4a0    00000200     rts6600_elf_mt.lib : _printfi.obj (.text:_pconv_g)
                  0c04a6a0    00000200     sysbios.lib : c64p_Hwi_disp_always.obj (.text:_ti_sysbios_family_c64p_Hwi_dispatchAlways)
                  0c04a8a0    00000200     stk6_ppp_pppoe.ae66 : socket.oe66 (.text:accept)
                  0c04aaa0    00000200     sysbios.lib : BIOS.obj (.text:block$56)
                  0c04aca0    00000200     ti.drv.cppi.ae66 : cppi_heap.oe66 (.text:cppi_internal_heap_add)
                  0c04aea0    00000200     stk6_ppp_pppoe.ae66 : nimupppoe.oe66 (.text:pppoeCtrlMsg)
                  0c04b0a0    000001e0                         : igmp.oe66 (.text:IGMPSendReply)
                  0c04b280    000001e0                         : route6.oe66 (.text:Rt6Modify)
                  0c04b460    000001e0                         : sock6pcb.oe66 (.text:Sock6PcbFindRaw)
                  0c04b640    000001e0                         : tcpout.oe66 (.text:TcpGenPacket)
                  0c04b820    000001e0                         : auth.oe66 (.text:chapSendMsg)
                  0c04ba00    000001e0     nettool.ae66 : dhcpsock.oe66 (.text:dhcpSocketOpen)
                  0c04bbe0    000001e0     ti.omp.navigator.ae66 : Navigator.oe66 (.text:getsysHandles)
                  0c04bdc0    000001e0     ti.omp.config.sysbios.ae66 : bar.oe66 (.text:gomp_barrier_wait)
                  0c04bfa0    000001e0     ti.omp.ae66 : env.oe66 (.text:parse_boolean)
                  0c04c180    000001e0                 : env.oe66 (.text:parse_unsigned_long)
                  0c04c360    000001e0     stk6_ppp_pppoe.ae66 : socket.oe66 (.text:sendto)
                  0c04c540    000001e0     ipc.lib : Ipc.obj (.text:ti_sdo_ipc_GateMP_attach__F)
                  0c04c720    000001e0             : Ipc.obj (.text:ti_sdo_ipc_GateMP_getFreeResource__I)
                  0c04c900    000001e0     sysbios.lib : BIOS.obj (.text:ti_sysbios_knl_Task_postInit__I)
                  0c04cae0    000001e0                 : BIOS.obj (.text:ti_sysbios_timers_timer64_Timer_getFreq__E)
                  0c04ccc0    000001c0     nettool.ae66 : config.oe66 (.text:CfgExecute)
                  0c04ce80    000001c0     ti.drv.cppi.ae66 : cppi_drv.oe66 (.text:Cppi_channelClose)
                  0c04d040    000001c0                      : cppi_drv.oe66 (.text:Cppi_initCfg)
                  0c04d200    000001c0     ipc.lib : Ipc.obj (.text:HeapMemMP_openByAddr)
                  0c04d3c0    000001c0     stk6_ppp_pppoe.ae66 : ip.oe66 (.text:IPGetRoute)
                  0c04d580    000001c0                         : ipv6_exthdrs.oe66 (.text:IPv6ParseHopOptions)
                  0c04d740    000001c0                         : lliout.oe66 (.text:LLIGenArpPacket)
                  0c04d900    000001c0     ti.drv.qmss.ae66 : qmss_drv.oe66 (.text:Qmss_internaldownloadFirmware)
                  0c04dac0    000001c0     netctrl.ae66 : netsrv.oe66 (.text:SPIpNet)
                  0c04dc80    000001c0     stk6_ppp_pppoe.ae66 : tcptime.oe66 (.text:TcpTimeoutRexmt)
                  0c04de40    000001c0                         : lli.oe66 (.text:_LLITimeoutCheck)
                  0c04e000    000001c0     rts6600_elf_mt.lib : _printfi.obj (.text:_mcpy)
                  0c04e1c0    000001c0     nettool.ae66 : dhcpbild.oe66 (.text:dhcpBuildHeader)
                  0c04e380    000001c0     stk6_ppp_pppoe.ae66 : fileuser.oe66 (.text:fdClose)
                  0c04e540    000001c0     ti.platform.evm6678l.ae66 : evmc66x_uart.obj (.text)
                  0c04e700    000001c0     sysbios.lib : BIOS.obj (.text:ti_sysbios_knl_Swi_Instance_init__F)
                  0c04e8c0    000001c0                 : BIOS.obj (.text:ti_sysbios_knl_Task_checkStacks__E)
                  0c04ea80    000001c0                 : BIOS.obj (.text:ti_sysbios_timers_timer64_Timer_setPeriodMicroSecs__E)
                  0c04ec40    000001a0     stk6_ppp_pppoe.ae66 : bind6.oe66 (.text:Bind6Msg)
                  0c04ede0    000001a0     nettool.ae66 : config.oe66 (.text:CfgRemoveEntry)
                  0c04ef80    000001a0     stk6_ppp_pppoe.ae66 : icmpin.oe66 (.text:ICMPRevSrcRoute)
                  0c04f120    000001a0                         : ipv6_frag.oe66 (.text:IPv6FragMsg)
                  0c04f2c0    000001a0                         : ipv6_exthdrs.oe66 (.text:IPv6ParseRoutingHdr)
                  0c04f460    000001a0     netctrl.ae66 : netctrl.oe66 (.text:NC_NetStart)
                  0c04f600    000001a0     stk6_ppp_pppoe.ae66 : node.oe66 (.text:NodeTreeFree)
                  0c04f7a0    000001a0     ti.drv.pa.ae66 : pa.oe66 (.text:Pa_downloadImage)
                  0c04f940    000001a0     stk6_ppp_pppoe.ae66 : raw6.oe66 (.text:Raw6Input)
                  0c04fae0    000001a0                         : route6.oe66 (.text:Route6LifetimeMgmt)
                  0c04fc80    000001a0     ipc.lib : Ipc.obj (.text:SharedRegion_getCacheLineSize)
                  0c04fe20    000001a0             : Ipc.obj (.text:SharedRegion_getHeap)
                  0c04ffc0    000001a0             : Ipc.obj (.text:SharedRegion_isCacheEnabled)
                  0c050160    000001a0     stk6_ppp_pppoe.ae66 : sockint.oe66 (.text:SockCreatePacket)
                  0c050300    000001a0     nettool.ae66 : dhcpsm.oe66 (.text:StateRenewRebind)
                  0c0504a0    000001a0     stk6_ppp_pppoe.ae66 : tcp6time.oe66 (.text:TCP6TimeoutRexmt)
                  0c050640    000001a0     rts6600_elf_mt.lib : imath40.obj (.text:__c6xabi_divul)
                  0c0507e0    000001a0     nettool.ae66 : dhcptags.oe66 (.text:dhcpBuildOptions)
                  0c050980    000001a0     stk6_ppp_pppoe.ae66 : socket.oe66 (.text:getpeername)
                  0c050b20    000001a0     nettool.ae66 : telnetd.oe66 (.text:telnet_termdata)
                  0c050cc0    000001a0     ipc.lib : Ipc.obj (.text:ti_sdo_ipc_GateMP_openRegion0Reserved__F)
                  0c050e60    000001a0             : Ipc.obj (.text:ti_sdo_ipc_nsremote_NameServerRemoteNotify_attach__E)
                  0c051000    000001a0             : Ipc.obj (.text:ti_sdo_ipc_transports_TransportShmNotify_put__E)
                  0c0511a0    000001a0     sysbios.lib : BIOS.obj (.text:ti_sysbios_gates_GateMutex_enter__E)
                  0c051340    000001a0                 : BIOS.obj (.text:ti_sysbios_timers_timer64_Timer_start__E)
                  0c0514e0    00000180     stk6_ppp_pppoe.ae66 : bind6.oe66 (.text:Bind6GetGlobalAddress)
                  0c051660    00000180     rts6600_elf_mt.lib : trgdrv.obj (.text:HOSTrename)
                  0c0517e0    00000180     stk6_ppp_pppoe.ae66 : igmp.oe66 (.text:IGMPMsg)
                  0c051960    00000180     ipc.lib : Ipc.obj (.text:MultiProc_setLocalId)
                  0c051ae0    00000180     stk6_ppp_pppoe.ae66 : nimu.oe66 (.text:NIMURegister)
                  0c051c60    00000180     ipc.lib : Ipc.obj (.text:NameServer_getHandle)
                  0c051de0    00000180             : Ipc.obj (.text:Notify_intLineRegistered)
                  0c051f60    00000180     netctrl.ae66 : netsrv.oe66 (.text:ServiceScan)
                  0c0520e0    00000180                  : netsrv.oe66 (.text:ServiceSpawn)
                  0c052260    00000180     nettool.ae66 : dhcpsm.oe66 (.text:StateBound)
                  0c0523e0    00000180     rts6600_elf_mt.lib : copy_decompress_rle.obj (.text:__TI_decompress_rle_core)
                  0c052560    00000180     stk6_ppp_pppoe.ae66 : socket.oe66 (.text:bind)
                  0c0526e0    00000180     nettool.ae66 : dhcpbild.oe66 (.text:dhcpBuildRequest)
                  0c052860    00000180     ti.omp.ae66 : team.oe66 (.text:gomp_thread_start)
                  0c0529e0    00000180     os.ae66 : task.oe66 (.text:llEnter)
                  0c052b60    00000180     stk6_ppp_pppoe.ae66 : auth.oe66 (.text:papSendCfg)
                  0c052ce0    00000180     sysbios.lib : c64p_Exception_asm.obj (.text)
                  0c052e60    00000180     ti.omp.utils.ae66 : OpenMP.oe66 (.text:ti_omp_utils_OpenMP_createThread__E)
                  0c052fe0    00000180     ipc.lib : Ipc.obj (.text:ti_sdo_ipc_MessageQ_registerTransport__F)
                  0c053160    00000180             : Ipc.obj (.text:ti_sdo_ipc_Notify_Module_startup__F)
                  0c0532e0    00000180             : Ipc.obj (.text:ti_sdo_ipc_gates_GatePeterson_enter__E)
                  0c053460    00000180             : Ipc.obj (.text:ti_sdo_utils_NameServer_Module_startup__F)
                  0c0535e0    00000180     sysbios.lib : BIOS.obj (.text:ti_sysbios_heaps_HeapBuf_Module_startup__F)
                  0c053760    00000180                 : BIOS.obj (.text:ti_sysbios_heaps_HeapMem_Instance_init__F)
                  0c0538e0    00000180                 : BIOS.obj (.text:ti_sysbios_knl_Swi_schedule__I)
                  0c053a60    00000180                 : BIOS.obj (.text:ti_sysbios_knl_Task_unblockI__E)
                  0c053be0    00000180     ti.targets.rts6000.ae66 : Text.oe66 (.text:xdc_runtime_Text_putSite__F)
                  0c053d60    00000160     nettool.ae66 : config.oe66 (.text:CfgGetEntry)
                  0c053ec0    00000160                  : config.oe66 (.text:CfgGetNextEntry)
                  0c054020    00000160     os.ae66 : ossys.oe66 (.text:DbgPrintf)
                  0c054180    00000160     stk6_ppp_pppoe.ae66 : igmp.oe66 (.text:IGMPDoMCast)
                  0c0542e0    00000160                         : nimu.oe66 (.text:NIMUIoctlSpecialCmd)
                  0c054440    00000160                         : pbm.oe66 (.text:PBM_free)
                  0c0545a0    00000160                         : nimuppp.oe66 (.text:PPPStop)
                  0c054700    00000160                         : pipe.oe66 (.text:PipeSend)
                  0c054860    00000160                         : raw.oe66 (.text:RawOutput)
                  0c0549c0    00000160                         : rtable.oe66 (.text:RtTimeoutCheck)
                  0c054b20    00000160                         : rtable.oe66 (.text:RtWalkNext)
                  0c054c80    00000160     netctrl.ae66 : netsrv.oe66 (.text:SPRoute)
                  0c054de0    00000160     stk6_ppp_pppoe.ae66 : sock6.oe66 (.text:Sock6Check)
                  0c054f40    00000160                         : sock6int.oe66 (.text:Sock6CreatePacket)
                  0c0550a0    00000160                         : sock6pcb.oe66 (.text:Sock6PcbConnect)
                  0c055200    00000160                         : sock.oe66 (.text:SockCheck)
                  0c055360    00000160                         : sockpcb.oe66 (.text:SockPcbConnect)
                  0c0554c0    00000160     nettool.ae66 : dhcpsm.oe66 (.text:StateRequesting)
                  0c055620    00000160     stk6_ppp_pppoe.ae66 : tcp6time.oe66 (.text:TCP6TimeoutKeep)
                  0c055780    00000160                         : tcptime.oe66 (.text:TcpTimeoutKeep)
                  0c0558e0    00000160                         : auth.oe66 (.text:authInit)
                  0c055a40    00000160     ti.omp.ae66 : team.oe66 (.text:gomp_free_thread)
                  0c055ba0    00000160     nettool.ae66 : httpclie.oe66 (.text:httpExtractTag)
                  0c055d00    00000160                  : httpsend.oe66 (.text:httpSendErrorHTML)
                  0c055e60    00000160     stk6_ppp_pppoe.ae66 : socket.oe66 (.text:setsockopt)
                  0c055fc0    00000160     nettool.ae66 : telnetd.oe66 (.text:telnetClientProcess)
                  0c056120    00000160     ti.omp.utils.ae66 : SemaphoreMP.oe66 (.text:ti_omp_utils_SemaphoreMP_registerEvent__I)
                  0c056280    00000160                       : ThreadLocal.oe66 (.text:ti_omp_utils_ThreadLocal_key_delete__E)
                  0c0563e0    00000160     ipc.lib : Ipc.obj (.text:ti_sdo_ipc_GateMP_createLocal__F)
                  0c056540    00000160             : Ipc.obj (.text:ti_sdo_ipc_MessageQ_unregisterTransport__F)
                  0c0566a0    00000160             : Ipc.obj (.text:ti_sdo_ipc_gates_GateHWSem_Instance_init__F)
                  0c056800    00000160             : Ipc.obj (.text:ti_sdo_utils_NameServer_isRegistered__E)
                  0c056960    00000160             : Ipc.obj (.text:ti_sdo_utils_NameServer_registerRemoteDriver__E)
                  0c056ac0    00000160             : Ipc.obj (.text:ti_sdo_utils_NameServer_unregisterRemoteDriver__E)
                  0c056c20    00000140     stk6_ppp_pppoe.ae66 : bind6.oe66 (.text:Bind6DADCheck)
                  0c056d60    00000140                         : bind6.oe66 (.text:Bind6Free)
                  0c056ea0    00000140     ti.csl.ae66 : csl_chip.oe66 (.text:CSL_chipReadReg)
                  0c056fe0    00000140     stk6_ppp_pppoe.ae66 : exec.oe66 (.text:ExecOpen)
                  0c057120    00000140     ipc.lib : Ipc.obj (.text:GateMP_close)
                  0c057260    00000140     stk6_ppp_pppoe.ae66 : icmp.oe66 (.text:ICMPSendRtAdv)
                  0c0573a0    00000140                         : igmp.oe66 (.text:IGMPJoin)
                  0c0574e0    00000140                         : ipv6.oe66 (.text:IPv6DisplayIPAddress)
                  0c057620    00000140                         : lli6.oe66 (.text:LLI6Find)
                  0c057760    00000140                         : lli.oe66 (.text:LLINew)
                  0c0578a0    00000140                         : node.oe66 (.text:NodeFind)
                  0c0579e0    00000140                         : node.oe66 (.text:NodeWalk)
                  0c057b20    00000140     ipc.lib : Ipc.obj (.text:Notify_attach)
                  0c057c60    00000140     stk6_ppp_pppoe.ae66 : pbm.oe66 (.text:PBM_alloc)
                  0c057da0    00000140                         : rtable.oe66 (.text:RtFlush)
                  0c057ee0    00000140                         : sb6.oe66 (.text:SB6New)
                  0c058020    00000140     netctrl.ae66 : netsrv.oe66 (.text:ServiceKill)
                  0c058160    00000140     stk6_ppp_pppoe.ae66 : sock6.oe66 (.text:Sock6Accept)
                  0c0582a0    00000140                         : sock6.oe66 (.text:Sock6Listen)
                  0c0583e0    00000140                         : sock.oe66 (.text:SockAccept)
                  0c058520    00000140                         : sock.oe66 (.text:SockListen)
                  0c058660    00000140                         : sockpcb.oe66 (.text:SockPcbCtlError)
                  0c0587a0    00000140     boot.ae66 : autoinit.oe66 (.text:_auto_init_elf)
                  0c0588e0    00000140     rts6600_elf_mt.lib : _printfi.obj (.text:_pproc_fflags)
                  0c058a20    00000140     stk6_ppp_pppoe.ae66 : auth.oe66 (.text:authGetPassword)
                  0c058b60    00000140     nettool.ae66 : dhcptags.oe66 (.text:dhcpDecodeType)
                  0c058ca0    00000140     rts6600_elf_mt.lib : fseek.obj (.text:fseek)
                  0c058de0    00000140                        : lowlev.obj (.text:getdevice)
                  0c058f20    00000140     ti.omp.ae66 : team.oe66 (.text:gomp_new_team)
                  0c059060    00000140                 : critical.oe66 (.text:gomp_sem_wait)
                  0c0591a0    00000140                 : task.oe66 (.text:gomp_sem_wait)
                  0c0592e0    00000140     ti.omp.config.sysbios.ae66 : bar.oe66 (.text:gomp_sem_wait)
                  0c059420    00000140     nettool.ae66 : httpsend.oe66 (.text:httpAuthenticationReq)
                  0c059560    00000140     os.ae66 : mem.oe66 (.text:mmCopy)
                  0c0596a0    00000140     stk6_ppp_pppoe.ae66 : socket.oe66 (.text:recv)
                  0c0597e0    00000140                         : socket.oe66 (.text:send)
                  0c059920    00000140     ipc.lib : Ipc.obj (.text:ti_sdo_ipc_Notify_exec__F)
                  0c059a60    00000140     sysbios.lib : BIOS.obj (.text:ti_sysbios_family_c64p_Hwi_Module_startup__F)
                  0c059ba0    00000140                 : BIOS.obj (.text:ti_sysbios_family_c66_Cache_Module_startup__F)
                  0c059ce0    00000140                 : BIOS.obj (.text:ti_sysbios_gates_GateSwi_enter__E)
                  0c059e20    00000140                 : BIOS.obj (.text:ti_sysbios_knl_Clock_Instance_finalize__F)
                  0c059f60    00000140                 : BIOS.obj (.text:ti_sysbios_knl_Semaphore_Instance_init__F)
                  0c05a0a0    00000140                 : BIOS.obj (.text:ti_sysbios_knl_Swi_post__E)
                  0c05a1e0    00000140                 : BIOS.obj (.text:ti_sysbios_knl_Task_blockI__E)
                  0c05a320    00000140                 : BIOS.obj (.text:ti_sysbios_knl_Task_yield__E)
                  0c05a460    00000120     stk6_ppp_pppoe.ae66 : bind6.oe66 (.text:Bind6LifetimeMgmt)
                  0c05a580    00000120                         : bind.oe66 (.text:BindFree)
                  0c05a6a0    00000120     nettool.ae66 : config.oe66 (.text:CfgFree)
                  0c05a7c0    00000120                  : daemon.oe66 (.text:DaemonFree)
                  0c05a8e0    00000120     stk6_ppp_pppoe.ae66 : file.oe66 (.text:FdWaitEvent)
                  0c05aa00    00000120                         : igmp.oe66 (.text:IGMPLeaveHostGroup)
                  0c05ab20    00000120                         : ip.oe66 (.text:IPMsg)
                  0c05ac40    00000120                         : ipin.oe66 (.text:IPRouteIP)
                  0c05ad60    00000120                         : ipv6_frag.oe66 (.text:IPv6CreateFragQ)
                  0c05ae80    00000120                         : ipv6.oe66 (.text:IPv6Init)
                  0c05afa0    00000120                         : icmpv6out.oe66 (.text:IsICMPv6ErrorPkt)
                  0c05b0c0    00000120                         : md5.oe66 (.text:MD5Update)
                  0c05b1e0    00000120                         : mld.oe66 (.text:MLDJoinGroup)
                  0c05b300    00000120     netctrl.ae66 : netctrl.oe66 (.text:NC_SystemOpen)
                  0c05b420    00000120     stk6_ppp_pppoe.ae66 : nimu.oe66 (.text:NIMUAddEthernetHeader)
                  0c05b540    00000120     ti.drv.qmss.ae66 : qmss_acc.oe66 (.text:Qmss_disableAccumulator)
                  0c05b660    00000120     stk6_ppp_pppoe.ae66 : raweth.oe66 (.text:RawEthRxPacket)
                  0c05b780    00000120                         : raweth.oe66 (.text:RawEthTxPacket)
                  0c05b8a0    00000120                         : sb.oe66 (.text:SBNew)
                  0c05b9c0    00000120     netctrl.ae66 : netsrv.oe66 (.text:SPConfig)
                  0c05bae0    00000120                  : netsrv.oe66 (.text:SPService)
                  0c05bc00    00000120     stk6_ppp_pppoe.ae66 : sock6.oe66 (.text:Sock6Disconnect)
                  0c05bd20    00000120                         : sock6.oe66 (.text:Sock6Shutdown)
                  0c05be40    00000120                         : sockpcb.oe66 (.text:SockPcbFindRaw)
                  0c05bf60    00000120                         : sock.oe66 (.text:SockShutdown)
                  0c05c080    00000120                         : tcp6prot.oe66 (.text:TCP6PrAttach)
                  0c05c1a0    00000120                         : tcpprot.oe66 (.text:TcpPrAttach)
                  0c05c2c0    00000120     nettool.ae66 : telnetd.oe66 (.text:TelnetOpen)
                  0c05c3e0    00000120     stk6_ppp_pppoe.ae66 : rtable.oe66 (.text:_RtNodeInsert)
                  0c05c500    00000120     rts6600_elf_mt.lib : fclose.obj (.text:_closefile)
                  0c05c620    00000120                        : _printfi.obj (.text:_ltostr)
                  0c05c740    00000120     os.ae66 : mem.oe66 (.text:_mmInit)
                  0c05c860    00000120     nettool.ae66 : daemon.oe66 (.text:dchild)
                  0c05c980    00000120     os.ae66 : efs.oe66 (.text:efs_createfilecb)
                  0c05caa0    00000120     stk6_ppp_pppoe.ae66 : fileuser.oe66 (.text:fdOpenSession)
                  0c05cbc0    00000120     nettool.ae66 : http.oe66 (.text:httpOpen)
                  0c05cce0    00000120                  : httpsend.oe66 (.text:httpSendStatusLine)
                  0c05ce00    00000120     ti.omp.navigator.ae66 : Navigator.oe66 (.text:init_Navigator)
                  0c05cf20    00000120     stk6_ppp_pppoe.ae66 : lcp.oe66 (.text:lcpOpen)
                  0c05d040    00000120                         : lcp.oe66 (.text:lcpReject)
                  0c05d160    00000120     sysbios.lib : BIOS.obj (.text:rtsUnlock$0)
                  0c05d280    00000120     stk6_ppp_pppoe.ae66 : socket.oe66 (.text:socket)
                  0c05d3a0    00000120     ti.omp.utils.ae66 : OpenMP.oe66 (.text:ti_omp_utils_OpenMP_threadSpawnLoop__I)
                  0c05d4c0    00000120     ipc.lib : Ipc.obj (.text:ti_sdo_ipc_MessageQ_Module_startup__F)
                  0c05d5e0    00000120             : Ipc.obj (.text:ti_sdo_ipc_family_c647x_Interrupt_intRegister__E)
                  0c05d700    00000120             : Ipc.obj (.text:ti_sdo_ipc_nsremote_NameServerRemoteNotify_Instance_finalize__F)
                  0c05d820    00000120     sysbios.lib : BIOS.obj (.text:ti_sysbios_knl_Mailbox_Module_startup__F)
                  0c05d940    00000120     ti.targets.rts6000.ae66 : Text.oe66 (.text:xdc_runtime_Text_putLab__F)
                  0c05da60    00000100     nettool.ae66 : config.oe66 (.text:CfgNew)
                  0c05db60    00000100                  : config.oe66 (.text:CfgSetExecuteOrder)
                  0c05dc60    00000100     stk6_ppp_pppoe.ae66 : igmp.oe66 (.text:IGMPTimer)
                  0c05dd60    00000100                         : ipv6.oe66 (.text:IPv6GetSubnetMaskFromBits)
                  0c05de60    00000100                         : ipv6_frag.oe66 (.text:IPv6ReasmTimeout)
                  0c05df60    00000100                         : rtc.oe66 (.text:RTCMsg)
                  0c05e060    00000100                         : rawethsock.oe66 (.text:RawEthSockCheck)
                  0c05e160    00000100                         : route.oe66 (.text:RtRedirect)
                  0c05e260    00000100                         : sockint.oe66 (.text:SockValidateRoute)
                  0c05e360    00000100     nettool.ae66 : dhcpsm.oe66 (.text:StateSelecting)
                  0c05e460    00000100     stk6_ppp_pppoe.ae66 : tcp6prot.oe66 (.text:TCP6PrInherit)
                  0c05e560    00000100                         : tcp6time.oe66 (.text:TCP6XmitTimer)
                  0c05e660    00000100                         : tcpprot.oe66 (.text:TcpPrInherit)
                  0c05e760    00000100                         : tcptime.oe66 (.text:TcpXmitTimer)
                  0c05e860    00000100                         : rtable.oe66 (.text:_RtNodeRemove)
                  0c05e960    00000100     rts6600_elf_mt.lib : _io_perm.obj (.text:_wrt_ok)
                  0c05ea60    00000100                        : cpy_tbl.obj (.text:copy_in)
                  0c05eb60    00000100     stk6_ppp_pppoe.ae66 : file.oe66 (.text:fdint_unlockfd)
                  0c05ec60    00000100     sysbios.lib : BIOS.obj (.text:initDevice$44)
                  0c05ed60    00000100     ti.omp.ae66 : team.oe66 (.text:initialize_team)
                  0c05ee60    00000100     stk6_ppp_pppoe.ae66 : socket.oe66 (.text:listen)
                  0c05ef60    00000100     os.ae66 : mem.oe66 (.text:mmFree)
                  0c05f060    00000100     stk6_ppp_pppoe.ae66 : nimuppp.oe66 (.text:pppAddClient)
                  0c05f160    00000100     ti.omp.utils.C6678.ae66 : OpenMPDnldCore.oe66 (.text:reset_run_core)
                  0c05f260    00000100                             : OpenMPDnldCore.oe66 (.text:siu_ibl_download_core)
                  0c05f360    00000100     ti.omp.utils.ae66 : ThreadLocal.oe66 (.text:ti_omp_utils_ThreadLocal_key_create__E)
                  0c05f460    00000100     ipc.lib : Ipc.obj (.text:ti_sdo_ipc_GateMP_start__F)
                  0c05f560    00000100             : Ipc.obj (.text:ti_sdo_ipc_Notify_Instance_finalize__F)
                  0c05f660    00000100     image_processing_openmp_evmc6678l_pe66.oe66 (.text:ti_sdo_ipc_Notify_Object__create__S)
                  0c05f760    00000100     ipc.lib : Ipc.obj (.text:ti_sdo_ipc_SharedRegion_attach__F)
                  0c05f860    00000100             : Ipc.obj (.text:ti_sdo_ipc_SharedRegion_clearReservedMemory__F)
                  0c05f960    00000100             : Ipc.obj (.text:ti_sdo_ipc_family_c647x_Interrupt_Module_startup__F)
                  0c05fa60    00000100             : Ipc.obj (.text:ti_sdo_ipc_gates_GateHWSem_Module_startup__F)
                  0c05fb60    00000100             : Ipc.obj (.text:ti_sdo_ipc_gates_GateMPSupportNull_enter__E)
                  0c05fc60    00000100             : Ipc.obj (.text:ti_sdo_ipc_gates_GateMPSupportNull_leave__E)
                  0c05fd60    00000100     image_processing_openmp_evmc6678l_pe66.oe66 (.text:ti_sdo_ipc_gates_GatePeterson_Object__create__S)
                  0c05fe60    00000100     image_processing_openmp_evmc6678l_pe66.oe66 (.text:ti_sdo_ipc_nsremote_NameServerRemoteNotify_Object__create__S)
                  0c05ff60    00000100     ipc.lib : Ipc.obj (.text:ti_sdo_ipc_transports_TransportShmNotify_Instance_init__F)
                  0c060060    00000100     image_processing_openmp_evmc6678l_pe66.oe66 (.text:ti_sdo_ipc_transports_TransportShmNotify_Object__create__S)
                  0c060160    00000100     sysbios.lib : BIOS.obj (.text:ti_sysbios_family_c64p_EventCombiner_dispatch__F)
                  0c060260    00000100     image_processing_openmp_evmc6678l_pe66.oe66 (.text:ti_sysbios_family_c64p_Hwi_Object__create__S)
                  0c060360    00000100     sysbios.lib : BIOS.obj (.text:ti_sysbios_gates_GateMutexPri_leave__E)
                  0c060460    00000100                 : BIOS.obj (.text:ti_sysbios_knl_Clock_startI__E)
                  0c060560    00000100     image_processing_openmp_evmc6678l_pe66.oe66 (.text:ti_sysbios_knl_Mailbox_Object__create__S)
                  0c060660    00000100     sysbios.lib : BIOS.obj (.text:ti_sysbios_knl_Mailbox_pend__E)
                  0c060760    00000100                 : BIOS.obj (.text:ti_sysbios_knl_Mailbox_post__E)
                  0c060860    00000100     image_processing_openmp_evmc6678l_pe66.oe66 (.text:ti_sysbios_knl_Swi_Object__create__S)
                  0c060960    00000100     sysbios.lib : BIOS.obj (.text:ti_sysbios_knl_Swi_restoreHwi__E)
                  0c060a60    00000100     image_processing_openmp_evmc6678l_pe66.oe66 (.text:ti_sysbios_knl_Task_Object__create__S)
                  0c060b60    00000100     stk6_ppp_pppoe.ae66 : lliin.oe66 (.text:updateRtTable)
                  0c060c60    00000100     ti.targets.rts6000.ae66 : Core-mem.oe66 (.text:xdc_runtime_Core_deleteObject__I)
                  0c060d60    00000100                             : Startup.oe66 (.text:xdc_runtime_Startup_exec__F)
                  0c060e60    00000100                             : Text.oe66 (.text:xdc_runtime_Text_putMod__F)
                  0c060f60    00000100                             : Text.oe66 (.text:xdc_runtime_Text_visitRope2__I)
                  0c061060    000000e0     stk6_ppp_pppoe.ae66 : bind6.oe66 (.text:Bind6GetLinkLocalAddress)
                  0c061140    000000e0     nettool.ae66 : config.oe66 (.text:CfgGetEntryCnt)
                  0c061220    000000e0                  : dhcpmain.oe66 (.text:DHCPClose)
                  0c061300    000000e0     rts6600_elf_mt.lib : trgdrv.obj (.text:HOSTgetenv)
                  0c0613e0    000000e0                        : trgdrv.obj (.text:HOSTlseek)
                  0c0614c0    000000e0                        : trgdrv.obj (.text:HOSTopen)
                  0c0615a0    000000e0     stk6_ppp_pppoe.ae66 : igmp.oe66 (.text:IGMPLeave)
                  0c061680    000000e0                         : ipv6_frag.oe66 (.text:IPv6FindFragQ)
                  0c061760    000000e0                         : lli6.oe66 (.text:LLI6Msg)
                  0c061840    000000e0                         : lli6.oe66 (.text:LLI6Update)
                  0c061920    000000e0                         : mld.oe66 (.text:MLDFindMulticastNode)
                  0c061a00    000000e0                         : nimu.oe66 (.text:NIMUAllocateIndex)
                  0c061ae0    000000e0                         : nimu.oe66 (.text:NIMUAllocateName)
                  0c061bc0    000000e0                         : node.oe66 (.text:NodeDeRef)
                  0c061ca0    000000e0                         : node.oe66 (.text:NodeNew)
                  0c061d80    000000e0                         : node.oe66 (.text:NodeTreeNew)
                  0c061e60    000000e0                         : pbm.oe66 (.text:PBMQ_enq)
                  0c061f40    000000e0                         : pbm.oe66 (.text:PBM_copy)
                  0c062020    000000e0                         : rawethsock.oe66 (.text:RawEthSockNotify)
                  0c062100    000000e0                         : rawethsock_pcb.oe66 (.text:RawEthSockPcbAttach)
                  0c0621e0    000000e0                         : rawethsock.oe66 (.text:RawEthSockSend)
                  0c0622c0    000000e0                         : route6.oe66 (.text:Route6Msg)
                  0c0623a0    000000e0                         : route.oe66 (.text:RtDeRef)
                  0c062480    000000e0                         : route.oe66 (.text:RtRemove)
                  0c062560    000000e0                         : sb.oe66 (.text:SBSetMax)
                  0c062640    000000e0                         : sock6int.oe66 (.text:Sock6SpawnAbort)
                  0c062720    000000e0                         : sock6int.oe66 (.text:Sock6ValidateRoute)
                  0c062800    000000e0                         : sock.oe66 (.text:SockDisconnect)
                  0c0628e0    000000e0                         : sockint.oe66 (.text:SockSpawnAbort)
                  0c0629c0    000000e0                         : tcp6prot.oe66 (.text:TCP6PrDetach)
                  0c062aa0    000000e0                         : tcp6prot.oe66 (.text:TCP6PrDisconnect)
                  0c062b80    000000e0                         : tcp6prot.oe66 (.text:TCP6ValidateMetrics)
                  0c062c60    000000e0                         : tcpprot.oe66 (.text:TcpPrDetach)
                  0c062d40    000000e0                         : tcpprot.oe66 (.text:TcpPrDisconnect)
                  0c062e20    000000e0                         : tcpprot.oe66 (.text:TcpValidateMetrics)
                  0c062f00    000000e0                         : timer.oe66 (.text:TimerListInsert)
                  0c062fe0    000000e0                         : udp.oe66 (.text:UdpChecksum)
                  0c0630c0    000000e0                         : vlan.oe66 (.text:VLANDeinit)
                  0c0631a0    000000e0                         : vlan.oe66 (.text:VLANReceivePacket)
                  0c063280    000000e0     nettool.ae66 : config.oe66 (.text:_CfgEntryScan)
                  0c063360    000000e0     stk6_ppp_pppoe.ae66 : lli.oe66 (.text:_LLIExpListInsert)
                  0c063440    000000e0                         : rtable.oe66 (.text:_RtExpListInsert)
                  0c063520    000000e0     rts6600_elf_mt.lib : divi.obj (.text:__divi)
                  0c063600    000000e0                        : _printfi.obj (.text:_div)
                  0c0636e0    000000e0                        : atoi.obj (.text:atoi)
                  0c0637c0    000000e0                        : lowlev.obj (.text:close)
                  0c0638a0    000000e0                        : copy_zero_init.obj (.text:decompress:ZI:__TI_zero_init)
                  0c063980    000000e0     os.ae66 : efs.oe66 (.text:efs_internal_remove)
                  0c063a60    000000e0     rts6600_elf_mt.lib : exit.obj (.text:exit)
                  0c063b40    000000e0     stk6_ppp_pppoe.ae66 : file.oe66 (.text:fdint_lockfd)
                  0c063c20    000000e0     nettool.ae66 : httpclie.oe66 (.text:httpGetMimeBits)
                  0c063d00    000000e0     os.ae66 : task.oe66 (.text:llExit)
                  0c063de0    000000e0     rts6600_elf_mt.lib : ltoa.obj (.text:ltoa)
                  0c063ec0    000000e0                        : memset.obj (.text:memset)
                  0c063fa0    000000e0     os.ae66 : mem.oe66 (.text:mmBulkAlloc)
                  0c064080    000000e0     stk6_ppp_pppoe.ae66 : nimuppp.oe66 (.text:pppFree)
                  0c064160    000000e0     rts6600_elf_mt.lib : printf.obj (.text:printf)
                  0c064240    000000e0     image_processing_openmp_evmc6678l_pe66.oe66 (.text:realloc)
                  0c064320    000000e0     ti.omp.utils.ae66 : OpenMP.oe66 (.text:ti_omp_utils_OpenMP_mainTaskExit__F)
                  0c064400    000000e0     image_processing_openmp_evmc6678l_pe66.oe66 (.text:ti_sdo_ipc_GateMP_Object__create__S)
                  0c0644e0    000000e0     ipc.lib : Ipc.obj (.text:ti_sdo_ipc_family_c647x_NotifyCircSetup_attach__E)
                  0c0645c0    000000e0             : Ipc.obj (.text:ti_sdo_ipc_gates_GateHWSem_enter__E)
                  0c0646a0    000000e0     image_processing_openmp_evmc6678l_pe66.oe66 (.text:ti_sdo_ipc_heaps_HeapMemMP_Object__create__S)
                  0c064780    000000e0     ipc.lib : Ipc.obj (.text:ti_sdo_ipc_notifyDrivers_NotifyDriverCirc_disableEvent__E)
                  0c064860    000000e0             : Ipc.obj (.text:ti_sdo_ipc_notifyDrivers_NotifyDriverCirc_enable__E)
                  0c064940    000000e0     sysbios.lib : BIOS.obj (.text:ti_sysbios_family_c64p_Hwi_Instance_finalize__F)
                  0c064a20    000000e0                 : BIOS.obj (.text:ti_sysbios_family_c64p_Hwi_Instance_init__F)
                  0c064b00    000000e0                 : BIOS.obj (.text:ti_sysbios_knl_Clock_start__E)
                  0c064be0    000000e0                 : BIOS.obj (.text:ti_sysbios_knl_Mailbox_Instance_finalize__F)
                  0c064cc0    000000e0                 : BIOS.obj (.text:ti_sysbios_timers_timer64_Timer_startup__E)
                  0c064da0    000000e0     ti.targets.rts6000.ae66 : Error.oe66 (.text:xdc_runtime_Error_print__F)
                  0c064e80    000000e0                             : Memory.oe66 (.text:xdc_runtime_Memory_alloc__F)
                  0c064f60    000000e0     image_processing_openmp_evmc6678l_pe66.oe66 (.text:xdc_runtime_knl_GateThread_Object__create__S)
                  0c065040    000000c0     rts6600_elf_mt.lib : trgdrv.obj (.text:HOSTread)
                  0c065100    000000c0                        : trgdrv.obj (.text:HOSTwrite)
                  0c0651c0    000000c0     ipc.lib : Ipc.obj (.text:HeapMemMP_create)
                  0c065280    000000c0     stk6_ppp_pppoe.ae66 : icmpv6in.oe66 (.text:ICMPv6RecvDstUnreachable)
                  0c065340    000000c0                         : icmpv6in.oe66 (.text:ICMPv6SocketErrorInterface)
                  0c065400    000000c0                         : ipv6.oe66 (.text:IPv6Layer4ComputeChecksum)
                  0c0654c0    000000c0                         : lli.oe66 (.text:LLIGetValidTime)
                  0c065580    000000c0                         : lli.oe66 (.text:LLIMsg)
                  0c065640    000000c0                         : mld.oe66 (.text:MLDCreateMulticastNode)
                  0c065700    000000c0                         : mld.oe66 (.text:MLDLeaveGroup)
                  0c0657c0    000000c0                         : nimu.oe66 (.text:NIMUFindByName)
                  0c065880    000000c0     netctrl.ae66 : netsrv.oe66 (.text:NS_BootTask)
                  0c065940    000000c0     stk6_ppp_pppoe.ae66 : node.oe66 (.text:NodeUpdatePL)
                  0c065a00    000000c0     nettool.ae66 : ipaddr.oe66 (.text:NtIfIdx2Ip)
                  0c065ac0    000000c0     ti.drv.qmss.ae66 : qmss_drv.oe66 (.text:Qmss_setEoiVector)
                  0c065b80    000000c0     stk6_ppp_pppoe.ae66 : route6.oe66 (.text:Rt6FindDefaultRouter)
                  0c065c40    000000c0                         : rtable.oe66 (.text:RtWalkBegin)
                  0c065d00    000000c0                         : sb6.oe66 (.text:SB6Flush)
                  0c065dc0    000000c0                         : sb6.oe66 (.text:SB6SetMax)
                  0c065e80    000000c0                         : sb.oe66 (.text:SBFlush)
                  0c065f40    000000c0     ipc.lib : Ipc.obj (.text:SharedRegion_getId)
                  0c066000    000000c0     stk6_ppp_pppoe.ae66 : sock6.oe66 (.text:Sock6IntAbort)
                  0c0660c0    000000c0                         : sock6pcb.oe66 (.text:Sock6PcbResolveChain)
                  0c066180    000000c0                         : sock6pcb.oe66 (.text:Sock6PcbRtChange)
                  0c066240    000000c0                         : sock.oe66 (.text:SockIntAbort)
                  0c066300    000000c0                         : sockpcb.oe66 (.text:SockPcbRtChange)
                  0c0663c0    000000c0                         : tcp6prot.oe66 (.text:TCP6Close)
                  0c066480    000000c0                         : tcp6time.oe66 (.text:TCP6TimeoutSackRexmt)
                  0c066540    000000c0     os.ae66 : task.oe66 (.text:TaskGetEnv)
                  0c066600    000000c0     stk6_ppp_pppoe.ae66 : tcp.oe66 (.text:TcpChecksum)
                  0c0666c0    000000c0                         : tcpprot.oe66 (.text:TcpClose)
                  0c066780    000000c0                         : tcptime.oe66 (.text:TcpTimeoutSackRexmt)
                  0c066840    000000c0                         : bind6.oe66 (.text:_Bind6FindByHostInList)
                  0c066900    000000c0                         : bind6.oe66 (.text:_Bind6FindByNetInList)
                  0c0669c0    000000c0     rts6600_elf_mt.lib : dtor_list.obj (.text:__cxa_finalize)
                  0c066a80    000000c0                        : divu.obj (.text:__divu)
                  0c066b40    000000c0                        : remi.obj (.text:__remi)
                  0c066c00    000000c0                        : fflush.obj (.text:_doflush)
                  0c066cc0    000000c0     ti.drv.cppi.ae66 : cppi_listlib.oe66 (.text:cppi_list_remove_node)
                  0c066d80    000000c0     nettool.ae66 : dhcptags.oe66 (.text:dhcpOptionsClear)
                  0c066e40    000000c0     os.ae66 : efs.oe66 (.text:efs_fopen)
                  0c066f00    000000c0     ti.omp.ae66 : work.oe66 (.text:gomp_init_work_share)
                  0c066fc0    000000c0                 : alloc.oe66 (.text:gomp_realloc)
                  0c067080    000000c0     ti.omp.config.sysbios.ae66 : bar.oe66 (.text:gomp_team_barrier_wake)
                  0c067140    000000c0     nettool.ae66 : httpsend.oe66 (.text:httpSendFullResponse)
                  0c067200    000000c0     os.ae66 : mem.oe66 (.text:mmZeroInit)
                  0c0672c0    000000c0     rts6600_elf_mt.lib : _mutex.obj (.text:mutex_init)
                  0c067380    000000c0     imglib.ae66 : IMG_thr_le2min_8.obj (.text:optimized)
                  0c067440    000000c0     stk6_ppp_pppoe.ae66 : nimuppp.oe66 (.text:pppAddIP)
                  0c067500    000000c0     rts6600_elf_mt.lib : _pthread.obj (.text:pthread_mutex_lock)
                  0c0675c0    000000c0                        : _pthread.obj (.text:pthread_mutex_unlock)
                  0c067680    000000c0                        : _pthread.obj (.text:pthread_once)
                  0c067740    000000c0     ti.omp.navigator.ae66 : Navigator.oe66 (.text:queue_pop_elem_wait)
                  0c067800    000000c0     image_processing_openmp_evmc6678l_pe66.oe66 (.text:ti_ndk_config_Global_stackThread)
                  0c0678c0    000000c0     ti.omp.utils.ae66 : ThreadLocal.oe66 (.text:ti_omp_utils_ThreadLocal_exitFxn__F)
                  0c067980    000000c0     ipc.lib : Ipc.obj (.text:ti_sdo_ipc_GateMP_getRegion0ReservedSize__F)
                  0c067a40    000000c0             : Ipc.obj (.text:ti_sdo_ipc_Notify_execMany__I)
                  0c067b00    000000c0             : Ipc.obj (.text:ti_sdo_ipc_family_c647x_Interrupt_intShmStub__I)
[...]
0c0d4fdc   ti_sdo_ipc_nsremote_NameServerRemoteNotify_notifyEventId__C
0c0d4fe0   ti_sdo_ipc_nsremote_NameServerRemoteNotify_timeout__C
0c0d4fe4   ti_sdo_ipc_transports_TransportShmNotifySetup_priority__C
0c0d4fe8   ti_sdo_utils_INameServerRemote_Interface__BASE__C
0c0d4fec   ti_sdo_utils_MultiProc_A_invalidMultiProcId__C
0c0d4ff0   ti_sdo_utils_MultiProc_Module__diagsEnabled__C
0c0d4ff4   ti_sdo_utils_MultiProc_Module__diagsIncluded__C
0c0d4ff8   ti_sdo_utils_MultiProc_Module__diagsMask__C
0c0d4ffc   ti_sdo_utils_NameServer_A_invArgument__C
0c0d5000   ti_sdo_utils_NameServer_A_invalidLen__C
0c0d5004   ti_sdo_utils_NameServer_E_entryExists__C
0c0d5008   ti_sdo_utils_NameServer_E_maxReached__C
0c0d500c   ti_sdo_utils_NameServer_Instance_State_freeList__O
0c0d5010   ti_sdo_utils_NameServer_Instance_State_nameList__O
0c0d5014   ti_sdo_utils_NameServer_Module__diagsEnabled__C
0c0d5018   ti_sdo_utils_NameServer_Module__diagsIncluded__C
0c0d501c   ti_sdo_utils_NameServer_Module__diagsMask__C
0c0d5020   ti_sdo_utils_NameServer_Object__count__C
0c0d5024   ti_sysbios_BIOS_Module__diagsEnabled__C
0c0d5028   ti_sysbios_BIOS_Module__diagsIncluded__C
0c0d502c   ti_sysbios_BIOS_Module__diagsMask__C
0c0d5030   ti_sysbios_BIOS_installedErrorHook__C
0c0d5034   ti_sysbios_family_c62_TaskSupport_stackAlignment__C
0c0d5038   ti_sysbios_family_c64p_EventCombiner_E_unpluggedEvent__C
0c0d503c   ti_sysbios_family_c64p_Exception_E_exceptionMin__C
0c0d5040   ti_sysbios_family_c64p_Exception_exceptionHook__C
0c0d5044   ti_sysbios_family_c64p_Exception_externalHook__C
0c0d5048   ti_sysbios_family_c64p_Exception_internalHook__C
0c0d504c   ti_sysbios_family_c64p_Exception_nmiHook__C
0c0d5050   ti_sysbios_family_c64p_Hwi_E_alreadyDefined__C
0c0d5054   ti_sysbios_family_c64p_Hwi_E_handleNotFound__C
0c0d5058   ti_sysbios_family_c64p_Hwi_LD_end__C
0c0d505c   ti_sysbios_family_c64p_Hwi_LM_begin__C
0c0d5060   ti_sysbios_family_c64p_Hwi_Module__diagsEnabled__C
0c0d5064   ti_sysbios_family_c64p_Hwi_Module__diagsIncluded__C
0c0d5068   ti_sysbios_family_c64p_Hwi_Module__diagsMask__C
0c0d506c   ti_sysbios_family_c64p_Hwi_Module__loggerFxn1__C
0c0d5070   ti_sysbios_family_c64p_Hwi_Module__loggerFxn8__C
0c0d5074   ti_sysbios_family_c64p_Hwi_Module__loggerObj__C
0c0d5078   ti_sysbios_family_c66_Cache_atomicBlockSize__C
0c0d507c   ti_sysbios_gates_GateMutexPri_A_badContext__C
0c0d5080   ti_sysbios_gates_GateMutexPri_Instance_State_pendQ__O
0c0d5084   ti_sysbios_gates_GateMutexPri_Module__diagsEnabled__C
0c0d5088   ti_sysbios_gates_GateMutexPri_Module__diagsIncluded__C
0c0d508c   ti_sysbios_gates_GateMutexPri_Module__diagsMask__C
0c0d5090   ti_sysbios_gates_GateMutex_A_badContext__C
0c0d5094   ti_sysbios_gates_GateMutex_Instance_State_sem__O
0c0d5098   ti_sysbios_gates_GateMutex_Module__diagsEnabled__C
0c0d509c   ti_sysbios_gates_GateMutex_Module__diagsIncluded__C
0c0d50a0   ti_sysbios_gates_GateMutex_Module__diagsMask__C
0c0d50a4   ti_sysbios_gates_GateSwi_A_badContext__C
0c0d50a8   ti_sysbios_gates_GateSwi_Module__diagsEnabled__C
0c0d50ac   ti_sysbios_gates_GateSwi_Module__diagsIncluded__C
0c0d50b0   ti_sysbios_gates_GateSwi_Module__diagsMask__C
0c0d50b4   ti_sysbios_hal_Hwi_E_stackOverflow__C
0c0d50b8   ti_sysbios_heaps_HeapBuf_Instance_State_freeList__O
0c0d50bc   ti_sysbios_heaps_HeapBuf_Object__count__C
0c0d50c0   ti_sysbios_heaps_HeapBuf_numConstructedHeaps__C
0c0d50c4   ti_sysbios_heaps_HeapMem_A_align__C
0c0d50c8   ti_sysbios_heaps_HeapMem_A_heapSize__C
0c0d50cc   ti_sysbios_heaps_HeapMem_A_invalidFree__C
0c0d50d0   ti_sysbios_heaps_HeapMem_A_zeroBlock__C
0c0d50d4   ti_sysbios_heaps_HeapMem_E_memory__C
0c0d50d8   ti_sysbios_heaps_HeapMem_Module__diagsEnabled__C
0c0d50dc   ti_sysbios_heaps_HeapMem_Module__diagsIncluded__C
0c0d50e0   ti_sysbios_heaps_HeapMem_Module__diagsMask__C
0c0d50e4   ti_sysbios_heaps_HeapMem_Module__gateObj__C
0c0d50e8   ti_sysbios_heaps_HeapMem_Object__count__C
0c0d50ec   ti_sysbios_heaps_HeapMem_reqAlignMask__C
0c0d50f0   ti_sysbios_heaps_HeapMem_reqAlign__C
0c0d50f4   ti_sysbios_knl_Clock_A_badThreadType__C
0c0d50f8   ti_sysbios_knl_Clock_LM_begin__C
0c0d50fc   ti_sysbios_knl_Clock_LM_tick__C
0c0d5100   ti_sysbios_knl_Clock_LW_delayed__C
0c0d5104   ti_sysbios_knl_Clock_Module_State_clockQ__O
0c0d5108   ti_sysbios_knl_Clock_Module__diagsEnabled__C
0c0d510c   ti_sysbios_knl_Clock_Module__diagsIncluded__C
0c0d5110   ti_sysbios_knl_Clock_Module__diagsMask__C
0c0d5114   ti_sysbios_knl_Clock_Module__loggerFxn1__C
0c0d5118   ti_sysbios_knl_Clock_Module__loggerFxn2__C
0c0d511c   ti_sysbios_knl_Clock_Module__loggerObj__C
0c0d5120   ti_sysbios_knl_Clock_tickMode__C
0c0d5124   ti_sysbios_knl_Clock_tickSource__C
0c0d5128   ti_sysbios_knl_Mailbox_A_invalidBufSize__C
0c0d512c   ti_sysbios_knl_Mailbox_Instance_State_dataQue__O
0c0d5130   ti_sysbios_knl_Mailbox_Instance_State_dataSem__O
0c0d5134   ti_sysbios_knl_Mailbox_Instance_State_freeQue__O
0c0d5138   ti_sysbios_knl_Mailbox_Instance_State_freeSem__O
0c0d513c   ti_sysbios_knl_Mailbox_Module__diagsEnabled__C
0c0d5140   ti_sysbios_knl_Mailbox_Module__diagsIncluded__C
0c0d5144   ti_sysbios_knl_Mailbox_Module__diagsMask__C
0c0d5148   ti_sysbios_knl_Mailbox_Object__count__C
0c0d514c   ti_sysbios_knl_Semaphore_A_badContext__C
0c0d5150   ti_sysbios_knl_Semaphore_A_noEvents__C
0c0d5154   ti_sysbios_knl_Semaphore_A_overflow__C
0c0d5158   ti_sysbios_knl_Semaphore_Instance_State_pendQ__O
0c0d515c   ti_sysbios_knl_Semaphore_LM_pend__C
0c0d5160   ti_sysbios_knl_Semaphore_LM_post__C
0c0d5164   ti_sysbios_knl_Semaphore_Module__diagsEnabled__C
0c0d5168   ti_sysbios_knl_Semaphore_Module__diagsIncluded__C
0c0d516c   ti_sysbios_knl_Semaphore_Module__diagsMask__C
0c0d5170   ti_sysbios_knl_Semaphore_Module__loggerFxn2__C
0c0d5174   ti_sysbios_knl_Semaphore_Module__loggerFxn4__C
0c0d5178   ti_sysbios_knl_Semaphore_Module__loggerObj__C
0c0d517c   ti_sysbios_knl_Swi_A_badPriority__C
0c0d5180   ti_sysbios_knl_Swi_LD_end__C
0c0d5184   ti_sysbios_knl_Swi_LM_begin__C
0c0d5188   ti_sysbios_knl_Swi_LM_post__C
0c0d518c   ti_sysbios_knl_Swi_Module__diagsEnabled__C
0c0d5190   ti_sysbios_knl_Swi_Module__diagsIncluded__C
0c0d5194   ti_sysbios_knl_Swi_Module__diagsMask__C
0c0d5198   ti_sysbios_knl_Swi_Module__loggerFxn1__C
0c0d519c   ti_sysbios_knl_Swi_Module__loggerFxn4__C
0c0d51a0   ti_sysbios_knl_Swi_Module__loggerObj__C
0c0d51a4   ti_sysbios_knl_Swi_Object__count__C
0c0d51a8   ti_sysbios_knl_Task_A_badPriority__C
0c0d51ac   ti_sysbios_knl_Task_A_badTaskState__C
0c0d51b0   ti_sysbios_knl_Task_A_badThreadType__C
0c0d51b4   ti_sysbios_knl_Task_A_badTimeout__C
0c0d51b8   ti_sysbios_knl_Task_A_noPendElem__C
0c0d51bc   ti_sysbios_knl_Task_E_spOutOfBounds__C
0c0d51c0   ti_sysbios_knl_Task_E_stackOverflow__C
0c0d51c4   ti_sysbios_knl_Task_LD_block__C
0c0d51c8   ti_sysbios_knl_Task_LD_exit__C
0c0d51cc   ti_sysbios_knl_Task_LD_ready__C
0c0d51d0   ti_sysbios_knl_Task_LM_setPri__C
0c0d51d4   ti_sysbios_knl_Task_LM_sleep__C
0c0d51d8   ti_sysbios_knl_Task_LM_switch__C
0c0d51dc   ti_sysbios_knl_Task_LM_yield__C
0c0d51e0   ti_sysbios_knl_Task_Module_State_inactiveQ__O
0c0d51e4   ti_sysbios_knl_Task_Module_State_terminatedQ__O
0c0d51e8   ti_sysbios_knl_Task_Module__diagsEnabled__C
0c0d51ec   ti_sysbios_knl_Task_Module__diagsIncluded__C
0c0d51f0   ti_sysbios_knl_Task_Module__diagsMask__C
0c0d51f4   ti_sysbios_knl_Task_Module__loggerFxn2__C
0c0d51f8   ti_sysbios_knl_Task_Module__loggerFxn4__C
0c0d51fc   ti_sysbios_knl_Task_Module__loggerObj__C
0c0d5200   ti_sysbios_knl_Task_Object__count__C
0c0d5204   ti_sysbios_knl_Task_Object__heap__C
0c0d5208   ti_sysbios_knl_Task_allBlockedFunc__C
0c0d520c   ti_sysbios_knl_Task_defaultStackHeap__C
0c0d5210   ti_sysbios_knl_Task_defaultStackSize__C
0c0d5214   ti_sysbios_knl_Task_numConstructedTasks__C
0c0d5218   ti_sysbios_knl_Task_numPriorities__C
0c0d521c   ti_sysbios_timers_timer64_Timer_A_notAvailable__C
0c0d5220   ti_sysbios_timers_timer64_Timer_E_cannotSupport__C
0c0d5224   ti_sysbios_timers_timer64_Timer_Module__diagsEnabled__C
0c0d5228   ti_sysbios_timers_timer64_Timer_Module__diagsIncluded__C
0c0d522c   ti_sysbios_timers_timer64_Timer_Module__diagsMask__C
0c0d5230   ti_sysbios_timers_timer64_Timer_anyMask__C
0c0d5234   ti_sysbios_timers_timer64_Timer_freqDivisor__C
0c0d5238   ti_sysbios_timers_timer64_Timer_numLocalTimers__C
0c0d523c   ti_sysbios_timers_timer64_Timer_numTimerDevices__C
0c0d5240   ti_sysbios_xdcruntime_GateThreadSupport_Instance_State_gate__O
0c0d5244   xdc_runtime_Assert_E_assertFailed__C
0c0d5248   xdc_runtime_Core_A_initializedParams__C
0c0d524c   xdc_runtime_Core_Module__diagsEnabled__C
0c0d5250   xdc_runtime_Core_Module__diagsIncluded__C
0c0d5254   xdc_runtime_Core_Module__diagsMask__C
0c0d5258   xdc_runtime_Error_E_generic__C
0c0d525c   xdc_runtime_Error_E_memory__C
0c0d5260   xdc_runtime_Error_Module__diagsEnabled__C
0c0d5264   xdc_runtime_Error_Module__diagsIncluded__C
0c0d5268   xdc_runtime_Error_Module__diagsMask__C
0c0d526c   xdc_runtime_Error_Module__loggerFxn8__C
0c0d5270   xdc_runtime_Error_Module__loggerObj__C
0c0d5274   xdc_runtime_Error_policy__C
0c0d5278   xdc_runtime_Error_raiseHook__C
0c0d527c   xdc_runtime_IGateProvider_Interface__BASE__C
0c0d5280   xdc_runtime_IHeap_Interface__BASE__C
0c0d5284   xdc_runtime_IModule_Interface__BASE__C
0c0d5288   xdc_runtime_Log_L_error__C
0c0d528c   xdc_runtime_Main_Module__diagsEnabled__C
0c0d5290   xdc_runtime_Main_Module__diagsIncluded__C
0c0d5294   xdc_runtime_Main_Module__diagsMask__C
0c0d5298   xdc_runtime_Main_Module__loggerFxn4__C
0c0d529c   xdc_runtime_Main_Module__loggerObj__C
0c0d52a0   xdc_runtime_Memory_defaultHeapInstance__C
0c0d52a4   xdc_runtime_Startup_execImpl__C
0c0d52a8   xdc_runtime_Startup_maxPasses__C
0c0d52ac   xdc_runtime_Startup_sfxnRts__C
0c0d52b0   xdc_runtime_Startup_sfxnTab__C
0c0d52b4   xdc_runtime_SysMin_bufSize__C
0c0d52b8   xdc_runtime_SysMin_outputFunc__C
0c0d52bc   xdc_runtime_System_Module__gateObj__C
0c0d52c0   xdc_runtime_System_extendFxn__C
0c0d52c4   xdc_runtime_System_maxAtexitHandlers__C
0c0d52c8   xdc_runtime_Text_charTab__C
0c0d52cc   xdc_runtime_Text_nameEmpty__C
0c0d52d0   xdc_runtime_Text_nameStatic__C
0c0d52d4   xdc_runtime_Text_nameUnknown__C
0c0d52d8   xdc_runtime_Text_nodeTab__C
0c0d52dc   xdc_runtime_Text_visitRopeFxn__C
0c0d52e4   ti_omp_utils_OpenMP_enableMemoryConsistency__C
0c0d52e8   ti_omp_utils_OpenMP_qmssInit__C
0c0d52ec   ti_omp_utils_SemaphoreMP_Module__id__C
0c0d52f0   ti_omp_utils_ThreadLocal_Module__id__C
0c0d52f4   ti_sdo_ipc_GateMP_Module__id__C
0c0d52f8   ti_sdo_ipc_GateMP_Module__loggerDefined__C
0c0d52fc   ti_sdo_ipc_Ipc_Module__id__C
0c0d5300   ti_sdo_ipc_Ipc_generateSlaveDataForHost__C
0c0d5304   ti_sdo_ipc_MessageQ_Module__id__C
0c0d5308   ti_sdo_ipc_MessageQ_Module__loggerDefined__C
0c0d530c   ti_sdo_ipc_Notify_Module__id__C
0c0d5310   ti_sdo_ipc_Notify_numLines__C
0c0d5314   ti_sdo_ipc_Notify_reservedEvents__C
0c0d5318   ti_sdo_ipc_SharedRegion_Module__id__C
0c0d531c   ti_sdo_ipc_SharedRegion_numEntries__C
0c0d5320   ti_sdo_ipc_SharedRegion_translate__C
0c0d5324   ti_sdo_ipc_family_c647x_Interrupt_enableKick__C
0c0d5328   ti_sdo_ipc_gates_GateHWSem_Module__id__C
0c0d532c   ti_sdo_ipc_gates_GateMPSupportNull_Module__id__C
0c0d5330   ti_sdo_ipc_gates_GatePeterson_Module__id__C
0c0d5334   ti_sdo_ipc_heaps_HeapMemMP_Module__id__C
0c0d5338   ti_sdo_ipc_notifyDrivers_NotifyDriverCirc_Module__id__C
0c0d533c   ti_sdo_ipc_notifyDrivers_NotifyDriverCirc_enableStats__C
0c0d5340   ti_sdo_ipc_nsremote_NameServerRemoteNotify_Module__id__C
0c0d5344   ti_sdo_ipc_transports_TransportShmNotify_alwaysWriteBackMsg__C
0c0d5348   ti_sdo_ipc_transports_TransportShmNotify_notifyEventId__C
0c0d534c   ti_sdo_utils_MultiProc_Module__id__C
0c0d5350   ti_sdo_utils_MultiProc_numProcessors__C
0c0d5354   ti_sdo_utils_MultiProc_numProcsInCluster__C
0c0d5358   ti_sdo_utils_NameServer_Module__id__C
0c0d535c   ti_sysbios_BIOS_Module__id__C
0c0d5360   ti_sysbios_family_c64p_EventCombiner_Module__id__C
0c0d5364   ti_sysbios_family_c64p_Exception_Module__id__C
0c0d5368   ti_sysbios_family_c64p_Hwi_Module__id__C
0c0d536c   ti_sysbios_family_c64p_Hwi_Module__loggerDefined__C
0c0d5370   ti_sysbios_gates_GateMutexPri_Module__id__C
0c0d5374   ti_sysbios_gates_GateMutex_Module__id__C
0c0d5378   ti_sysbios_gates_GateSwi_Module__id__C
0c0d537c   ti_sysbios_hal_Hwi_Module__id__C
0c0d5380   ti_sysbios_heaps_HeapMem_Module__id__C
0c0d5384   ti_sysbios_knl_Clock_Module__id__C
0c0d5388   ti_sysbios_knl_Clock_Module__loggerDefined__C
0c0d538c   ti_sysbios_knl_Mailbox_Module__id__C
0c0d5390   ti_sysbios_knl_Semaphore_Module__id__C
0c0d5394   ti_sysbios_knl_Semaphore_Module__loggerDefined__C
0c0d5398   ti_sysbios_knl_Swi_Module__id__C
0c0d539c   ti_sysbios_knl_Swi_Module__loggerDefined__C
0c0d53a0   ti_sysbios_knl_Task_Module__id__C
0c0d53a4   ti_sysbios_knl_Task_Module__loggerDefined__C
0c0d53a8   ti_sysbios_knl_Task_deleteTerminatedTasks__C
0c0d53ac   ti_sysbios_knl_Task_initStackFlag__C
0c0d53b0   ti_sysbios_timers_timer64_Timer_Module__id__C
0c0d53b4   ti_sysbios_timers_timer64_Timer_startupNeeded__C
0c0d53b8   xdc_runtime_Core_Module__id__C
0c0d53bc   xdc_runtime_Error_Module__loggerDefined__C
0c0d53c0   xdc_runtime_Error_maxDepth__C
0c0d53c4   xdc_runtime_Main_Module__id__C
0c0d53c8   xdc_runtime_Main_Module__loggerDefined__C
0c0d53cc   xdc_runtime_Memory_Module__id__C
0c0d53d0   xdc_runtime_SysMin_flushAtExit__C
0c0d53d4   xdc_runtime_Text_charCnt__C
0c0d53d8   xdc_runtime_Text_isLoaded__C
0c0d53dc   xdc_runtime_Text_registryModsLastId__C
0c0d53e0   xdc_runtime_Text_unnamedModsLastId__C
0c0d5400   gHostDesc
0c0d9400   gPAInst
0c0d9500   gMemL2Ram
0c0d98e8   gMemL3Ram
0c0da8e0   gDeviceNandBBlist
0c0dbb0c   gDeviceNand
0c0dbb44   gDeviceNor
0c0dbb7c   gDeviceEeprom0
0c0dbbb4   gDeviceEeprom1
0c0dbbf0   emac_port_mode
0c0dcc00   ti_sysbios_family_c64p_Hwi0
0c0dcc20   ti_sysbios_family_c64p_Hwi1
0c0dcc40   ti_sysbios_family_c64p_Hwi2
0c0dcc60   ti_sysbios_family_c64p_Hwi3
0c0dcc80   ti_sysbios_family_c64p_Hwi4
0c0dcca0   ti_sysbios_family_c64p_Hwi5
0c0dccc0   ti_sysbios_family_c64p_Hwi6
0c0dcce0   ti_sysbios_family_c64p_Hwi7
0c0dcd00   ti_sysbios_family_c64p_Hwi8
0c0dcd20   ti_sysbios_family_c64p_Hwi9
0c0dcd40   ti_sysbios_family_c64p_Hwi10
0c0dcd60   ti_sysbios_family_c64p_Hwi11
0c0dcd80   ti_sysbios_family_c64p_Hwi12
0c0dcda0   ti_sysbios_family_c64p_Hwi13
0c0dcdc0   ti_sysbios_family_c64p_Hwi14
0c0dcde0   ti_sysbios_family_c64p_Hwi15
0c0dd040   ti_ndk_config_Global_Id2Size
0c0dd05c   __TI_table_binit
0c0dd05c   __binit__
0c0dd05c   binit
0c0dd080   gPaTxQHnd
0c0dd0a4   gTxReturnQHnd
0c0dd0a8   gTxFreeQHnd
0c0dd0ac   gRxFreeQHnd
0c0dd0b0   gRxQHnd
0c0dd0b4   gPaCfgCmdRespQHnd
0c0dd0b8   gRxFlowHnd
0c0dd0c0   gPaL2Handles
0c0dd0e8   gPaL3Handles
0c0dd138   gPaL4Handles
0c0dd280   gHiPriAccumList
0c0dd380   gAccChannelNum
0c0dd384   gTxPort
0c0dd388   gTxCounter
0c0dd38c   gRxCounter
0c0dd390   gTxDropCounter
0c0dd394   gRxDropCounter
0c0dd400   cppiObject
0c0dd600   gGlobalFreeQHnd
0c0dd608   gPassCpdmaTxChanHnd
0c0dd630   gPassCpdmaRxChanHnd
0c0dd690   gPassCpdmaHnd
0c0dd694   gPAInstHnd
0c0dd698   gQPopErrorCounter
0c0dd69c   gQPushErrorCounter
0c0dd800   _c_int00
0c0e1ecc   __TI_Handler_Table_Base
0c0e1ed8   __TI_Handler_Table_Limit
0c0e1f58   __TI_CINIT_Base
0c0e2000   __TI_CINIT_Limit
80000000   ti_sysbios_heaps_HeapMem_Instance_State_0_buf__A
880f4240   POST_names
880fa640   POST_values
88100a40   INDEXHTML
88101528   DSPCHIPGIF
88103860   TI_LOGOGIF
a0230000   linkingRAM0
a0240000   eventDesc
a0242000   cpdmaCfg
a0242018   qmssInitConfig
a0242044   memInfo
a024205c   descCfg
a024208c   cppiHnd
a0242090   completionQueHnd
a0242094   eventQueHnd
a0242098   EventFreeDescHnd
a024209c   releaseHnd
a02420a0   isQMSSInitialized
a02420a4   release
a02420a8   runCount
a02420b0   gI2cBlock
a02420f4   PBMQ_free
a0242100   queueFree
a0244100   qmssGObj
a0244500   ti_ndk_config_Global_pit
a02446c0   ti_ndk_config_Global_pitBuffer
a0251778   qmssLObj
a0251898   raweth_pcb
a0251a88   IPV6_LINKLOCALMASK
a0251a98   IPV6_MULTICASTMASK
a0251aa8   IPV6_UNSPECIFIED_ADDRESS
a0251ab8   IPV6_LOOPBACK_ADDRESS
a0251ac8   IPV6_HOST_MASK
a0251ad8   IPV6_ALL_NODES_ADDRESS
a0251ae8   IPV6_ALL_ROUTER_ADDRESS
a0251af8   ipv6mcb
a0251b50   tcps
a0251c08   tpseudo
a0251c14   tcp6_stats
a0251cd0   _ICMPIn
a0251d20   _ICMPOut
a0251d70   BlockMax
a0251d90   BlockCount
a0251db0   PageMax
a0251dd0   PageCount
a0251dec   ips
a0251e54   nimu_mcb
a0251eb8   udps
a0251edc   upseudo
a0251ee8   nimuGlobalConfigParams
a0251ef8   coreKey
a0251f18   vlan_mcb
a0251f40   udp6_stats
a0251f68   gCppiCfg
a0251f88   icmp6stats
a0251fb4   stkEvent
a0251fc4   raws
a0251fd4   raw6_stats
a0251fe4   raweths
a0251ff8   SemaphoreMP_pendElemKey
a0251ffc   ThreadLocal_usedKeys
a0252000   CONTENT_TYPE_APPLET
a0252000   __TI_STATIC_BASE
a0252004   CONTENT_TYPE_AU
a0252008   CONTENT_TYPE_CSS
a025200c   CONTENT_TYPE_DOC
a0252010   CONTENT_TYPE_GIF
a0252014   CONTENT_TYPE_HTML
a0252018   CONTENT_TYPE_JPG
a025201c   CONTENT_TYPE_MPEG
a0252020   CONTENT_TYPE_PDF
a0252024   CONTENT_TYPE_WAV
a0252028   CONTENT_TYPE_ZIP
a025202c   CONTENT_TYPE
a0252030   CONTENT_LENGTH
a0252034   CRLF
a0252038   DEFAULT_NAME
a025203c   HTTP_VER
a0252040   SPACE
a0252044   master_mbox_receive
a0252048   master_mbox_send
a025204c   LocalIPAddr
a0252050   PCStaticIP
a0252054   EVMStaticIP
a0252058   LocalIPMask
a025205c   GatewayIP
a0252060   DomainName
a0252064   DNSServer
a025206c   PITCount
a0252070   PITUsed
a0252074   PITHigh
a0252114   _IGMPForceVersion1
a0252128   DebugLogSize
a025212c   DebugCritError
a0252138   _ICMPInErrors
a025213c   _ICMPOutErrors
a0252140   _IPExecuting
a0252150   gFragQList
a0252170   tcp_iss
a0252174   ptTimeFirst
a0252178   pt6TimeFirst
a025217c   tcp6_iss
a0252188   platform_errno
a025218c   platform_init_return_code
a025219c   httpErrorResponseHook
a02521a8   _IPReasmPtr
a02521b0   gMLDNodeList
a02521c8   qmssLObjIsValid
a02521d0   omp_qmssGblCfgParams
a02522f0   qmssGblCfgParams
a025251c   cppiLObj
a0252628   HostName
a0252728   _ipcfg
a02527dc   paLObj
a02527e0   ServiceStatus
a0252858   cppiGblCfgParams
a0252988   NIMUDeviceTable
a0252c28   Qmss_cdmaEoiVector
a0252cd0   _oscfg
a0252d20   Qmss_highEoiVector
a0252d40   pstrMsgName
a0252d80   ReportStr
a0252d98   StatusStr
a0252de8   Qmss_lowEoiVector
a0253028   gomp_thread_attr
a0253060   gomp_thread_destructor
a0253064   gomp_main_exit
a0253068   gomp_tls_key
a0253070   ThreadLocal_destructors
a02530b0   gomp_global_icv
a02530c0   gomp_max_active_levels_var
a02530c4   gomp_thread_limit_var
a02530c8   gomp_available_cpus
a02530cc   gomp_managed_threads
a02530d0   gomp_cpu_affinity
a02530d4   gomp_cpu_affinity_len
a02530d8   gomp_remaining_threads_count
a02530dc   gomp_remaining_threads_lock
a02530e0   gomp_spin_count_var
a02530e8   gomp_throttled_spin_count_var
a0253114   _IGMPInDiscard
a0253118   _IGMPInQuery
a025311c   _IGMPInQueryGroup
a0253120   _IGMPInResponse
a0253124   _IGMPOutResponse
a0253130   nPostVars
a0253134   gTxCmdReturnQHnd
a0253138   gTxCmdFreeQHnd
a025313c   ethSemHandle
a0253160   Ipc_sr0MemorySetup
a0253178   IPV6_MAX_MULTICAST_SOLICIT
a025317c   IPV6_MAX_UNICAST_SOLICIT
a0253180   IPV6_RETRANS_TIME
a0253184   IPV6_DELAY_FIRST_PROBE_TIME
a0253188   IPV6_REACHABLE_TIME
a025318c   IPV6_MAX_RTR_SOLICITATION_DELAY
a0253190   IPV6_RTR_SOLICITATION_INTERVAL
a0253194   IPV6_MAX_RTR_SOLICITATIONS
a0253198   INFINITE_LT
a025319c   ti_ndk_config_Global_rawPageSize
a02531a0   ti_ndk_config_Global_rawPageCount
a02531a4   ti_ndk_config_Global_smallest
a02531a8   ti_ndk_config_Global_largest
a02531ac   ti_ndk_config_Global_numFrameBuf
a02531b0   ti_ndk_config_Global_sizeFrameBuf
a02531b4   ddr_heap
ffffffff   __TI_pprof_out_hndl
ffffffff   __TI_prof_data_size
ffffffff   __TI_prof_data_start
ffffffff   __c_args__
UNDEFED    __TI_INITARRAY_Base
UNDEFED    __TI_INITARRAY_Limit
UNDEFED    __TI_TLS_BLOCK_SIZE
UNDEFED    __TI_TLS_INIT_Base
UNDEFED    __TI_TLS_INIT_Limit

[2445 symbols]
